Component: ARM Compiler 5.06 update 3 (build 300) Tool: armlink [4d35c9]

==============================================================================

Section Cross References

    startup_stm32f103xb.o(RESET) refers to startup_stm32f103xb.o(STACK) for __initial_sp
    startup_stm32f103xb.o(RESET) refers to startup_stm32f103xb.o(.text) for Reset_Handler
    startup_stm32f103xb.o(RESET) refers to stm32f1xx_it.o(i.NMI_Handler) for NMI_Handler
    startup_stm32f103xb.o(RESET) refers to stm32f1xx_it.o(i.HardFault_Handler) for HardFault_Handler
    startup_stm32f103xb.o(RESET) refers to stm32f1xx_it.o(i.MemManage_Handler) for MemManage_Handler
    startup_stm32f103xb.o(RESET) refers to stm32f1xx_it.o(i.BusFault_Handler) for BusFault_Handler
    startup_stm32f103xb.o(RESET) refers to stm32f1xx_it.o(i.UsageFault_Handler) for UsageFault_Handler
    startup_stm32f103xb.o(RESET) refers to stm32f1xx_it.o(i.SVC_Handler) for SVC_Handler
    startup_stm32f103xb.o(RESET) refers to stm32f1xx_it.o(i.DebugMon_Handler) for DebugMon_Handler
    startup_stm32f103xb.o(RESET) refers to stm32f1xx_it.o(i.PendSV_Handler) for PendSV_Handler
    startup_stm32f103xb.o(RESET) refers to stm32f1xx_it.o(i.SysTick_Handler) for SysTick_Handler
    startup_stm32f103xb.o(RESET) refers to stm32f1xx_it.o(i.TIM2_IRQHandler) for TIM2_IRQHandler
    startup_stm32f103xb.o(.text) refers to system_stm32f1xx.o(i.SystemInit) for SystemInit
    startup_stm32f103xb.o(.text) refers to entry.o(.ARM.Collect$$$$00000000) for __main
    main.o(i.SystemClock_Config) refers to memseta.o(.text) for __aeabi_memclr4
    main.o(i.SystemClock_Config) refers to stm32f1xx_hal_rcc.o(i.HAL_RCC_OscConfig) for HAL_RCC_OscConfig
    main.o(i.SystemClock_Config) refers to main.o(i.Error_Handler) for Error_Handler
    main.o(i.SystemClock_Config) refers to stm32f1xx_hal_rcc.o(i.HAL_RCC_ClockConfig) for HAL_RCC_ClockConfig
    main.o(i.main) refers to stm32f1xx_hal.o(i.HAL_Init) for HAL_Init
    main.o(i.main) refers to main.o(i.SystemClock_Config) for SystemClock_Config
    main.o(i.main) refers to gpio.o(i.MX_GPIO_Init) for MX_GPIO_Init
    main.o(i.main) refers to i2c.o(i.MX_I2C1_Init) for MX_I2C1_Init
    main.o(i.main) refers to usart.o(i.MX_USART1_UART_Init) for MX_USART1_UART_Init
    main.o(i.main) refers to tim.o(i.MX_TIM2_Init) for MX_TIM2_Init
    main.o(i.main) refers to tim.o(i.MX_TIM3_Init) for MX_TIM3_Init
    main.o(i.main) refers to stm32f1xx_hal_tim.o(i.HAL_TIM_Base_Start_IT) for HAL_TIM_Base_Start_IT
    main.o(i.main) refers to control.o(i.fight_init) for fight_init
    main.o(i.main) refers to tim.o(.bss) for htim2
    gpio.o(i.MX_GPIO_Init) refers to stm32f1xx_hal_gpio.o(i.HAL_GPIO_WritePin) for HAL_GPIO_WritePin
    gpio.o(i.MX_GPIO_Init) refers to stm32f1xx_hal_gpio.o(i.HAL_GPIO_Init) for HAL_GPIO_Init
    i2c.o(i.HAL_I2C_MspDeInit) refers to stm32f1xx_hal_gpio.o(i.HAL_GPIO_DeInit) for HAL_GPIO_DeInit
    i2c.o(i.HAL_I2C_MspInit) refers to stm32f1xx_hal_gpio.o(i.HAL_GPIO_Init) for HAL_GPIO_Init
    i2c.o(i.MX_I2C1_Init) refers to stm32f1xx_hal_i2c.o(i.HAL_I2C_Init) for HAL_I2C_Init
    i2c.o(i.MX_I2C1_Init) refers to main.o(i.Error_Handler) for Error_Handler
    i2c.o(i.MX_I2C1_Init) refers to i2c.o(.bss) for hi2c1
    tim.o(i.HAL_TIM_Base_MspDeInit) refers to stm32f1xx_hal_cortex.o(i.HAL_NVIC_DisableIRQ) for HAL_NVIC_DisableIRQ
    tim.o(i.HAL_TIM_Base_MspInit) refers to stm32f1xx_hal_cortex.o(i.HAL_NVIC_SetPriority) for HAL_NVIC_SetPriority
    tim.o(i.HAL_TIM_Base_MspInit) refers to stm32f1xx_hal_cortex.o(i.HAL_NVIC_EnableIRQ) for HAL_NVIC_EnableIRQ
    tim.o(i.HAL_TIM_MspPostInit) refers to stm32f1xx_hal_gpio.o(i.HAL_GPIO_Init) for HAL_GPIO_Init
    tim.o(i.MX_TIM2_Init) refers to stm32f1xx_hal_tim.o(i.HAL_TIM_Base_Init) for HAL_TIM_Base_Init
    tim.o(i.MX_TIM2_Init) refers to main.o(i.Error_Handler) for Error_Handler
    tim.o(i.MX_TIM2_Init) refers to stm32f1xx_hal_tim.o(i.HAL_TIM_ConfigClockSource) for HAL_TIM_ConfigClockSource
    tim.o(i.MX_TIM2_Init) refers to stm32f1xx_hal_tim_ex.o(i.HAL_TIMEx_MasterConfigSynchronization) for HAL_TIMEx_MasterConfigSynchronization
    tim.o(i.MX_TIM2_Init) refers to tim.o(.bss) for htim2
    tim.o(i.MX_TIM3_Init) refers to memseta.o(.text) for __aeabi_memclr4
    tim.o(i.MX_TIM3_Init) refers to stm32f1xx_hal_tim.o(i.HAL_TIM_PWM_Init) for HAL_TIM_PWM_Init
    tim.o(i.MX_TIM3_Init) refers to main.o(i.Error_Handler) for Error_Handler
    tim.o(i.MX_TIM3_Init) refers to stm32f1xx_hal_tim_ex.o(i.HAL_TIMEx_MasterConfigSynchronization) for HAL_TIMEx_MasterConfigSynchronization
    tim.o(i.MX_TIM3_Init) refers to stm32f1xx_hal_tim.o(i.HAL_TIM_PWM_ConfigChannel) for HAL_TIM_PWM_ConfigChannel
    tim.o(i.MX_TIM3_Init) refers to tim.o(i.HAL_TIM_MspPostInit) for HAL_TIM_MspPostInit
    tim.o(i.MX_TIM3_Init) refers to tim.o(.bss) for htim3
    usart.o(i.HAL_UART_MspDeInit) refers to stm32f1xx_hal_gpio.o(i.HAL_GPIO_DeInit) for HAL_GPIO_DeInit
[...]

Image Symbol Table

    Local Symbols

    Symbol Name                              Value     Ov Type        Size  Object(Section)

    ../Drivers/STM32F1xx_HAL_Driver/Src/stm32f1xx_hal.c 0x00000000   Number         0  stm32f1xx_hal.o ABSOLUTE
    ../Drivers/STM32F1xx_HAL_Driver/Src/stm32f1xx_hal_cortex.c 0x00000000   Number         0  stm32f1xx_hal_cortex.o ABSOLUTE
    ../Drivers/STM32F1xx_HAL_Driver/Src/stm32f1xx_hal_dma.c 0x00000000   Number         0  stm32f1xx_hal_dma.o ABSOLUTE
    ../Drivers/STM32F1xx_HAL_Driver/Src/stm32f1xx_hal_exti.c 0x00000000   Number         0  stm32f1xx_hal_exti.o ABSOLUTE
    ../Drivers/STM32F1xx_HAL_Driver/Src/stm32f1xx_hal_flash.c 0x00000000   Number         0  stm32f1xx_hal_flash.o ABSOLUTE
    ../Drivers/STM32F1xx_HAL_Driver/Src/stm32f1xx_hal_flash_ex.c 0x00000000   Number         0  stm32f1xx_hal_flash_ex.o ABSOLUTE
    ../Drivers/STM32F1xx_HAL_Driver/Src/stm32f1xx_hal_gpio.c 0x00000000   Number         0  stm32f1xx_hal_gpio.o ABSOLUTE
    ../Drivers/STM32F1xx_HAL_Driver/Src/stm32f1xx_hal_gpio_ex.c 0x00000000   Number         0  stm32f1xx_hal_gpio_ex.o ABSOLUTE
    ../Drivers/STM32F1xx_HAL_Driver/Src/stm32f1xx_hal_i2c.c 0x00000000   Number         0  stm32f1xx_hal_i2c.o ABSOLUTE
    ../Drivers/STM32F1xx_HAL_Driver/Src/stm32f1xx_hal_pwr.c 0x00000000   Number         0  stm32f1xx_hal_pwr.o ABSOLUTE
    ../Drivers/STM32F1xx_HAL_Driver/Src/stm32f1xx_hal_rcc.c 0x00000000   Number         0  stm32f1xx_hal_rcc.o ABSOLUTE
    ../Drivers/STM32F1xx_HAL_Driver/Src/stm32f1xx_hal_rcc_ex.c 0x00000000   Number         0  stm32f1xx_hal_rcc_ex.o ABSOLUTE
    ../Drivers/STM32F1xx_HAL_Driver/Src/stm32f1xx_hal_tim.c 0x00000000   Number         0  stm32f1xx_hal_tim.o ABSOLUTE
    ../Drivers/STM32F1xx_HAL_Driver/Src/stm32f1xx_hal_tim_ex.c 0x00000000   Number         0  stm32f1xx_hal_tim_ex.o ABSOLUTE
    ../Drivers/STM32F1xx_HAL_Driver/Src/stm32f1xx_hal_uart.c 0x00000000   Number         0  stm32f1xx_hal_uart.o ABSOLUTE
    ../Src/gpio.c                            0x00000000   Number         0  gpio.o ABSOLUTE
    ../Src/i2c.c                             0x00000000   Number         0  i2c.o ABSOLUTE
    ../Src/main.c                            0x00000000   Number         0  main.o ABSOLUTE
    ../Src/stm32f1xx_hal_msp.c               0x00000000   Number         0  stm32f1xx_hal_msp.o ABSOLUTE
    ../Src/stm32f1xx_it.c                    0x00000000   Number         0  stm32f1xx_it.o ABSOLUTE
    ../Src/system_stm32f1xx.c                0x00000000   Number         0  system_stm32f1xx.o ABSOLUTE
    ../Src/tim.c                             0x00000000   Number         0  tim.o ABSOLUTE
    ../Src/usart.c                           0x00000000   Number         0  usart.o ABSOLUTE
    ../clib/microlib/division.c              0x00000000   Number         0  uidiv.o ABSOLUTE
    ../clib/microlib/division.c              0x00000000   Number         0  uldiv.o ABSOLUTE
    ../clib/microlib/errno.c                 0x00000000   Number         0  errno.o ABSOLUTE
    ../clib/microlib/init/entry.s            0x00000000   Number         0  entry.o ABSOLUTE
    ../clib/microlib/init/entry.s            0x00000000   Number         0  entry7a.o ABSOLUTE
    ../clib/microlib/init/entry.s            0x00000000   Number         0  entry7b.o ABSOLUTE
    ../clib/microlib/init/entry.s            0x00000000   Number         0  entry8a.o ABSOLUTE
    ../clib/microlib/init/entry.s            0x00000000   Number         0  entry9a.o ABSOLUTE
    ../clib/microlib/init/entry.s            0x00000000   Number         0  entry9b.o ABSOLUTE
    ../clib/microlib/init/entry.s            0x00000000   Number         0  entry10a.o ABSOLUTE
    ../clib/microlib/init/entry.s            0x00000000   Number         0  entry10b.o ABSOLUTE
    ../clib/microlib/init/entry.s            0x00000000   Number         0  entry11a.o ABSOLUTE
    ../clib/microlib/init/entry.s            0x00000000   Number         0  entry8b.o ABSOLUTE
    ../clib/microlib/init/entry.s            0x00000000   Number         0  entry11b.o ABSOLUTE
    ../clib/microlib/init/entry.s            0x00000000   Number         0  entry2.o ABSOLUTE
    ../clib/microlib/init/entry.s            0x00000000   Number         0  entry5.o ABSOLUTE
    ../clib/microlib/longlong.c              0x00000000   Number         0  llushr.o ABSOLUTE
    ../clib/microlib/longlong.c              0x00000000   Number         0  llsshr.o ABSOLUTE
    ../clib/microlib/longlong.c              0x00000000   Number         0  llshl.o ABSOLUTE
    ../clib/microlib/printf/printf.c         0x00000000   Number         0  printfb.o ABSOLUTE
    ../clib/microlib/printf/printf.c         0x00000000   Number         0  printf0.o ABSOLUTE
    ../clib/microlib/printf/printf.c         0x00000000   Number         0  printf7.o ABSOLUTE
    ../clib/microlib/printf/printf.c         0x00000000   Number         0  printf8.o ABSOLUTE
    ../clib/microlib/printf/printf.c         0x00000000   Number         0  printf1.o ABSOLUTE
    ../clib/microlib/printf/printf.c         0x00000000   Number         0  printf2.o ABSOLUTE
    ../clib/microlib/printf/printf.c         0x00000000   Number         0  printf3.o ABSOLUTE
    ../clib/microlib/printf/printf.c         0x00000000   Number         0  printf4.o ABSOLUTE
    ../clib/microlib/printf/printf.c         0x00000000   Number         0  printf5.o ABSOLUTE
    ../clib/microlib/printf/printf.c         0x00000000   Number         0  printfa.o ABSOLUTE
    ../clib/microlib/printf/printf.c         0x00000000   Number         0  printf6.o ABSOLUTE
    ../clib/microlib/printf/stubs.s          0x00000000   Number         0  stubs.o ABSOLUTE
    ../clib/microlib/string/memcpy.c         0x00000000   Number         0  memcpya.o ABSOLUTE
    ../clib/microlib/string/memcpy.c         0x00000000   Number         0  memcpyb.o ABSOLUTE
    ../clib/microlib/string/memset.c         0x00000000   Number         0  memseta.o ABSOLUTE
    ../clib/microlib/stubs.s                 0x00000000   Number         0  useno.o ABSOLUTE
    ../clib/microlib/stubs.s                 0x00000000   Number         0  iusefp.o ABSOLUTE
    ../fplib/microlib/d2f.c                  0x00000000   Number         0  d2f.o ABSOLUTE
    ../fplib/microlib/f2d.c                  0x00000000   Number         0  f2d.o ABSOLUTE
    ../fplib/microlib/fpadd.c                0x00000000   Number         0  fadd.o ABSOLUTE
    ../fplib/microlib/fpadd.c                0x00000000   Number         0  dadd.o ABSOLUTE
    ../fplib/microlib/fpdiv.c                0x00000000   Number         0  ddiv.o ABSOLUTE
    ../fplib/microlib/fpdiv.c                0x00000000   Number         0  fdiv.o ABSOLUTE
    ../fplib/microlib/fpepilogue.c           0x00000000   Number         0  fepilogue.o ABSOLUTE
    ../fplib/microlib/fpepilogue.c           0x00000000   Number         0  depilogue.o ABSOLUTE
    ../fplib/microlib/fpfix.c                0x00000000   Number         0  dfixul.o ABSOLUTE
    ../fplib/microlib/fpfix.c                0x00000000   Number         0  ffixi.o ABSOLUTE
    ../fplib/microlib/fpflt.c                0x00000000   Number         0  ffltui.o ABSOLUTE
    ../fplib/microlib/fpflt.c                0x00000000   Number         0  fflti.o ABSOLUTE
    ../fplib/microlib/fpmul.c                0x00000000   Number         0  dmul.o ABSOLUTE
    ../fplib/microlib/fpmul.c                0x00000000   Number         0  fmul.o ABSOLUTE
    ../fplib/microlib/fprnd.c                0x00000000   Number         0  frnd.o ABSOLUTE
    ../fplib/microlib/fpscalb.c              0x00000000   Number         0  dscalb.o ABSOLUTE
    ../fplib/microlib/fpscalb.c              0x00000000   Number         0  fscalb.o ABSOLUTE
    ../fplib/microlib/fpsqrt.c               0x00000000   Number         0  dsqrt.o ABSOLUTE
    ../fplib/microlib/fpsqrt.c               0x00000000   Number         0  fsqrt.o ABSOLUTE
    ../mathlib/asinf.c                       0x00000000   Number         0  asinf.o ABSOLUTE
    ../mathlib/asinf.c                       0x00000000   Number         0  asinf_x.o ABSOLUTE
    ../mathlib/atan.c                        0x00000000   Number         0  atan.o ABSOLUTE
    ../mathlib/atan.c                        0x00000000   Number         0  atan_x.o ABSOLUTE
    ../mathlib/atan2.c                       0x00000000   Number         0  atan2.o ABSOLUTE
    ../mathlib/atan2.c                       0x00000000   Number         0  atan2_x.o ABSOLUTE
    ../mathlib/atan2f.c                      0x00000000   Number         0  atan2f.o ABSOLUTE
    ../mathlib/atan2f.c                      0x00000000   Number         0  atan2f_x.o ABSOLUTE
    ../mathlib/cosf.c                        0x00000000   Number         0  cosf.o ABSOLUTE
    ../mathlib/cosf.c                        0x00000000   Number         0  cosf_x.o ABSOLUTE
    ../mathlib/dunder.c                      0x00000000   Number         0  dunder.o ABSOLUTE
    ../mathlib/fpclassify.c                  0x00000000   Number         0  fpclassify.o ABSOLUTE
    ../mathlib/fpclassifyf.c                 0x00000000   Number         0  fpclassifyf.o ABSOLUTE
    ../mathlib/funder.c                      0x00000000   Number         0  funder.o ABSOLUTE
    ../mathlib/poly.c                        0x00000000   Number         0  poly.o ABSOLUTE
    ../mathlib/qnan.c                        0x00000000   Number         0  qnan.o ABSOLUTE
    ../mathlib/rredf.c                       0x00000000   Number         0  rredf.o ABSOLUTE
    ../mathlib/sqrt.c                        0x00000000   Number         0  sqrt_x.o ABSOLUTE
    ../mathlib/sqrt.c                        0x00000000   Number         0  sqrt.o ABSOLUTE
    ../mathlib/sqrtf.c                       0x00000000   Number         0  sqrtf_x.o ABSOLUTE
    ../mathlib/sqrtf.c                       0x00000000   Number         0  sqrtf.o ABSOLUTE
    ../mathlib/tanf.c                        0x00000000   Number         0  tanf.o ABSOLUTE
    ../mathlib/tanf.c                        0x00000000   Number         0  tanf_x.o ABSOLUTE
    ..\Drivers\STM32F1xx_HAL_Driver\Src\stm32f1xx_hal.c 0x00000000   Number         0  stm32f1xx_hal.o ABSOLUTE
    ..\Drivers\STM32F1xx_HAL_Driver\Src\stm32f1xx_hal_cortex.c 0x00000000   Number         0  stm32f1xx_hal_cortex.o ABSOLUTE
    ..\Drivers\STM32F1xx_HAL_Driver\Src\stm32f1xx_hal_dma.c 0x00000000   Number         0  stm32f1xx_hal_dma.o ABSOLUTE
    ..\Drivers\STM32F1xx_HAL_Driver\Src\stm32f1xx_hal_exti.c 0x00000000   Number         0  stm32f1xx_hal_exti.o ABSOLUTE
    ..\Drivers\STM32F1xx_HAL_Driver\Src\stm32f1xx_hal_flash.c 0x00000000   Number         0  stm32f1xx_hal_flash.o ABSOLUTE
    ..\Drivers\STM32F1xx_HAL_Driver\Src\stm32f1xx_hal_flash_ex.c 0x00000000   Number         0  stm32f1xx_hal_flash_ex.o ABSOLUTE
    ..\Drivers\STM32F1xx_HAL_Driver\Src\stm32f1xx_hal_gpio.c 0x00000000   Number         0  stm32f1xx_hal_gpio.o ABSOLUTE
    ..\Drivers\STM32F1xx_HAL_Driver\Src\stm32f1xx_hal_gpio_ex.c 0x00000000   Number         0  stm32f1xx_hal_gpio_ex.o ABSOLUTE
    ..\Drivers\STM32F1xx_HAL_Driver\Src\stm32f1xx_hal_i2c.c 0x00000000   Number         0  stm32f1xx_hal_i2c.o ABSOLUTE
    ..\Drivers\STM32F1xx_HAL_Driver\Src\stm32f1xx_hal_pwr.c 0x00000000   Number         0  stm32f1xx_hal_pwr.o ABSOLUTE
    ..\Drivers\STM32F1xx_HAL_Driver\Src\stm32f1xx_hal_rcc.c 0x00000000   Number         0  stm32f1xx_hal_rcc.o ABSOLUTE
    ..\Drivers\STM32F1xx_HAL_Driver\Src\stm32f1xx_hal_rcc_ex.c 0x00000000   Number         0  stm32f1xx_hal_rcc_ex.o ABSOLUTE
    ..\Drivers\STM32F1xx_HAL_Driver\Src\stm32f1xx_hal_tim.c 0x00000000   Number         0  stm32f1xx_hal_tim.o ABSOLUTE
    ..\Drivers\STM32F1xx_HAL_Driver\Src\stm32f1xx_hal_tim_ex.c 0x00000000   Number         0  stm32f1xx_hal_tim_ex.o ABSOLUTE
    ..\Drivers\STM32F1xx_HAL_Driver\Src\stm32f1xx_hal_uart.c 0x00000000   Number         0  stm32f1xx_hal_uart.o ABSOLUTE
    ..\Flight\algorithm.c                    0x00000000   Number         0  algorithm.o ABSOLUTE
    ..\Flight\control.c                      0x00000000   Number         0  control.o ABSOLUTE
    ..\Flight\imu.c                          0x00000000   Number         0  imu.o ABSOLUTE
    ..\Flight\port.c                         0x00000000   Number         0  port.o ABSOLUTE
    ..\Flight\viewer.c                       0x00000000   Number         0  viewer.o ABSOLUTE
    ..\Src\gpio.c                            0x00000000   Number         0  gpio.o ABSOLUTE
    ..\Src\i2c.c                             0x00000000   Number         0  i2c.o ABSOLUTE
    ..\Src\main.c                            0x00000000   Number         0  main.o ABSOLUTE
    ..\Src\stm32f1xx_hal_msp.c               0x00000000   Number         0  stm32f1xx_hal_msp.o ABSOLUTE
    ..\Src\stm32f1xx_it.c                    0x00000000   Number         0  stm32f1xx_it.o ABSOLUTE
    ..\Src\system_stm32f1xx.c                0x00000000   Number         0  system_stm32f1xx.o ABSOLUTE
    ..\Src\tim.c                             0x00000000   Number         0  tim.o ABSOLUTE
    ..\Src\usart.c                           0x00000000   Number         0  usart.o ABSOLUTE
    ..\\Flight\\algorithm.c                  0x00000000   Number         0  algorithm.o ABSOLUTE
    ..\\Flight\\control.c                    0x00000000   Number         0  control.o ABSOLUTE
    ..\\Flight\\imu.c                        0x00000000   Number         0  imu.o ABSOLUTE
    ..\\Flight\\port.c                       0x00000000   Number         0  port.o ABSOLUTE
    ..\\Flight\\viewer.c                     0x00000000   Number         0  viewer.o ABSOLUTE
    cdcmple.s                                0x00000000   Number         0  cdcmple.o ABSOLUTE
    cdrcmple.s                               0x00000000   Number         0  cdrcmple.o ABSOLUTE
    cfcmple.s                                0x00000000   Number         0  cfcmple.o ABSOLUTE
    dc.s                                     0x00000000   Number         0  dc.o ABSOLUTE
    handlers.s                               0x00000000   Number         0  handlers.o ABSOLUTE
    init.s                                   0x00000000   Number         0  init.o ABSOLUTE
    startup_stm32f103xb.s                    0x00000000   Number         0  startup_stm32f103xb.o ABSOLUTE
    RESET                                    0x08000000   Section      236  startup_stm32f103xb.o(RESET)
    .ARM.Collect$$$$00000000                 0x080000ec   Section        0  entry.o(.ARM.Collect$$$$00000000)
    .ARM.Collect$$$$00000001                 0x080000ec   Section        4  entry2.o(.ARM.Collect$$$$00000001)
    .ARM.Collect$$$$00000004                 0x080000f0   Section        4  entry5.o(.ARM.Collect$$$$00000004)
    .ARM.Collect$$$$00000008                 0x080000f4   Section        0  entry7b.o(.ARM.Collect$$$$00000008)
    .ARM.Collect$$$$0000000A                 0x080000f4   Section        0  entry8b.o(.ARM.Collect$$$$0000000A)
    .ARM.Collect$$$$0000000B                 0x080000f4   Section        8  entry9a.o(.ARM.Collect$$$$0000000B)
    .ARM.Collect$$$$0000000D                 0x080000fc   Section        0  entry10a.o(.ARM.Collect$$$$0000000D)
    .ARM.Collect$$$$0000000F                 0x080000fc   Section        0  entry11a.o(.ARM.Collect$$$$0000000F)
    .ARM.Collect$$$$00002712                 0x080000fc   Section        4  entry2.o(.ARM.Collect$$$$00002712)
    __lit__00000000                          0x080000fc   Data           4  entry2.o(.ARM.Collect$$$$00002712)
    .text                                    0x08000100   Section       36  startup_stm32f103xb.o(.text)
    .text                                    0x08000124   Section        0  llushr.o(.text)
    .text                                    0x08000144   Section        0  memcpya.o(.text)
    .text                                    0x08000168   Section        0  memseta.o(.text)
    .text                                    0x0800018c   Section        0  fadd.o(.text)
    .text                                    0x0800023c   Section        0  fmul.o(.text)
    .text                                    0x080002a0   Section        0  fdiv.o(.text)
    .text                                    0x0800031c   Section        0  dadd.o(.text)
    .text                                    0x0800046a   Section        0  dmul.o(.text)
    .text                                    0x0800054e   Section        0  ddiv.o(.text)
    .text                                    0x0800062c   Section        0  fflti.o(.text)
    .text                                    0x0800063e   Section        0  ffixi.o(.text)
    .text                                    0x08000670   Section        0  f2d.o(.text)
    .text                                    0x08000696   Section        0  d2f.o(.text)
    .text                                    0x080006d0   Section       20  cfcmple.o(.text)
    .text                                    0x080006e4   Section        0  uidiv.o(.text)
    .text                                    0x08000710   Section        0  uldiv.o(.text)
    .text                                    0x08000772   Section        0  llshl.o(.text)
    .text                                    0x08000790   Section        0  llsshr.o(.text)
    .text                                    0x080007b4   Section        0  fepilogue.o(.text)
    .text                                    0x080007b4   Section        0  iusefp.o(.text)
    .text                                    0x08000822   Section        0  fscalb.o(.text)
    .text                                    0x0800083a   Section        0  frnd.o(.text)
    .text                                    0x08000876   Section        0  depilogue.o(.text)
    .text                                    0x08000930   Section        0  dfixul.o(.text)
    .text                                    0x08000960   Section       48  cdrcmple.o(.text)
    .text                                    0x08000990   Section       36  init.o(.text)
    .text                                    0x080009b4   Section        0  fsqrt.o(.text)
    .text                                    0x08000a12   Section        0  ffltui.o(.text)
    i.BusFault_Handler                       0x08000a1c   Section        0  stm32f1xx_it.o(i.BusFault_Handler)
    i.DebugMon_Handler                       0x08000a20   Section        0  stm32f1xx_it.o(i.DebugMon_Handler)
    i.Error_Handler                          0x08000a22   Section        0  main.o(i.Error_Handler)
    i.HAL_Delay                              0x08000a24   Section        0  stm32f1xx_hal.o(i.HAL_Delay)
    i.HAL_GPIO_Init                          0x08000a4c   Section        0  stm32f1xx_hal_gpio.o(i.HAL_GPIO_Init)
    i.HAL_GPIO_WritePin                      0x08000d6c   Section        0  stm32f1xx_hal_gpio.o(i.HAL_GPIO_WritePin)
    i.HAL_GetTick                            0x08000d78   Section        0  stm32f1xx_hal.o(i.HAL_GetTick)
    i.HAL_I2C_Init                           0x08000d84   Section        0  stm32f1xx_hal_i2c.o(i.HAL_I2C_Init)
    i.HAL_I2C_Mem_Read                       0x08000f54   Section        0  stm32f1xx_hal_i2c.o(i.HAL_I2C_Mem_Read)
    i.HAL_I2C_Mem_Write                      0x080012b8   Section        0  stm32f1xx_hal_i2c.o(i.HAL_I2C_Mem_Write)
    i.HAL_I2C_MspInit                        0x0800141c   Section        0  i2c.o(i.HAL_I2C_MspInit)
    i.HAL_IncTick                            0x08001490   Section        0  stm32f1xx_hal.o(i.HAL_IncTick)
    i.HAL_Init                               0x080014a8   Section        0  stm32f1xx_hal.o(i.HAL_Init)
    i.HAL_InitTick                           0x080014d0   Section        0  stm32f1xx_hal.o(i.HAL_InitTick)
    i.HAL_MspInit                            0x0800151c   Section        0  stm32f1xx_hal_msp.o(i.HAL_MspInit)
    i.HAL_NVIC_EnableIRQ                     0x08001570   Section        0  stm32f1xx_hal_cortex.o(i.HAL_NVIC_EnableIRQ)
    i.HAL_NVIC_SetPriority                   0x08001590   Section        0  stm32f1xx_hal_cortex.o(i.HAL_NVIC_SetPriority)
    i.HAL_NVIC_SetPriorityGrouping           0x0800160c   Section        0  stm32f1xx_hal_cortex.o(i.HAL_NVIC_SetPriorityGrouping)
    i.HAL_RCC_ClockConfig                    0x08001634   Section        0  stm32f1xx_hal_rcc.o(i.HAL_RCC_ClockConfig)
    i.HAL_RCC_GetHCLKFreq                    0x080017c0   Section        0  stm32f1xx_hal_rcc.o(i.HAL_RCC_GetHCLKFreq)
    i.HAL_RCC_GetPCLK1Freq                   0x080017cc   Section        0  stm32f1xx_hal_rcc.o(i.HAL_RCC_GetPCLK1Freq)
    i.HAL_RCC_GetPCLK2Freq                   0x080017ec   Section        0  stm32f1xx_hal_rcc.o(i.HAL_RCC_GetPCLK2Freq)
    i.HAL_RCC_GetSysClockFreq                0x0800180c   Section        0  stm32f1xx_hal_rcc.o(i.HAL_RCC_GetSysClockFreq)
    i.HAL_RCC_OscConfig                      0x080018a0   Section        0  stm32f1xx_hal_rcc.o(i.HAL_RCC_OscConfig)
    i.HAL_SYSTICK_Config                     0x08001d04   Section        0  stm32f1xx_hal_cortex.o(i.HAL_SYSTICK_Config)
    i.HAL_TIMEx_BreakCallback                0x08001d38   Section        0  stm32f1xx_hal_tim_ex.o(i.HAL_TIMEx_BreakCallback)
    i.HAL_TIMEx_CommutCallback               0x08001d3a   Section        0  stm32f1xx_hal_tim_ex.o(i.HAL_TIMEx_CommutCallback)
    i.HAL_TIMEx_MasterConfigSynchronization  0x08001d3c   Section        0  stm32f1xx_hal_tim_ex.o(i.HAL_TIMEx_MasterConfigSynchronization)
    i.HAL_TIM_Base_Init                      0x08001dc0   Section        0  stm32f1xx_hal_tim.o(i.HAL_TIM_Base_Init)
    i.HAL_TIM_Base_MspInit                   0x08001e28   Section        0  tim.o(i.HAL_TIM_Base_MspInit)
    i.HAL_TIM_Base_Start_IT                  0x08001e68   Section        0  stm32f1xx_hal_tim.o(i.HAL_TIM_Base_Start_IT)
    i.HAL_TIM_ConfigClockSource              0x08001ee0   Section        0  stm32f1xx_hal_tim.o(i.HAL_TIM_ConfigClockSource)
    i.HAL_TIM_IC_CaptureCallback             0x08001fe8   Section        0  stm32f1xx_hal_tim.o(i.HAL_TIM_IC_CaptureCallback)
    i.HAL_TIM_IRQHandler                     0x08001fea   Section        0  stm32f1xx_hal_tim.o(i.HAL_TIM_IRQHandler)
    i.HAL_TIM_MspPostInit                    0x08002180   Section        0  tim.o(i.HAL_TIM_MspPostInit)
    i.HAL_TIM_OC_DelayElapsedCallback        0x08002208   Section        0  stm32f1xx_hal_tim.o(i.HAL_TIM_OC_DelayElapsedCallback)
    i.HAL_TIM_PWM_ConfigChannel              0x0800220a   Section        0  stm32f1xx_hal_tim.o(i.HAL_TIM_PWM_ConfigChannel)
    i.HAL_TIM_PWM_Init                       0x08002306   Section        0  stm32f1xx_hal_tim.o(i.HAL_TIM_PWM_Init)
    i.HAL_TIM_PWM_MspInit                    0x0800236c   Section        0  tim.o(i.HAL_TIM_PWM_MspInit)
    i.HAL_TIM_PWM_PulseFinishedCallback      0x0800239c   Section        0  stm32f1xx_hal_tim.o(i.HAL_TIM_PWM_PulseFinishedCallback)
    i.HAL_TIM_PeriodElapsedCallback          0x080023a0   Section        0  port.o(i.HAL_TIM_PeriodElapsedCallback)
    i.HAL_TIM_TriggerCallback                0x08002400   Section        0  stm32f1xx_hal_tim.o(i.HAL_TIM_TriggerCallback)
    i.HAL_UART_Init                          0x08002402   Section        0  stm32f1xx_hal_uart.o(i.HAL_UART_Init)
    i.HAL_UART_MspInit                       0x08002474   Section        0  usart.o(i.HAL_UART_MspInit)
    i.HardFault_Handler                      0x080024fc   Section        0  stm32f1xx_it.o(i.HardFault_Handler)
    i.I2C_IsAcknowledgeFailed                0x08002500   Section        0  stm32f1xx_hal_i2c.o(i.I2C_IsAcknowledgeFailed)
    I2C_IsAcknowledgeFailed                  0x08002501   Thumb Code    62  stm32f1xx_hal_i2c.o(i.I2C_IsAcknowledgeFailed)
    i.I2C_RequestMemoryRead                  0x08002540   Section        0  stm32f1xx_hal_i2c.o(i.I2C_RequestMemoryRead)
    I2C_RequestMemoryRead                    0x08002541   Thumb Code   348  stm32f1xx_hal_i2c.o(i.I2C_RequestMemoryRead)
    i.I2C_RequestMemoryWrite                 0x080026a0   Section        0  stm32f1xx_hal_i2c.o(i.I2C_RequestMemoryWrite)
    I2C_RequestMemoryWrite                   0x080026a1   Thumb Code   220  stm32f1xx_hal_i2c.o(i.I2C_RequestMemoryWrite)
    i.I2C_WaitOnBTFFlagUntilTimeout          0x08002780   Section        0  stm32f1xx_hal_i2c.o(i.I2C_WaitOnBTFFlagUntilTimeout)
    I2C_WaitOnBTFFlagUntilTimeout            0x08002781   Thumb Code    92  stm32f1xx_hal_i2c.o(i.I2C_WaitOnBTFFlagUntilTimeout)
    i.I2C_WaitOnFlagUntilTimeout             0x080027dc   Section        0  stm32f1xx_hal_i2c.o(i.I2C_WaitOnFlagUntilTimeout)
    I2C_WaitOnFlagUntilTimeout               0x080027dd   Thumb Code   134  stm32f1xx_hal_i2c.o(i.I2C_WaitOnFlagUntilTimeout)
    i.I2C_WaitOnMasterAddressFlagUntilTimeout 0x08002862   Section        0  stm32f1xx_hal_i2c.o(i.I2C_WaitOnMasterAddressFlagUntilTimeout)
    I2C_WaitOnMasterAddressFlagUntilTimeout  0x08002863   Thumb Code   196  stm32f1xx_hal_i2c.o(i.I2C_WaitOnMasterAddressFlagUntilTimeout)
    i.I2C_WaitOnRXNEFlagUntilTimeout         0x08002926   Section        0  stm32f1xx_hal_i2c.o(i.I2C_WaitOnRXNEFlagUntilTimeout)
    I2C_WaitOnRXNEFlagUntilTimeout           0x08002927   Thumb Code   128  stm32f1xx_hal_i2c.o(i.I2C_WaitOnRXNEFlagUntilTimeout)
    i.I2C_WaitOnTXEFlagUntilTimeout          0x080029a6   Section        0  stm32f1xx_hal_i2c.o(i.I2C_WaitOnTXEFlagUntilTimeout)
    I2C_WaitOnTXEFlagUntilTimeout            0x080029a7   Thumb Code    92  stm32f1xx_hal_i2c.o(i.I2C_WaitOnTXEFlagUntilTimeout)
    i.MX_GPIO_Init                           0x08002a04   Section        0  gpio.o(i.MX_GPIO_Init)
    i.MX_I2C1_Init                           0x08002ab4   Section        0  i2c.o(i.MX_I2C1_Init)
    i.MX_TIM2_Init                           0x08002af0   Section        0  tim.o(i.MX_TIM2_Init)
    i.MX_TIM3_Init                           0x08002b5c   Section        0  tim.o(i.MX_TIM3_Init)
    i.MX_USART1_UART_Init                    0x08002c00   Section        0  usart.o(i.MX_USART1_UART_Init)
    i.MemManage_Handler                      0x08002c38   Section        0  stm32f1xx_it.o(i.MemManage_Handler)
    i.NMI_Handler                            0x08002c3c   Section        0  stm32f1xx_it.o(i.NMI_Handler)
    i.PendSV_Handler                         0x08002c3e   Section        0  stm32f1xx_it.o(i.PendSV_Handler)
    i.RCC_Delay                              0x08002c40   Section        0  stm32f1xx_hal_rcc.o(i.RCC_Delay)
    RCC_Delay                                0x08002c41   Thumb Code    36  stm32f1xx_hal_rcc.o(i.RCC_Delay)
    i.SVC_Handler                            0x08002c68   Section        0  stm32f1xx_it.o(i.SVC_Handler)
    i.SysTick_Handler                        0x08002c6a   Section        0  stm32f1xx_it.o(i.SysTick_Handler)
    i.SystemClock_Config                     0x08002c72   Section        0  main.o(i.SystemClock_Config)
    i.SystemInit                             0x08002cd8   Section        0  system_stm32f1xx.o(i.SystemInit)
    i.TIM2_IRQHandler                        0x08002cdc   Section        0  stm32f1xx_it.o(i.TIM2_IRQHandler)
    i.TIM_Base_SetConfig                     0x08002cec   Section        0  stm32f1xx_hal_tim.o(i.TIM_Base_SetConfig)
    i.TIM_ETR_SetConfig                      0x08002d60   Section        0  stm32f1xx_hal_tim.o(i.TIM_ETR_SetConfig)
    i.TIM_ITRx_SetConfig                     0x08002d76   Section        0  stm32f1xx_hal_tim.o(i.TIM_ITRx_SetConfig)
    TIM_ITRx_SetConfig                       0x08002d77   Thumb Code    18  stm32f1xx_hal_tim.o(i.TIM_ITRx_SetConfig)
    i.TIM_OC1_SetConfig                      0x08002d88   Section        0  stm32f1xx_hal_tim.o(i.TIM_OC1_SetConfig)
    TIM_OC1_SetConfig                        0x08002d89   Thumb Code    90  stm32f1xx_hal_tim.o(i.TIM_OC1_SetConfig)
    i.TIM_OC2_SetConfig                      0x08002de8   Section        0  stm32f1xx_hal_tim.o(i.TIM_OC2_SetConfig)
    i.TIM_OC3_SetConfig                      0x08002e50   Section        0  stm32f1xx_hal_tim.o(i.TIM_OC3_SetConfig)
    TIM_OC3_SetConfig                        0x08002e51   Thumb Code    98  stm32f1xx_hal_tim.o(i.TIM_OC3_SetConfig)
    i.TIM_OC4_SetConfig                      0x08002eb8   Section        0  stm32f1xx_hal_tim.o(i.TIM_OC4_SetConfig)
    TIM_OC4_SetConfig                        0x08002eb9   Thumb Code    68  stm32f1xx_hal_tim.o(i.TIM_OC4_SetConfig)
    i.TIM_TI1_ConfigInputStage               0x08002f00   Section        0  stm32f1xx_hal_tim.o(i.TIM_TI1_ConfigInputStage)
    TIM_TI1_ConfigInputStage                 0x08002f01   Thumb Code    38  stm32f1xx_hal_tim.o(i.TIM_TI1_ConfigInputStage)
    i.TIM_TI2_ConfigInputStage               0x08002f26   Section        0  stm32f1xx_hal_tim.o(i.TIM_TI2_ConfigInputStage)
    TIM_TI2_ConfigInputStage                 0x08002f27   Thumb Code    40  stm32f1xx_hal_tim.o(i.TIM_TI2_ConfigInputStage)
    i.UART_SetConfig                         0x08002f50   Section        0  stm32f1xx_hal_uart.o(i.UART_SetConfig)
    UART_SetConfig                           0x08002f51   Thumb Code   248  stm32f1xx_hal_uart.o(i.UART_SetConfig)
    i.UsageFault_Handler                     0x0800304c   Section        0  stm32f1xx_it.o(i.UsageFault_Handler)
    i.__0printf                              0x08003050   Section        0  printfa.o(i.__0printf)
    i.__ARM_fpclassifyf                      0x08003070   Section        0  fpclassifyf.o(i.__ARM_fpclassifyf)
    i.__NVIC_GetPriorityGrouping             0x08003098   Section        0  stm32f1xx_hal_cortex.o(i.__NVIC_GetPriorityGrouping)
    __NVIC_GetPriorityGrouping               0x08003099   Thumb Code    10  stm32f1xx_hal_cortex.o(i.__NVIC_GetPriorityGrouping)
    i.__NVIC_SetPriority                     0x080030a8   Section        0  stm32f1xx_hal_cortex.o(i.__NVIC_SetPriority)
    __NVIC_SetPriority                       0x080030a9   Thumb Code    32  stm32f1xx_hal_cortex.o(i.__NVIC_SetPriority)
    i.__mathlib_flt_infnan                   0x080030d0   Section        0  funder.o(i.__mathlib_flt_infnan)
    i.__mathlib_flt_infnan2                  0x080030d6   Section        0  funder.o(i.__mathlib_flt_infnan2)
    i.__mathlib_flt_invalid                  0x080030da   Section        0  funder.o(i.__mathlib_flt_invalid)
    i.__mathlib_flt_underflow                0x080030e2   Section        0  funder.o(i.__mathlib_flt_underflow)
    i.__mathlib_rredf2                       0x080030ec   Section        0  rredf.o(i.__mathlib_rredf2)
    i.__scatterload_copy                     0x08003254   Section       14  handlers.o(i.__scatterload_copy)
    i.__scatterload_null                     0x08003262   Section        2  handlers.o(i.__scatterload_null)
    i.__scatterload_zeroinit                 0x08003264   Section       14  handlers.o(i.__scatterload_zeroinit)
    i.__set_errno                            0x08003274   Section        0  errno.o(i.__set_errno)
    i._fp_digits                             0x08003280   Section        0  printfa.o(i._fp_digits)
    _fp_digits                               0x08003281   Thumb Code   366  printfa.o(i._fp_digits)
    i._printf_core                           0x08003404   Section        0  printfa.o(i._printf_core)
    _printf_core                             0x08003405   Thumb Code  1744  printfa.o(i._printf_core)
    i._printf_post_padding                   0x08003ae0   Section        0  printfa.o(i._printf_post_padding)
    _printf_post_padding                     0x08003ae1   Thumb Code    36  printfa.o(i._printf_post_padding)
    i._printf_pre_padding                    0x08003b04   Section        0  printfa.o(i._printf_pre_padding)
    _printf_pre_padding                      0x08003b05   Thumb Code    46  printfa.o(i._printf_pre_padding)
    i.algorithm_pose                         0x08003b32   Section        0  algorithm.o(i.algorithm_pose)
    i.algorithm_pose_EKF_Quaternion          0x08003b4c   Section        0  algorithm.o(i.algorithm_pose_EKF_Quaternion)
    i.asinf                                  0x08004224   Section        0  asinf.o(i.asinf)
    i.atan2f                                 0x08004348   Section        0  atan2f.o(i.atan2f)
    i.butterworth_filter                     0x080045a4   Section        0  imu.o(i.butterworth_filter)
    i.calculate_butterworth_parameters       0x08004618   Section        0  imu.o(i.calculate_butterworth_parameters)
    i.cosf                                   0x08004730   Section        0  cosf.o(i.cosf)
    i.delay_ms                               0x080048ac   Section        0  port.o(i.delay_ms)
    i.fight_init                             0x080048b8   Section        0  control.o(i.fight_init)
    i.fputc                                  0x08004964   Section        0  usart.o(i.fputc)
    i.gpio_iic_scl_reset                     0x08004980   Section        0  port.o(i.gpio_iic_scl_reset)
    i.gpio_iic_scl_set                       0x08004994   Section        0  port.o(i.gpio_iic_scl_set)
    i.gpio_iic_sda_reset                     0x080049a8   Section        0  port.o(i.gpio_iic_sda_reset)
    i.gpio_iic_sda_set                       0x080049bc   Section        0  port.o(i.gpio_iic_sda_set)
    i.i2c_mpu_multi_read                     0x080049d0   Section        0  port.o(i.i2c_mpu_multi_read)
    i.i2c_mpu_single_read                    0x08004a00   Section        0  port.o(i.i2c_mpu_single_read)
    i.i2c_mpu_single_write                   0x08004a30   Section        0  port.o(i.i2c_mpu_single_write)
    i.main                                   0x08004a64   Section        0  main.o(i.main)
    i.mpu_acc_filter                         0x08004a94   Section        0  imu.o(i.mpu_acc_filter)
    i.mpu_acce_calibrate                     0x08004af8   Section        0  imu.o(i.mpu_acce_calibrate)
    i.mpu_acce_get_offset                    0x08004b24   Section        0  imu.o(i.mpu_acce_get_offset)
    i.mpu_config                             0x08004c1c   Section        0  imu.o(i.mpu_config)
    i.mpu_data_update                        0x08004c54   Section        0  imu.o(i.mpu_data_update)
    i.mpu_gyro_calibrate                     0x08004d1c   Section        0  imu.o(i.mpu_gyro_calibrate)
    i.mpu_gyro_get_offset                    0x08004d48   Section        0  imu.o(i.mpu_gyro_get_offset)
    i.mpu_init                               0x08004e3c   Section        0  imu.o(i.mpu_init)
    i.mpu_read_acce_raw                      0x08004e70   Section        0  imu.o(i.mpu_read_acce_raw)
    i.mpu_read_gyro_raw                      0x08004ec8   Section        0  imu.o(i.mpu_read_gyro_raw)
    i.mpu_test                               0x08004f20   Section        0  imu.o(i.mpu_test)
    i.oled_fill_screen                       0x08004f3c   Section        0  viewer.o(i.oled_fill_screen)
    i.oled_set_config                        0x08004f68   Section        0  viewer.o(i.oled_set_config)
    i.oled_set_pose                          0x0800500e   Section        0  viewer.o(i.oled_set_pose)
    i.oled_show_multi_asscii                 0x08005038   Section        0  viewer.o(i.oled_show_multi_asscii)
    i.oled_show_single_asscii                0x08005064   Section        0  viewer.o(i.oled_show_single_asscii)
    i.oled_write_cmd                         0x080050a8   Section        0  viewer.o(i.oled_write_cmd)
    i.oled_write_data                        0x080050d4   Section        0  viewer.o(i.oled_write_data)
    i.soft_iic_start                         0x08005100   Section        0  viewer.o(i.soft_iic_start)
    i.soft_iic_stop                          0x08005114   Section        0  viewer.o(i.soft_iic_stop)
    i.soft_iic_wait_ack                      0x08005124   Section        0  viewer.o(i.soft_iic_wait_ack)
    i.soft_iic_write_byte                    0x08005130   Section        0  viewer.o(i.soft_iic_write_byte)
    i.sqrtf                                  0x08005166   Section        0  sqrtf.o(i.sqrtf)
    i.tanf                                   0x08005194   Section        0  tanf.o(i.tanf)
    .constdata                               0x08005308   Section       24  system_stm32f1xx.o(.constdata)
    .constdata                               0x08005320   Section      552  viewer.o(.constdata)
    .constdata                               0x08005548   Section       32  rredf.o(.constdata)
    twooverpi                                0x08005548   Data          32  rredf.o(.constdata)
    .data                                    0x20000000   Section        4  usart.o(.data)
    .data                                    0x20000004   Section        9  stm32f1xx_hal.o(.data)
    .data                                    0x20000010   Section        4  system_stm32f1xx.o(.data)
    .data                                    0x20000014   Section       14  port.o(.data)
    tim_delay                                0x20000014   Data           2  port.o(.data)
    acce                                     0x20000016   Data           6  port.o(.data)
    gyro                                     0x2000001c   Data           6  port.o(.data)
    .data                                    0x20000024   Section       16  algorithm.o(.data)
    q                                        0x20000024   Data          16  algorithm.o(.data)
    .data                                    0x20000034   Section        4  errno.o(.data)
    _errno                                   0x20000034   Data           4  errno.o(.data)
    .bss                                     0x20000038   Section       84  i2c.o(.bss)
    .bss                                     0x2000008c   Section      144  tim.o(.bss)
    .bss                                     0x2000011c   Section       68  usart.o(.bss)
    .bss                                     0x20000160   Section      120  imu.o(.bss)
    imu_static_param                         0x20000160   Data         120  imu.o(.bss)
    .bss                                     0x200001d8   Section       12  port.o(.bss)
    pose                                     0x200001d8   Data          12  port.o(.bss)
    STACK                                    0x200001e8   Section     1024  startup_stm32f103xb.o(STACK)

    Global Symbols

    Symbol Name                              Value     Ov Type        Size  Object(Section)

    BuildAttributes$$THM_ISAv4$P$D$K$B$S$PE$A:L22UL41UL21$X:L11$S22US41US21$IEEE1$IW$USESV6$~STKCKD$USESV7$~SHL$OTIME$ROPI$IEEEX$EBA8$MICROLIB$REQ8$PRES8$EABIv2 0x00000000   Number         0  anon$$obj.o ABSOLUTE
    __ARM_use_no_argv                        0x00000000   Number         0  main.o ABSOLUTE
    __use_no_errno                           0x00000000   Number         0  useno.o ABSOLUTE
    __use_no_exception_handling              0x00000000   Number         0  useno.o ABSOLUTE
    __use_no_fp                              0x00000000   Number         0  useno.o ABSOLUTE
    __use_no_heap                            0x00000000   Number         0  useno.o ABSOLUTE
    __use_no_heap_region                     0x00000000   Number         0  useno.o ABSOLUTE
    __use_no_semihosting                     0x00000000   Number         0  useno.o ABSOLUTE
    __use_no_semihosting_swi                 0x00000000   Number         0  useno.o ABSOLUTE
    __use_no_signal_handling                 0x00000000   Number         0  useno.o ABSOLUTE
    _printf_a                                0x00000000   Number         0  stubs.o ABSOLUTE
    _printf_c                                0x00000000   Number         0  stubs.o ABSOLUTE
    _printf_charcount                        0x00000000   Number         0  stubs.o ABSOLUTE
    _printf_d                                0x00000000   Number         0  stubs.o ABSOLUTE
    _printf_e                                0x00000000   Number         0  stubs.o ABSOLUTE
    _printf_f                                0x00000000   Number         0  stubs.o ABSOLUTE
    _printf_flags                            0x00000000   Number         0  stubs.o ABSOLUTE
    _printf_fp_dec                           0x00000000   Number         0  stubs.o ABSOLUTE
    _printf_fp_hex                           0x00000000   Number         0  stubs.o ABSOLUTE
    _printf_g                                0x00000000   Number         0  stubs.o ABSOLUTE
    _printf_i                                0x00000000   Number         0  stubs.o ABSOLUTE
    _printf_int_dec                          0x00000000   Number         0  stubs.o ABSOLUTE
    _printf_l                                0x00000000   Number         0  stubs.o ABSOLUTE
    _printf_lc                               0x00000000   Number         0  stubs.o ABSOLUTE
    _printf_ll                               0x00000000   Number         0  stubs.o ABSOLUTE
    _printf_lld                              0x00000000   Number         0  stubs.o ABSOLUTE
    _printf_lli                              0x00000000   Number         0  stubs.o ABSOLUTE
    _printf_llo                              0x00000000   Number         0  stubs.o ABSOLUTE
    _printf_llu                              0x00000000   Number         0  stubs.o ABSOLUTE
    _printf_llx                              0x00000000   Number         0  stubs.o ABSOLUTE
    _printf_longlong_dec                     0x00000000   Number         0  stubs.o ABSOLUTE
    _printf_longlong_hex                     0x00000000   Number         0  stubs.o ABSOLUTE
    _printf_longlong_oct                     0x00000000   Number         0  stubs.o ABSOLUTE
    _printf_ls                               0x00000000   Number         0  stubs.o ABSOLUTE
    _printf_mbtowc                           0x00000000   Number         0  stubs.o ABSOLUTE
    _printf_n                                0x00000000   Number         0  stubs.o ABSOLUTE
    _printf_o                                0x00000000   Number         0  stubs.o ABSOLUTE
    _printf_p                                0x00000000   Number         0  stubs.o ABSOLUTE
    _printf_percent                          0x00000000   Number         0  stubs.o ABSOLUTE
    _printf_pre_padding                      0x00000000   Number         0  stubs.o ABSOLUTE
    _printf_return_value                     0x00000000   Number         0  stubs.o ABSOLUTE
    _printf_s                                0x00000000   Number         0  stubs.o ABSOLUTE
    _printf_sizespec                         0x00000000   Number         0  stubs.o ABSOLUTE
    _printf_str                              0x00000000   Number         0  stubs.o ABSOLUTE
    _printf_truncate_signed                  0x00000000   Number         0  stubs.o ABSOLUTE
    _printf_truncate_unsigned                0x00000000   Number         0  stubs.o ABSOLUTE
    _printf_u                                0x00000000   Number         0  stubs.o ABSOLUTE
    _printf_wc                               0x00000000   Number         0  stubs.o ABSOLUTE
    _printf_wctomb                           0x00000000   Number         0  stubs.o ABSOLUTE
    _printf_widthprec                        0x00000000   Number         0  stubs.o ABSOLUTE
    _printf_x                                0x00000000   Number         0  stubs.o ABSOLUTE
    __cpp_initialize__aeabi_                  - Undefined Weak Reference
    __cxa_finalize                            - Undefined Weak Reference
    __decompress                              - Undefined Weak Reference
    _clock_init                               - Undefined Weak Reference
    _microlib_exit                            - Undefined Weak Reference
    __Vectors_Size                           0x000000ec   Number         0  startup_stm32f103xb.o ABSOLUTE
    __Vectors                                0x08000000   Data           4  startup_stm32f103xb.o(RESET)
    __Vectors_End                            0x080000ec   Data           0  startup_stm32f103xb.o(RESET)
    __main                                   0x080000ed   Thumb Code     0  entry.o(.ARM.Collect$$$$00000000)
    _main_stk                                0x080000ed   Thumb Code     0  entry2.o(.ARM.Collect$$$$00000001)
    _main_scatterload                        0x080000f1   Thumb Code     0  entry5.o(.ARM.Collect$$$$00000004)
    __main_after_scatterload                 0x080000f5   Thumb Code     0  entry5.o(.ARM.Collect$$$$00000004)
    _main_clock                              0x080000f5   Thumb Code     0  entry7b.o(.ARM.Collect$$$$00000008)
    _main_cpp_init                           0x080000f5   Thumb Code     0  entry8b.o(.ARM.Collect$$$$0000000A)
    _main_init                               0x080000f5   Thumb Code     0  entry9a.o(.ARM.Collect$$$$0000000B)
    __rt_final_cpp                           0x080000fd   Thumb Code     0  entry10a.o(.ARM.Collect$$$$0000000D)
    __rt_final_exit                          0x080000fd   Thumb Code     0  entry11a.o(.ARM.Collect$$$$0000000F)
    Reset_Handler                            0x08000101   Thumb Code     8  startup_stm32f103xb.o(.text)
    ADC1_2_IRQHandler                        0x0800011b   Thumb Code     0  startup_stm32f103xb.o(.text)
    CAN1_RX1_IRQHandler                      0x0800011b   Thumb Code     0  startup_stm32f103xb.o(.text)
    CAN1_SCE_IRQHandler                      0x0800011b   Thumb Code     0  startup_stm32f103xb.o(.text)
    DMA1_Channel1_IRQHandler                 0x0800011b   Thumb Code     0  startup_stm32f103xb.o(.text)
    DMA1_Channel2_IRQHandler                 0x0800011b   Thumb Code     0  startup_stm32f103xb.o(.text)
    DMA1_Channel3_IRQHandler                 0x0800011b   Thumb Code     0  startup_stm32f103xb.o(.text)
    DMA1_Channel4_IRQHandler                 0x0800011b   Thumb Code     0  startup_stm32f103xb.o(.text)
    DMA1_Channel5_IRQHandler                 0x0800011b   Thumb Code     0  startup_stm32f103xb.o(.text)
    DMA1_Channel6_IRQHandler                 0x0800011b   Thumb Code     0  startup_stm32f103xb.o(.text)
    DMA1_Channel7_IRQHandler                 0x0800011b   Thumb Code     0  startup_stm32f103xb.o(.text)
    EXTI0_IRQHandler                         0x0800011b   Thumb Code     0  startup_stm32f103xb.o(.text)
    EXTI15_10_IRQHandler                     0x0800011b   Thumb Code     0  startup_stm32f103xb.o(.text)
    EXTI1_IRQHandler                         0x0800011b   Thumb Code     0  startup_stm32f103xb.o(.text)
    EXTI2_IRQHandler                         0x0800011b   Thumb Code     0  startup_stm32f103xb.o(.text)
    EXTI3_IRQHandler                         0x0800011b   Thumb Code     0  startup_stm32f103xb.o(.text)
    EXTI4_IRQHandler                         0x0800011b   Thumb Code     0  startup_stm32f103xb.o(.text)
    EXTI9_5_IRQHandler                       0x0800011b   Thumb Code     0  startup_stm32f103xb.o(.text)
    FLASH_IRQHandler                         0x0800011b   Thumb Code     0  startup_stm32f103xb.o(.text)
    I2C1_ER_IRQHandler                       0x0800011b   Thumb Code     0  startup_stm32f103xb.o(.text)
    I2C1_EV_IRQHandler                       0x0800011b   Thumb Code     0  startup_stm32f103xb.o(.text)
    I2C2_ER_IRQHandler                       0x0800011b   Thumb Code     0  startup_stm32f103xb.o(.text)
    I2C2_EV_IRQHandler                       0x0800011b   Thumb Code     0  startup_stm32f103xb.o(.text)
    PVD_IRQHandler                           0x0800011b   Thumb Code     0  startup_stm32f103xb.o(.text)
    RCC_IRQHandler                           0x0800011b   Thumb Code     0  startup_stm32f103xb.o(.text)
    RTC_Alarm_IRQHandler                     0x0800011b   Thumb Code     0  startup_stm32f103xb.o(.text)
    RTC_IRQHandler                           0x0800011b   Thumb Code     0  startup_stm32f103xb.o(.text)
    SPI1_IRQHandler                          0x0800011b   Thumb Code     0  startup_stm32f103xb.o(.text)
    SPI2_IRQHandler                          0x0800011b   Thumb Code     0  startup_stm32f103xb.o(.text)
    TAMPER_IRQHandler                        0x0800011b   Thumb Code     0  startup_stm32f103xb.o(.text)
    TIM1_BRK_IRQHandler                      0x0800011b   Thumb Code     0  startup_stm32f103xb.o(.text)
    TIM1_CC_IRQHandler                       0x0800011b   Thumb Code     0  startup_stm32f103xb.o(.text)
    TIM1_TRG_COM_IRQHandler                  0x0800011b   Thumb Code     0  startup_stm32f103xb.o(.text)
    TIM1_UP_IRQHandler                       0x0800011b   Thumb Code     0  startup_stm32f103xb.o(.text)
    TIM3_IRQHandler                          0x0800011b   Thumb Code     0  startup_stm32f103xb.o(.text)
    TIM4_IRQHandler                          0x0800011b   Thumb Code     0  startup_stm32f103xb.o(.text)
    USART1_IRQHandler                        0x0800011b   Thumb Code     0  startup_stm32f103xb.o(.text)
    USART2_IRQHandler                        0x0800011b   Thumb Code     0  startup_stm32f103xb.o(.text)
    USART3_IRQHandler                        0x0800011b   Thumb Code     0  startup_stm32f103xb.o(.text)
    USBWakeUp_IRQHandler                     0x0800011b   Thumb Code     0  startup_stm32f103xb.o(.text)
    USB_HP_CAN1_TX_IRQHandler                0x0800011b   Thumb Code     0  startup_stm32f103xb.o(.text)
    USB_LP_CAN1_RX0_IRQHandler               0x0800011b   Thumb Code     0  startup_stm32f103xb.o(.text)
    WWDG_IRQHandler                          0x0800011b   Thumb Code     0  startup_stm32f103xb.o(.text)
    __aeabi_llsr                             0x08000125   Thumb Code    32  llushr.o(.text)
    _ll_ushift_r                             0x08000125   Thumb Code     0  llushr.o(.text)
    __aeabi_memcpy                           0x08000145   Thumb Code    36  memcpya.o(.text)
    __aeabi_memcpy4                          0x08000145   Thumb Code     0  memcpya.o(.text)
    __aeabi_memcpy8                          0x08000145   Thumb Code     0  memcpya.o(.text)
    __aeabi_memset                           0x08000169   Thumb Code    14  memseta.o(.text)
    __aeabi_memset4                          0x08000169   Thumb Code     0  memseta.o(.text)
    __aeabi_memset8                          0x08000169   Thumb Code     0  memseta.o(.text)
    __aeabi_memclr                           0x08000177   Thumb Code     4  memseta.o(.text)
    __aeabi_memclr4                          0x08000177   Thumb Code     0  memseta.o(.text)
    __aeabi_memclr8                          0x08000177   Thumb Code     0  memseta.o(.text)
    _memset$wrapper                          0x0800017b   Thumb Code    18  memseta.o(.text)
    __aeabi_fadd                             0x0800018d   Thumb Code   164  fadd.o(.text)
    __aeabi_fsub                             0x08000231   Thumb Code     6  fadd.o(.text)
    __aeabi_frsub                            0x08000237   Thumb Code     6  fadd.o(.text)
    __aeabi_fmul                             0x0800023d   Thumb Code   100  fmul.o(.text)
    __aeabi_fdiv                             0x080002a1   Thumb Code   124  fdiv.o(.text)
    __aeabi_dadd                             0x0800031d   Thumb Code   322  dadd.o(.text)
    __aeabi_dsub                             0x0800045f   Thumb Code     6  dadd.o(.text)
    __aeabi_drsub                            0x08000465   Thumb Code     6  dadd.o(.text)
    __aeabi_dmul                             0x0800046b   Thumb Code   228  dmul.o(.text)
    __aeabi_ddiv                             0x0800054f   Thumb Code   222  ddiv.o(.text)
    __aeabi_i2f                              0x0800062d   Thumb Code    18  fflti.o(.text)
    __aeabi_f2iz                             0x0800063f   Thumb Code    50  ffixi.o(.text)
    __aeabi_f2d                              0x08000671   Thumb Code    38  f2d.o(.text)
    __aeabi_d2f                              0x08000697   Thumb Code    56  d2f.o(.text)
    __aeabi_cfcmpeq                          0x080006d1   Thumb Code     0  cfcmple.o(.text)
    __aeabi_cfcmple                          0x080006d1   Thumb Code    20  cfcmple.o(.text)
    __aeabi_uidiv                            0x080006e5   Thumb Code     0  uidiv.o(.text)
    __aeabi_uidivmod                         0x080006e5   Thumb Code    44  uidiv.o(.text)
    __aeabi_uldivmod                         0x08000711   Thumb Code    98  uldiv.o(.text)
    __aeabi_llsl                             0x08000773   Thumb Code    30  llshl.o(.text)
    _ll_shift_l                              0x08000773   Thumb Code     0  llshl.o(.text)
    __aeabi_lasr                             0x08000791   Thumb Code    36  llsshr.o(.text)
    _ll_sshift_r                             0x08000791   Thumb Code     0  llsshr.o(.text)
    __I$use$fp                               0x080007b5   Thumb Code     0  iusefp.o(.text)
    _float_round                             0x080007b5   Thumb Code    18  fepilogue.o(.text)
    _float_epilogue                          0x080007c7   Thumb Code    92  fepilogue.o(.text)
    __ARM_scalbnf                            0x08000823   Thumb Code    24  fscalb.o(.text)
    scalbnf                                  0x08000823   Thumb Code     0  fscalb.o(.text)
    _frnd                                    0x0800083b   Thumb Code    60  frnd.o(.text)
    _double_round                            0x08000877   Thumb Code    30  depilogue.o(.text)
    _double_epilogue                         0x08000895   Thumb Code   156  depilogue.o(.text)
    __aeabi_d2ulz                            0x08000931   Thumb Code    48  dfixul.o(.text)
    __aeabi_cdrcmple                         0x08000961   Thumb Code    48  cdrcmple.o(.text)
    __scatterload                            0x08000991   Thumb Code    28  init.o(.text)
    __scatterload_rt2                        0x08000991   Thumb Code     0  init.o(.text)
    _fsqrt                                   0x080009b5   Thumb Code    94  fsqrt.o(.text)
    __aeabi_ui2f                             0x08000a13   Thumb Code    10  ffltui.o(.text)
    BusFault_Handler                         0x08000a1d   Thumb Code     4  stm32f1xx_it.o(i.BusFault_Handler)
    DebugMon_Handler                         0x08000a21   Thumb Code     2  stm32f1xx_it.o(i.DebugMon_Handler)
    Error_Handler                            0x08000a23   Thumb Code     2  main.o(i.Error_Handler)
    HAL_Delay                                0x08000a25   Thumb Code    36  stm32f1xx_hal.o(i.HAL_Delay)
    HAL_GPIO_Init                            0x08000a4d   Thumb Code   766  stm32f1xx_hal_gpio.o(i.HAL_GPIO_Init)
    HAL_GPIO_WritePin                        0x08000d6d   Thumb Code    12  stm32f1xx_hal_gpio.o(i.HAL_GPIO_WritePin)
    HAL_GetTick                              0x08000d79   Thumb Code     6  stm32f1xx_hal.o(i.HAL_GetTick)
    HAL_I2C_Init                             0x08000d85   Thumb Code   446  stm32f1xx_hal_i2c.o(i.HAL_I2C_Init)
    HAL_I2C_Mem_Read                         0x08000f55   Thumb Code   850  stm32f1xx_hal_i2c.o(i.HAL_I2C_Mem_Read)
    HAL_I2C_Mem_Write                        0x080012b9   Thumb Code   348  stm32f1xx_hal_i2c.o(i.HAL_I2C_Mem_Write)
    HAL_I2C_MspInit                          0x0800141d   Thumb Code   104  i2c.o(i.HAL_I2C_MspInit)
    HAL_IncTick                              0x08001491   Thumb Code    16  stm32f1xx_hal.o(i.HAL_IncTick)
    HAL_Init                                 0x080014a9   Thumb Code    34  stm32f1xx_hal.o(i.HAL_Init)
    HAL_InitTick                             0x080014d1   Thumb Code    64  stm32f1xx_hal.o(i.HAL_InitTick)
    HAL_MspInit                              0x0800151d   Thumb Code    76  stm32f1xx_hal_msp.o(i.HAL_MspInit)
    HAL_NVIC_EnableIRQ                       0x08001571   Thumb Code    32  stm32f1xx_hal_cortex.o(i.HAL_NVIC_EnableIRQ)
    HAL_NVIC_SetPriority                     0x08001591   Thumb Code   124  stm32f1xx_hal_cortex.o(i.HAL_NVIC_SetPriority)
    HAL_NVIC_SetPriorityGrouping             0x0800160d   Thumb Code    32  stm32f1xx_hal_cortex.o(i.HAL_NVIC_SetPriorityGrouping)
    HAL_RCC_ClockConfig                      0x08001635   Thumb Code   376  stm32f1xx_hal_rcc.o(i.HAL_RCC_ClockConfig)
    HAL_RCC_GetHCLKFreq                      0x080017c1   Thumb Code     6  stm32f1xx_hal_rcc.o(i.HAL_RCC_GetHCLKFreq)
    HAL_RCC_GetPCLK1Freq                     0x080017cd   Thumb Code    22  stm32f1xx_hal_rcc.o(i.HAL_RCC_GetPCLK1Freq)
    HAL_RCC_GetPCLK2Freq                     0x080017ed   Thumb Code    22  stm32f1xx_hal_rcc.o(i.HAL_RCC_GetPCLK2Freq)
    HAL_RCC_GetSysClockFreq                  0x0800180d   Thumb Code   116  stm32f1xx_hal_rcc.o(i.HAL_RCC_GetSysClockFreq)
    HAL_RCC_OscConfig                        0x080018a1   Thumb Code  1114  stm32f1xx_hal_rcc.o(i.HAL_RCC_OscConfig)
    HAL_SYSTICK_Config                       0x08001d05   Thumb Code    52  stm32f1xx_hal_cortex.o(i.HAL_SYSTICK_Config)
    HAL_TIMEx_BreakCallback                  0x08001d39   Thumb Code     2  stm32f1xx_hal_tim_ex.o(i.HAL_TIMEx_BreakCallback)
    HAL_TIMEx_CommutCallback                 0x08001d3b   Thumb Code     2  stm32f1xx_hal_tim_ex.o(i.HAL_TIMEx_CommutCallback)
    HAL_TIMEx_MasterConfigSynchronization    0x08001d3d   Thumb Code   118  stm32f1xx_hal_tim_ex.o(i.HAL_TIMEx_MasterConfigSynchronization)
    HAL_TIM_Base_Init                        0x08001dc1   Thumb Code   102  stm32f1xx_hal_tim.o(i.HAL_TIM_Base_Init)
    HAL_TIM_Base_MspInit                     0x08001e29   Thumb Code    58  tim.o(i.HAL_TIM_Base_MspInit)
    HAL_TIM_Base_Start_IT                    0x08001e69   Thumb Code   106  stm32f1xx_hal_tim.o(i.HAL_TIM_Base_Start_IT)
    HAL_TIM_ConfigClockSource                0x08001ee1   Thumb Code   264  stm32f1xx_hal_tim.o(i.HAL_TIM_ConfigClockSource)
    HAL_TIM_IC_CaptureCallback               0x08001fe9   Thumb Code     2  stm32f1xx_hal_tim.o(i.HAL_TIM_IC_CaptureCallback)
    HAL_TIM_IRQHandler                       0x08001feb   Thumb Code   406  stm32f1xx_hal_tim.o(i.HAL_TIM_IRQHandler)
    HAL_TIM_MspPostInit                      0x08002181   Thumb Code   118  tim.o(i.HAL_TIM_MspPostInit)
    HAL_TIM_OC_DelayElapsedCallback          0x08002209   Thumb Code     2  stm32f1xx_hal_tim.o(i.HAL_TIM_OC_DelayElapsedCallback)
    HAL_TIM_PWM_ConfigChannel                0x0800220b   Thumb Code   252  stm32f1xx_hal_tim.o(i.HAL_TIM_PWM_ConfigChannel)
    HAL_TIM_PWM_Init                         0x08002307   Thumb Code   102  stm32f1xx_hal_tim.o(i.HAL_TIM_PWM_Init)
    HAL_TIM_PWM_MspInit                      0x0800236d   Thumb Code    40  tim.o(i.HAL_TIM_PWM_MspInit)
    HAL_TIM_PWM_PulseFinishedCallback        0x0800239d   Thumb Code     2  stm32f1xx_hal_tim.o(i.HAL_TIM_PWM_PulseFinishedCallback)
    HAL_TIM_PeriodElapsedCallback            0x080023a1   Thumb Code    72  port.o(i.HAL_TIM_PeriodElapsedCallback)
    HAL_TIM_TriggerCallback                  0x08002401   Thumb Code     2  stm32f1xx_hal_tim.o(i.HAL_TIM_TriggerCallback)
    HAL_UART_Init                            0x08002403   Thumb Code   114  stm32f1xx_hal_uart.o(i.HAL_UART_Init)
    HAL_UART_MspInit                         0x08002475   Thumb Code   122  usart.o(i.HAL_UART_MspInit)
    HardFault_Handler                        0x080024fd   Thumb Code     4  stm32f1xx_it.o(i.HardFault_Handler)
    MX_GPIO_Init                             0x08002a05   Thumb Code   168  gpio.o(i.MX_GPIO_Init)
    MX_I2C1_Init                             0x08002ab5   Thumb Code    48  i2c.o(i.MX_I2C1_Init)
    MX_TIM2_Init                             0x08002af1   Thumb Code   104  tim.o(i.MX_TIM2_Init)
    MX_TIM3_Init                             0x08002b5d   Thumb Code   156  tim.o(i.MX_TIM3_Init)
    MX_USART1_UART_Init                      0x08002c01   Thumb Code    46  usart.o(i.MX_USART1_UART_Init)
    MemManage_Handler                        0x08002c39   Thumb Code     4  stm32f1xx_it.o(i.MemManage_Handler)
    NMI_Handler                              0x08002c3d   Thumb Code     2  stm32f1xx_it.o(i.NMI_Handler)
    PendSV_Handler                           0x08002c3f   Thumb Code     2  stm32f1xx_it.o(i.PendSV_Handler)
    SVC_Handler                              0x08002c69   Thumb Code     2  stm32f1xx_it.o(i.SVC_Handler)
    SysTick_Handler                          0x08002c6b   Thumb Code     8  stm32f1xx_it.o(i.SysTick_Handler)
    SystemClock_Config                       0x08002c73   Thumb Code   102  main.o(i.SystemClock_Config)
    SystemInit                               0x08002cd9   Thumb Code     2  system_stm32f1xx.o(i.SystemInit)
    TIM2_IRQHandler                          0x08002cdd   Thumb Code    10  stm32f1xx_it.o(i.TIM2_IRQHandler)
    TIM_Base_SetConfig                       0x08002ced   Thumb Code   104  stm32f1xx_hal_tim.o(i.TIM_Base_SetConfig)
    TIM_ETR_SetConfig                        0x08002d61   Thumb Code    22  stm32f1xx_hal_tim.o(i.TIM_ETR_SetConfig)
    TIM_OC2_SetConfig                        0x08002de9   Thumb Code   100  stm32f1xx_hal_tim.o(i.TIM_OC2_SetConfig)
    UsageFault_Handler                       0x0800304d   Thumb Code     4  stm32f1xx_it.o(i.UsageFault_Handler)
    __0printf                                0x08003051   Thumb Code    22  printfa.o(i.__0printf)
    __1printf                                0x08003051   Thumb Code     0  printfa.o(i.__0printf)
    __2printf                                0x08003051   Thumb Code     0  printfa.o(i.__0printf)
    __c89printf                              0x08003051   Thumb Code     0  printfa.o(i.__0printf)
    printf                                   0x08003051   Thumb Code     0  printfa.o(i.__0printf)
    __ARM_fpclassifyf                        0x08003071   Thumb Code    38  fpclassifyf.o(i.__ARM_fpclassifyf)
    __mathlib_flt_infnan                     0x080030d1   Thumb Code     6  funder.o(i.__mathlib_flt_infnan)
    __mathlib_flt_infnan2                    0x080030d7   Thumb Code     4  funder.o(i.__mathlib_flt_infnan2)
    __mathlib_flt_invalid                    0x080030db   Thumb Code     8  funder.o(i.__mathlib_flt_invalid)
    __mathlib_flt_underflow                  0x080030e3   Thumb Code    10  funder.o(i.__mathlib_flt_underflow)
    __mathlib_rredf2                         0x080030ed   Thumb Code   344  rredf.o(i.__mathlib_rredf2)
    __scatterload_copy                       0x08003255   Thumb Code    14  handlers.o(i.__scatterload_copy)
    __scatterload_null                       0x08003263   Thumb Code     2  handlers.o(i.__scatterload_null)
    __scatterload_zeroinit                   0x08003265   Thumb Code    14  handlers.o(i.__scatterload_zeroinit)
    __set_errno                              0x08003275   Thumb Code     6  errno.o(i.__set_errno)
    algorithm_pose                           0x08003b33   Thumb Code    24  algorithm.o(i.algorithm_pose)
    algorithm_pose_EKF_Quaternion            0x08003b4d   Thumb Code  1728  algorithm.o(i.algorithm_pose_EKF_Quaternion)
    asinf                                    0x08004225   Thumb Code   254  asinf.o(i.asinf)
    atan2f                                   0x08004349   Thumb Code   528  atan2f.o(i.atan2f)
    butterworth_filter                       0x080045a5   Thumb Code   116  imu.o(i.butterworth_filter)
    calculate_butterworth_parameters         0x08004619   Thumb Code   268  imu.o(i.calculate_butterworth_parameters)
    cosf                                     0x08004731   Thumb Code   328  cosf.o(i.cosf)
    delay_ms                                 0x080048ad   Thumb Code    12  port.o(i.delay_ms)
    fight_init                               0x080048b9   Thumb Code   124  control.o(i.fight_init)
    fputc                                    0x08004965   Thumb Code    24  usart.o(i.fputc)
    gpio_iic_scl_reset                       0x08004981   Thumb Code    16  port.o(i.gpio_iic_scl_reset)
    gpio_iic_scl_set                         0x08004995   Thumb Code    14  port.o(i.gpio_iic_scl_set)
    gpio_iic_sda_reset                       0x080049a9   Thumb Code    16  port.o(i.gpio_iic_sda_reset)
    gpio_iic_sda_set                         0x080049bd   Thumb Code    14  port.o(i.gpio_iic_sda_set)
    i2c_mpu_multi_read                       0x080049d1   Thumb Code    44  port.o(i.i2c_mpu_multi_read)
    i2c_mpu_single_read                      0x08004a01   Thumb Code    44  port.o(i.i2c_mpu_single_read)
    i2c_mpu_single_write                     0x08004a31   Thumb Code    48  port.o(i.i2c_mpu_single_write)
    main                                     0x08004a65   Thumb Code    42  main.o(i.main)
    mpu_acc_filter                           0x08004a95   Thumb Code    96  imu.o(i.mpu_acc_filter)
    mpu_acce_calibrate                       0x08004af9   Thumb Code    38  imu.o(i.mpu_acce_calibrate)
    mpu_acce_get_offset                      0x08004b25   Thumb Code   134  imu.o(i.mpu_acce_get_offset)
    mpu_config                               0x08004c1d   Thumb Code    54  imu.o(i.mpu_config)
    mpu_data_update                          0x08004c55   Thumb Code   126  imu.o(i.mpu_data_update)
    mpu_gyro_calibrate                       0x08004d1d   Thumb Code    38  imu.o(i.mpu_gyro_calibrate)
    mpu_gyro_get_offset                      0x08004d49   Thumb Code   132  imu.o(i.mpu_gyro_get_offset)
    mpu_init                                 0x08004e3d   Thumb Code    38  imu.o(i.mpu_init)
    mpu_read_acce_raw                        0x08004e71   Thumb Code    88  imu.o(i.mpu_read_acce_raw)
    mpu_read_gyro_raw                        0x08004ec9   Thumb Code    88  imu.o(i.mpu_read_gyro_raw)
    mpu_test                                 0x08004f21   Thumb Code    28  imu.o(i.mpu_test)
    oled_fill_screen                         0x08004f3d   Thumb Code    44  viewer.o(i.oled_fill_screen)
    oled_set_config                          0x08004f69   Thumb Code   166  viewer.o(i.oled_set_config)
    oled_set_pose                            0x0800500f   Thumb Code    42  viewer.o(i.oled_set_pose)
    oled_show_multi_asscii                   0x08005039   Thumb Code    44  viewer.o(i.oled_show_multi_asscii)
    oled_show_single_asscii                  0x08005065   Thumb Code    62  viewer.o(i.oled_show_single_asscii)
    oled_write_cmd                           0x080050a9   Thumb Code    44  viewer.o(i.oled_write_cmd)
    oled_write_data                          0x080050d5   Thumb Code    44  viewer.o(i.oled_write_data)
    soft_iic_start                           0x08005101   Thumb Code    20  viewer.o(i.soft_iic_start)
    soft_iic_stop                            0x08005115   Thumb Code    16  viewer.o(i.soft_iic_stop)
    soft_iic_wait_ack                        0x08005125   Thumb Code    12  viewer.o(i.soft_iic_wait_ack)
    soft_iic_write_byte                      0x08005131   Thumb Code    54  viewer.o(i.soft_iic_write_byte)
    sqrtf                                    0x08005167   Thumb Code    44  sqrtf.o(i.sqrtf)
    tanf                                     0x08005195   Thumb Code   314  tanf.o(i.tanf)
    AHBPrescTable                            0x08005308   Data          16  system_stm32f1xx.o(.constdata)
    APBPrescTable                            0x08005318   Data           8  system_stm32f1xx.o(.constdata)
    F6x8                                     0x08005320   Data         552  viewer.o(.constdata)
    Region$$Table$$Base                      0x08005568   Number         0  anon$$obj.o(Region$$Table)
    Region$$Table$$Limit                     0x08005588   Number         0  anon$$obj.o(Region$$Table)
    __stdout                                 0x20000000   Data           4  usart.o(.data)
    uwTick                                   0x20000004   Data           4  stm32f1xx_hal.o(.data)
    uwTickPrio                               0x20000008   Data           4  stm32f1xx_hal.o(.data)
    uwTickFreq                               0x2000000c   Data           1  stm32f1xx_hal.o(.data)
    SystemCoreClock                          0x20000010   Data           4  system_stm32f1xx.o(.data)
    hi2c1                                    0x20000038   Data          84  i2c.o(.bss)
    htim2                                    0x2000008c   Data          72  tim.o(.bss)
    htim3                                    0x200000d4   Data          72  tim.o(.bss)
    huart1                                   0x2000011c   Data          68  usart.o(.bss)
    __initial_sp                             0x200005e8   Data           0  startup_stm32f103xb.o(STACK)



==============================================================================

Memory Map of the image

  Image Entry point : 0x080000ed

  Load Region LR_IROM1 (Base: 0x08000000, Size: 0x000055c0, Max: 0x00010000, ABSOLUTE)

    Execution Region ER_IROM1 (Base: 0x08000000, Size: 0x00005588, Max: 0x00010000, ABSOLUTE)

    Base Addr    Size         Type   Attr      Idx    E Section Name        Object

    0x08000000   0x000000ec   Data   RO            3    RESET               startup_stm32f103xb.o
    0x080000ec   0x00000000   Code   RO         3794  * .ARM.Collect$$$$00000000  mc_w.l(entry.o)
    0x080000ec   0x00000004   Code   RO         4140    .ARM.Collect$$$$00000001  mc_w.l(entry2.o)
    0x080000f0   0x00000004   Code   RO         4143    .ARM.Collect$$$$00000004  mc_w.l(entry5.o)
    0x080000f4   0x00000000   Code   RO         4145    .ARM.Collect$$$$00000008  mc_w.l(entry7b.o)
    0x080000f4   0x00000000   Code   RO         4147    .ARM.Collect$$$$0000000A  mc_w.l(entry8b.o)
    0x080000f4   0x00000008   Code   RO         4148    .ARM.Collect$$$$0000000B  mc_w.l(entry9a.o)
    0x080000fc   0x00000000   Code   RO         4150    .ARM.Collect$$$$0000000D  mc_w.l(entry10a.o)
    0x080000fc   0x00000000   Code   RO         4152    .ARM.Collect$$$$0000000F  mc_w.l(entry11a.o)
    0x080000fc   0x00000004   Code   RO         4141    .ARM.Collect$$$$00002712  mc_w.l(entry2.o)
    0x08000100   0x00000024   Code   RO            4    .text               startup_stm32f103xb.o
    0x08000124   0x00000020   Code   RO         3797    .text               mc_w.l(llushr.o)
    0x08000144   0x00000024   Code   RO         3799    .text               mc_w.l(memcpya.o)
    0x08000168   0x00000024   Code   RO         3801    .text               mc_w.l(memseta.o)
    0x0800018c   0x000000b0   Code   RO         4066    .text               mf_w.l(fadd.o)
    0x0800023c   0x00000064   Code   RO         4068    .text               mf_w.l(fmul.o)
    0x080002a0   0x0000007c   Code   RO         4070    .text               mf_w.l(fdiv.o)
    0x0800031c   0x0000014e   Code   RO         4072    .text               mf_w.l(dadd.o)
    0x0800046a   0x000000e4   Code   RO         4074    .text               mf_w.l(dmul.o)
    0x0800054e   0x000000de   Code   RO         4076    .text               mf_w.l(ddiv.o)
    0x0800062c   0x00000012   Code   RO         4078    .text               mf_w.l(fflti.o)
    0x0800063e   0x00000032   Code   RO         4080    .text               mf_w.l(ffixi.o)
    0x08000670   0x00000026   Code   RO         4082    .text               mf_w.l(f2d.o)
    0x08000696   0x00000038   Code   RO         4084    .text               mf_w.l(d2f.o)
    0x080006ce   0x00000002   PAD
    0x080006d0   0x00000014   Code   RO         4086    .text               mf_w.l(cfcmple.o)
    0x080006e4   0x0000002c   Code   RO         4154    .text               mc_w.l(uidiv.o)
    0x08000710   0x00000062   Code   RO         4156    .text               mc_w.l(uldiv.o)
    0x08000772   0x0000001e   Code   RO         4158    .text               mc_w.l(llshl.o)
    0x08000790   0x00000024   Code   RO         4160    .text               mc_w.l(llsshr.o)
    0x080007b4   0x00000000   Code   RO         4169    .text               mc_w.l(iusefp.o)
    0x080007b4   0x0000006e   Code   RO         4170    .text               mf_w.l(fepilogue.o)
    0x08000822   0x00000018   Code   RO         4172    .text               mf_w.l(fscalb.o)
    0x0800083a   0x0000003c   Code   RO         4174    .text               mf_w.l(frnd.o)
    0x08000876   0x000000ba   Code   RO         4176    .text               mf_w.l(depilogue.o)
    0x08000930   0x00000030   Code   RO         4180    .text               mf_w.l(dfixul.o)
    0x08000960   0x00000030   Code   RO         4184    .text               mf_w.l(cdrcmple.o)
    0x08000990   0x00000024   Code   RO         4190    .text               mc_w.l(init.o)
    0x080009b4   0x0000005e   Code   RO         4192    .text               mf_w.l(fsqrt.o)
    0x08000a12   0x0000000a   Code   RO         4196    .text               mf_w.l(ffltui.o)
    0x08000a1c   0x00000004   Code   RO          372    i.BusFault_Handler  stm32f1xx_it.o
    0x08000a20   0x00000002   Code   RO          373    i.DebugMon_Handler  stm32f1xx_it.o
    0x08000a22   0x00000002   Code   RO           13    i.Error_Handler     main.o
    0x08000a24   0x00000028   Code   RO         2344    i.HAL_Delay         stm32f1xx_hal.o
    0x08000a4c   0x00000320   Code   RO         2657    i.HAL_GPIO_Init     stm32f1xx_hal_gpio.o
    0x08000d6c   0x0000000c   Code   RO         2661    i.HAL_GPIO_WritePin  stm32f1xx_hal_gpio.o
    0x08000d78   0x0000000c   Code   RO         2348    i.HAL_GetTick       stm32f1xx_hal.o
    0x08000d84   0x000001d0   Code   RO          525    i.HAL_I2C_Init      stm32f1xx_hal_i2c.o
    0x08000f54   0x00000364   Code   RO          543    i.HAL_I2C_Mem_Read  stm32f1xx_hal_i2c.o
    0x080012b8   0x00000164   Code   RO          546    i.HAL_I2C_Mem_Write  stm32f1xx_hal_i2c.o
    0x0800141c   0x00000074   Code   RO          206    i.HAL_I2C_MspInit   i2c.o
    0x08001490   0x00000018   Code   RO         2354    i.HAL_IncTick       stm32f1xx_hal.o
    0x080014a8   0x00000028   Code   RO         2355    i.HAL_Init          stm32f1xx_hal.o
    0x080014d0   0x0000004c   Code   RO         2356    i.HAL_InitTick      stm32f1xx_hal.o
    0x0800151c   0x00000054   Code   RO          454    i.HAL_MspInit       stm32f1xx_hal_msp.o
    0x08001570   0x00000020   Code   RO         2817    i.HAL_NVIC_EnableIRQ  stm32f1xx_hal_cortex.o
    0x08001590   0x0000007c   Code   RO         2823    i.HAL_NVIC_SetPriority  stm32f1xx_hal_cortex.o
    0x0800160c   0x00000028   Code   RO         2824    i.HAL_NVIC_SetPriorityGrouping  stm32f1xx_hal_cortex.o
    0x08001634   0x0000018c   Code   RO         2512    i.HAL_RCC_ClockConfig  stm32f1xx_hal_rcc.o
    0x080017c0   0x0000000c   Code   RO         2517    i.HAL_RCC_GetHCLKFreq  stm32f1xx_hal_rcc.o
    0x080017cc   0x00000020   Code   RO         2519    i.HAL_RCC_GetPCLK1Freq  stm32f1xx_hal_rcc.o
    0x080017ec   0x00000020   Code   RO         2520    i.HAL_RCC_GetPCLK2Freq  stm32f1xx_hal_rcc.o
    0x0800180c   0x00000094   Code   RO         2521    i.HAL_RCC_GetSysClockFreq  stm32f1xx_hal_rcc.o
    0x080018a0   0x00000464   Code   RO         2524    i.HAL_RCC_OscConfig  stm32f1xx_hal_rcc.o
    0x08001d04   0x00000034   Code   RO         2828    i.HAL_SYSTICK_Config  stm32f1xx_hal_cortex.o
    0x08001d38   0x00000002   Code   RO         1703    i.HAL_TIMEx_BreakCallback  stm32f1xx_hal_tim_ex.o
    0x08001d3a   0x00000002   Code   RO         1704    i.HAL_TIMEx_CommutCallback  stm32f1xx_hal_tim_ex.o
    0x08001d3c   0x00000084   Code   RO         1722    i.HAL_TIMEx_MasterConfigSynchronization  stm32f1xx_hal_tim_ex.o
    0x08001dc0   0x00000066   Code   RO          988    i.HAL_TIM_Base_Init  stm32f1xx_hal_tim.o
    0x08001e26   0x00000002   PAD
    0x08001e28   0x00000040   Code   RO          248    i.HAL_TIM_Base_MspInit  tim.o
    0x08001e68   0x00000078   Code   RO          993    i.HAL_TIM_Base_Start_IT  stm32f1xx_hal_tim.o
    0x08001ee0   0x00000108   Code   RO          997    i.HAL_TIM_ConfigClockSource  stm32f1xx_hal_tim.o
    0x08001fe8   0x00000002   Code   RO         1022    i.HAL_TIM_IC_CaptureCallback  stm32f1xx_hal_tim.o
    0x08001fea   0x00000196   Code   RO         1036    i.HAL_TIM_IRQHandler  stm32f1xx_hal_tim.o
    0x08002180   0x00000088   Code   RO          249    i.HAL_TIM_MspPostInit  tim.o
    0x08002208   0x00000002   Code   RO         1039    i.HAL_TIM_OC_DelayElapsedCallback  stm32f1xx_hal_tim.o
    0x0800220a   0x000000fc   Code   RO         1060    i.HAL_TIM_PWM_ConfigChannel  stm32f1xx_hal_tim.o
    0x08002306   0x00000066   Code   RO         1063    i.HAL_TIM_PWM_Init  stm32f1xx_hal_tim.o
    0x0800236c   0x00000030   Code   RO          251    i.HAL_TIM_PWM_MspInit  tim.o
    0x0800239c   0x00000002   Code   RO         1066    i.HAL_TIM_PWM_PulseFinishedCallback  stm32f1xx_hal_tim.o
    0x0800239e   0x00000002   PAD
    0x080023a0   0x00000060   Code   RO         3524    i.HAL_TIM_PeriodElapsedCallback  port.o
    0x08002400   0x00000002   Code   RO         1079    i.HAL_TIM_TriggerCallback  stm32f1xx_hal_tim.o
    0x08002402   0x00000072   Code   RO         1999    i.HAL_UART_Init     stm32f1xx_hal_uart.o
    0x08002474   0x00000088   Code   RO          314    i.HAL_UART_MspInit  usart.o
    0x080024fc   0x00000004   Code   RO          374    i.HardFault_Handler  stm32f1xx_it.o
    0x08002500   0x0000003e   Code   RO          568    i.I2C_IsAcknowledgeFailed  stm32f1xx_hal_i2c.o
    0x0800253e   0x00000002   PAD
    0x08002540   0x00000160   Code   RO          579    i.I2C_RequestMemoryRead  stm32f1xx_hal_i2c.o
    0x080026a0   0x000000e0   Code   RO          580    i.I2C_RequestMemoryWrite  stm32f1xx_hal_i2c.o
    0x08002780   0x0000005c   Code   RO          588    i.I2C_WaitOnBTFFlagUntilTimeout  stm32f1xx_hal_i2c.o
    0x080027dc   0x00000086   Code   RO          589    i.I2C_WaitOnFlagUntilTimeout  stm32f1xx_hal_i2c.o
    0x08002862   0x000000c4   Code   RO          590    i.I2C_WaitOnMasterAddressFlagUntilTimeout  stm32f1xx_hal_i2c.o
    0x08002926   0x00000080   Code   RO          591    i.I2C_WaitOnRXNEFlagUntilTimeout  stm32f1xx_hal_i2c.o
    0x080029a6   0x0000005c   Code   RO          594    i.I2C_WaitOnTXEFlagUntilTimeout  stm32f1xx_hal_i2c.o
    0x08002a02   0x00000002   PAD
    0x08002a04   0x000000b0   Code   RO          181    i.MX_GPIO_Init      gpio.o
    0x08002ab4   0x0000003c   Code   RO          207    i.MX_I2C1_Init      i2c.o
    0x08002af0   0x0000006c   Code   RO          252    i.MX_TIM2_Init      tim.o
    0x08002b5c   0x000000a4   Code   RO          253    i.MX_TIM3_Init      tim.o
    0x08002c00   0x00000038   Code   RO          315    i.MX_USART1_UART_Init  usart.o
    0x08002c38   0x00000004   Code   RO          375    i.MemManage_Handler  stm32f1xx_it.o
    0x08002c3c   0x00000002   Code   RO          376    i.NMI_Handler       stm32f1xx_it.o
    0x08002c3e   0x00000002   Code   RO          377    i.PendSV_Handler    stm32f1xx_it.o
    0x08002c40   0x00000028   Code   RO         2525    i.RCC_Delay         stm32f1xx_hal_rcc.o
    0x08002c68   0x00000002   Code   RO          378    i.SVC_Handler       stm32f1xx_it.o
    0x08002c6a   0x00000008   Code   RO          379    i.SysTick_Handler   stm32f1xx_it.o
    0x08002c72   0x00000066   Code   RO           14    i.SystemClock_Config  main.o
    0x08002cd8   0x00000002   Code   RO         3344    i.SystemInit        system_stm32f1xx.o
    0x08002cda   0x00000002   PAD
    0x08002cdc   0x00000010   Code   RO          380    i.TIM2_IRQHandler   stm32f1xx_it.o
    0x08002cec   0x00000074   Code   RO         1081    i.TIM_Base_SetConfig  stm32f1xx_hal_tim.o
    0x08002d60   0x00000016   Code   RO         1092    i.TIM_ETR_SetConfig  stm32f1xx_hal_tim.o
    0x08002d76   0x00000012   Code   RO         1093    i.TIM_ITRx_SetConfig  stm32f1xx_hal_tim.o
    0x08002d88   0x00000060   Code   RO         1094    i.TIM_OC1_SetConfig  stm32f1xx_hal_tim.o
    0x08002de8   0x00000068   Code   RO         1095    i.TIM_OC2_SetConfig  stm32f1xx_hal_tim.o
    0x08002e50   0x00000068   Code   RO         1096    i.TIM_OC3_SetConfig  stm32f1xx_hal_tim.o
    0x08002eb8   0x00000048   Code   RO         1097    i.TIM_OC4_SetConfig  stm32f1xx_hal_tim.o
    0x08002f00   0x00000026   Code   RO         1099    i.TIM_TI1_ConfigInputStage  stm32f1xx_hal_tim.o
    0x08002f26   0x00000028   Code   RO         1101    i.TIM_TI2_ConfigInputStage  stm32f1xx_hal_tim.o
    0x08002f4e   0x00000002   PAD
    0x08002f50   0x000000fc   Code   RO         2026    i.UART_SetConfig    stm32f1xx_hal_uart.o
    0x0800304c   0x00000004   Code   RO          381    i.UsageFault_Handler  stm32f1xx_it.o
    0x08003050   0x00000020   Code   RO         4038    i.__0printf         mc_w.l(printfa.o)
    0x08003070   0x00000026   Code   RO         4112    i.__ARM_fpclassifyf  m_ws.l(fpclassifyf.o)
    0x08003096   0x00000002   PAD
    0x08003098   0x00000010   Code   RO         2830    i.__NVIC_GetPriorityGrouping  stm32f1xx_hal_cortex.o
    0x080030a8   0x00000028   Code   RO         2831    i.__NVIC_SetPriority  stm32f1xx_hal_cortex.o
    0x080030d0   0x00000006   Code   RO         4115    i.__mathlib_flt_infnan  m_ws.l(funder.o)
    0x080030d6   0x00000004   Code   RO         4116    i.__mathlib_flt_infnan2  m_ws.l(funder.o)
    0x080030da   0x00000008   Code   RO         4117    i.__mathlib_flt_invalid  m_ws.l(funder.o)
    0x080030e2   0x0000000a   Code   RO         4120    i.__mathlib_flt_underflow  m_ws.l(funder.o)
    0x080030ec   0x00000168   Code   RO         4129    i.__mathlib_rredf2  m_ws.l(rredf.o)
    0x08003254   0x0000000e   Code   RO         4200    i.__scatterload_copy  mc_w.l(handlers.o)
    0x08003262   0x00000002   Code   RO         4201    i.__scatterload_null  mc_w.l(handlers.o)
    0x08003264   0x0000000e   Code   RO         4202    i.__scatterload_zeroinit  mc_w.l(handlers.o)
    0x08003272   0x00000002   PAD
    0x08003274   0x0000000c   Code   RO         4164    i.__set_errno       mc_w.l(errno.o)
    0x08003280   0x00000184   Code   RO         4045    i._fp_digits        mc_w.l(printfa.o)
    0x08003404   0x000006dc   Code   RO         4046    i._printf_core      mc_w.l(printfa.o)
    0x08003ae0   0x00000024   Code   RO         4047    i._printf_post_padding  mc_w.l(printfa.o)
    0x08003b04   0x0000002e   Code   RO         4048    i._printf_pre_padding  mc_w.l(printfa.o)
    0x08003b32   0x00000018   Code   RO         3619    i.algorithm_pose    algorithm.o
    0x08003b4a   0x00000002   PAD
    0x08003b4c   0x000006d8   Code   RO         3620    i.algorithm_pose_EKF_Quaternion  algorithm.o
    0x08004224   0x00000124   Code   RO         3747    i.asinf             m_ws.l(asinf.o)
    0x08004348   0x0000025c   Code   RO         3763    i.atan2f            m_ws.l(atan2f.o)
    0x080045a4   0x00000074   Code   RO         3414    i.butterworth_filter  imu.o
    0x08004618   0x00000118   Code   RO         3415    i.calculate_butterworth_parameters  imu.o
    0x08004730   0x0000017c   Code   RO         3771    i.cosf              m_ws.l(cosf.o)
    0x080048ac   0x0000000c   Code   RO         3525    i.delay_ms          port.o
    0x080048b8   0x000000ac   Code   RO         3380    i.fight_init        control.o
    0x08004964   0x0000001c   Code   RO          317    i.fputc             usart.o
    0x08004980   0x00000014   Code   RO         3526    i.gpio_iic_scl_reset  port.o
    0x08004994   0x00000014   Code   RO         3527    i.gpio_iic_scl_set  port.o
    0x080049a8   0x00000014   Code   RO         3528    i.gpio_iic_sda_reset  port.o
    0x080049bc   0x00000014   Code   RO         3529    i.gpio_iic_sda_set  port.o
    0x080049d0   0x00000030   Code   RO         3533    i.i2c_mpu_multi_read  port.o
    0x08004a00   0x00000030   Code   RO         3534    i.i2c_mpu_single_read  port.o
    0x08004a30   0x00000034   Code   RO         3535    i.i2c_mpu_single_write  port.o
    0x08004a64   0x00000030   Code   RO           15    i.main              main.o
    0x08004a94   0x00000064   Code   RO         3416    i.mpu_acc_filter    imu.o
    0x08004af8   0x0000002c   Code   RO         3417    i.mpu_acce_calibrate  imu.o
    0x08004b24   0x000000f8   Code   RO         3418    i.mpu_acce_get_offset  imu.o
    0x08004c1c   0x00000036   Code   RO         3419    i.mpu_config        imu.o
    0x08004c52   0x00000002   PAD
    0x08004c54   0x000000c8   Code   RO         3420    i.mpu_data_update   imu.o
    0x08004d1c   0x0000002c   Code   RO         3421    i.mpu_gyro_calibrate  imu.o
    0x08004d48   0x000000f4   Code   RO         3422    i.mpu_gyro_get_offset  imu.o
    0x08004e3c   0x00000034   Code   RO         3423    i.mpu_init          imu.o
    0x08004e70   0x00000058   Code   RO         3424    i.mpu_read_acce_raw  imu.o
    0x08004ec8   0x00000058   Code   RO         3425    i.mpu_read_gyro_raw  imu.o
    0x08004f20   0x0000001c   Code   RO         3427    i.mpu_test          imu.o
    0x08004f3c   0x0000002c   Code   RO         3656    i.oled_fill_screen  viewer.o
    0x08004f68   0x000000a6   Code   RO         3657    i.oled_set_config   viewer.o
    0x0800500e   0x0000002a   Code   RO         3658    i.oled_set_pose     viewer.o
    0x08005038   0x0000002c   Code   RO         3660    i.oled_show_multi_asscii  viewer.o
    0x08005064   0x00000044   Code   RO         3661    i.oled_show_single_asscii  viewer.o
    0x080050a8   0x0000002c   Code   RO         3662    i.oled_write_cmd    viewer.o
    0x080050d4   0x0000002c   Code   RO         3663    i.oled_write_data   viewer.o
    0x08005100   0x00000014   Code   RO         3664    i.soft_iic_start    viewer.o
    0x08005114   0x00000010   Code   RO         3665    i.soft_iic_stop     viewer.o
    0x08005124   0x0000000c   Code   RO         3666    i.soft_iic_wait_ack  viewer.o
    0x08005130   0x00000036   Code   RO         3667    i.soft_iic_write_byte  viewer.o
    0x08005166   0x0000002c   Code   RO         4133    i.sqrtf             m_ws.l(sqrtf.o)
    0x08005192   0x00000002   PAD
    0x08005194   0x00000174   Code   RO         3787    i.tanf              m_ws.l(tanf.o)
    0x08005308   0x00000018   Data   RO         3345    .constdata          system_stm32f1xx.o
    0x08005320   0x00000228   Data   RO         3668    .constdata          viewer.o
    0x08005548   0x00000020   Data   RO         4130    .constdata          m_ws.l(rredf.o)
    0x08005568   0x00000020   Data   RO         4198    Region$$Table       anon$$obj.o


    Execution Region RW_IRAM1 (Base: 0x20000000, Size: 0x000005e8, Max: 0x00005000, ABSOLUTE)

    Base Addr    Size         Type   Attr      Idx    E Section Name        Object

    0x20000000   0x00000004   Data   RW          319    .data               usart.o
    0x20000004   0x00000009   Data   RW         2362    .data               stm32f1xx_hal.o
    0x2000000d   0x00000003   PAD
    0x20000010   0x00000004   Data   RW         3346    .data               system_stm32f1xx.o
    0x20000014   0x0000000e   Data   RW         3537    .data               port.o
    0x20000022   0x00000002   PAD
    0x20000024   0x00000010   Data   RW         3622    .data               algorithm.o
    0x20000034   0x00000004   Data   RW         4165    .data               mc_w.l(errno.o)
    0x20000038   0x00000054   Zero   RW          208    .bss                i2c.o
    0x2000008c   0x00000090   Zero   RW          254    .bss                tim.o
    0x2000011c   0x00000044   Zero   RW          318    .bss                usart.o
    0x20000160   0x00000078   Zero   RW         3428    .bss                imu.o
    0x200001d8   0x0000000c   Zero   RW         3536    .bss                port.o
    0x200001e4   0x00000004   PAD
    0x200001e8   0x00000400   Zero   RW            1    STACK               startup_stm32f103xb.o


==============================================================================

Image component sizes


      Code (inc. data)   RO Data    RW Data    ZI Data      Debug   Object Name

      1776         44          0         16          0       1781   algorithm.o
       172         48          0          0          0        545   control.o
       176          8          0          0          0        879   gpio.o
       176         24          0          0         84       1525   i2c.o
      1586        342          0          0        120      10112   imu.o
       152          6          0          0          0     434384   main.o
       336         56          0         14         12       5637   port.o
        36          8        236          0       1024        792   startup_stm32f103xb.o
       192         36          0          9          0       5801   stm32f1xx_hal.o
       304         22          0          0          0      29339   stm32f1xx_hal_cortex.o
       812         34          0          0          0       2640   stm32f1xx_hal_gpio.o
      2968         52          0          0          0      11274   stm32f1xx_hal_i2c.o
        84          8          0          0          0        846   stm32f1xx_hal_msp.o
      1784        110          0          0          0       5920   stm32f1xx_hal_rcc.o
      1864         46          0          0          0      13278   stm32f1xx_hal_tim.o
       136         14          0          0          0       2353   stm32f1xx_hal_tim_ex.o
       366          4          0          0          0       1696   stm32f1xx_hal_uart.o
        48          6          0          0          0       4164   stm32f1xx_it.o
         2          0         24          4          0       1063   system_stm32f1xx.o
       520         44          0          0        144       3363   tim.o
       220         28          0          4         68       3326   usart.o
       554          6        552          0          0       6533   viewer.o

    ----------------------------------------------------------------------
     14280        946        844         52       1456     547251   Object Totals
         0          0         32          0          0          0   (incl. Generated)
        16          0          0          5          4          0   (incl. Padding)

    ----------------------------------------------------------------------

      Code (inc. data)   RO Data    RW Data    ZI Data      Debug   Library Member Name

       292         38          0          0          0        120   asinf.o
       604         76          0          0          0        116   atan2f.o
       380         52          0          0          0        124   cosf.o
        38          0          0          0          0         68   fpclassifyf.o
        28          0          0          0          0        272   funder.o
       360         16         32          0          0         88   rredf.o
        44          0          0          0          0         80   sqrtf.o
       372         58          0          0          0        124   tanf.o
         0          0          0          0          0          0   entry.o
         0          0          0          0          0          0   entry10a.o
         0          0          0          0          0          0   entry11a.o
         8          4          0          0          0          0   entry2.o
         4          0          0          0          0          0   entry5.o
         0          0          0          0          0          0   entry7b.o
         0          0          0          0          0          0   entry8b.o
         8          4          0          0          0          0   entry9a.o
        12          6          0          4          0         68   errno.o
        30          0          0          0          0          0   handlers.o
        36          8          0          0          0         68   init.o
         0          0          0          0          0          0   iusefp.o
        30          0          0          0          0         68   llshl.o
        36          0          0          0          0         68   llsshr.o
        32          0          0          0          0         68   llushr.o
        36          0          0          0          0         68   memcpya.o
        36          0          0          0          0        108   memseta.o
      2258         90          0          0          0        452   printfa.o
        44          0          0          0          0         80   uidiv.o
        98          0          0          0          0         92   uldiv.o
        48          0          0          0          0         68   cdrcmple.o
        20          0          0          0          0         68   cfcmple.o
        56          0          0          0          0         88   d2f.o
       334          0          0          0          0        148   dadd.o
       222          0          0          0          0        100   ddiv.o
       186          0          0          0          0        176   depilogue.o
        48          0          0          0          0         68   dfixul.o
       228          0          0          0          0         96   dmul.o
        38          0          0          0          0         68   f2d.o
       176          0          0          0          0        140   fadd.o
       124          0          0          0          0         88   fdiv.o
       110          0          0          0          0        168   fepilogue.o
        50          0          0          0          0         68   ffixi.o
        18          0          0          0          0         68   fflti.o
        10          0          0          0          0         68   ffltui.o
       100          0          0          0          0         76   fmul.o
        60          0          0          0          0         76   frnd.o
        24          0          0          0          0         68   fscalb.o
        94          0          0          0          0         96   fsqrt.o

    ----------------------------------------------------------------------
      6740        352         32          4          0       3928   Library Totals
         8          0          0          0          0          0   (incl. Padding)

    ----------------------------------------------------------------------

      Code (inc. data)   RO Data    RW Data    ZI Data      Debug   Library Name

      2118        240         32          0          0        992   m_ws.l
      2668        112          0          4          0       1140   mc_w.l
      1946          0          0          0          0       1796   mf_w.l

    ----------------------------------------------------------------------
      6740        352         32          4          0       3928   Library Totals

    ----------------------------------------------------------------------

==============================================================================


      Code (inc. data)   RO Data    RW Data    ZI Data      Debug   

     21020       1298        876         56       1456     543323   Grand Totals
     21020       1298        876         56       1456     543323   ELF Image Totals
     21020       1298        876         56          0          0   ROM Totals

==============================================================================

    Total RO  Size (Code + RO Data)                21896 (  21.38kB)
    Total RW  Size (RW Data + ZI Data)              1512 (   1.48kB)
    Total ROM Size (Code + RO Data + RW Data)      21952 (  21.44kB)

==============================================================================

