Component: ARM Compiler 5.06 update 3 (build 300) Tool: armlink [4d35c9]

==============================================================================

Section Cross References

    startup_stm32f103xb.o(RESET) refers to startup_stm32f103xb.o(STACK) for __initial_sp
    startup_stm32f103xb.o(RESET) refers to startup_stm32f103xb.o(.text) for Reset_Handler
    startup_stm32f103xb.o(RESET) refers to stm32f1xx_it.o(i.NMI_Handler) for NMI_Handler
    startup_stm32f103xb.o(RESET) refers to stm32f1xx_it.o(i.HardFault_Handler) for HardFault_Handler
    startup_stm32f103xb.o(RESET) refers to stm32f1xx_it.o(i.MemManage_Handler) for MemManage_Handler
    startup_stm32f103xb.o(RESET) refers to stm32f1xx_it.o(i.BusFault_Handler) for BusFault_Handler
    startup_stm32f103xb.o(RESET) refers to stm32f1xx_it.o(i.UsageFault_Handler) for UsageFault_Handler
    startup_stm32f103xb.o(RESET) refers to stm32f1xx_it.o(i.SVC_Handler) for SVC_Handler
    startup_stm32f103xb.o(RESET) refers to stm32f1xx_it.o(i.DebugMon_Handler) for DebugMon_Handler
    startup_stm32f103xb.o(RESET) refers to stm32f1xx_it.o(i.PendSV_Handler) for PendSV_Handler
    startup_stm32f103xb.o(RESET) refers to stm32f1xx_it.o(i.SysTick_Handler) for SysTick_Handler
    startup_stm32f103xb.o(RESET) refers to stm32f1xx_it.o(i.TIM2_IRQHandler) for TIM2_IRQHandler
    startup_stm32f103xb.o(.text) refers to system_stm32f1xx.o(i.SystemInit) for SystemInit
    startup_stm32f103xb.o(.text) refers to entry.o(.ARM.Collect$$$$00000000) for __main
    main.o(i.SystemClock_Config) refers to memseta.o(.text) for __aeabi_memclr4
    main.o(i.SystemClock_Config) refers to stm32f1xx_hal_rcc.o(i.HAL_RCC_OscConfig) for HAL_RCC_OscConfig
    main.o(i.SystemClock_Config) refers to main.o(i.Error_Handler) for Error_Handler
    main.o(i.SystemClock_Config) refers to stm32f1xx_hal_rcc.o(i.HAL_RCC_ClockConfig) for HAL_RCC_ClockConfig
    main.o(i.main) refers to stm32f1xx_hal.o(i.HAL_Init) for HAL_Init
    main.o(i.main) refers to main.o(i.SystemClock_Config) for SystemClock_Config
    main.o(i.main) refers to gpio.o(i.MX_GPIO_Init) for MX_GPIO_Init
    main.o(i.main) refers to i2c.o(i.MX_I2C1_Init) for MX_I2C1_Init
    main.o(i.main) refers to usart.o(i.MX_USART1_UART_Init) for MX_USART1_UART_Init
    main.o(i.main) refers to i2c.o(i.MX_I2C2_Init) for MX_I2C2_Init
    main.o(i.main) refers to tim.o(i.MX_TIM2_Init) for MX_TIM2_Init
    main.o(i.main) refers to tim.o(i.MX_TIM3_Init) for MX_TIM3_Init
    main.o(i.main) refers to stm32f1xx_hal_tim.o(i.HAL_TIM_Base_Start_IT) for HAL_TIM_Base_Start_IT
    main.o(i.main) refers to printfa.o(i.__0printf) for __2printf
    main.o(i.main) refers to imu.o(i.mpu_init) for mpu_init
    main.o(i.main) refers to tim.o(.bss) for htim2
    gpio.o(i.MX_GPIO_Init) refers to stm32f1xx_hal_gpio.o(i.HAL_GPIO_WritePin) for HAL_GPIO_WritePin
    gpio.o(i.MX_GPIO_Init) refers to stm32f1xx_hal_gpio.o(i.HAL_GPIO_Init) for HAL_GPIO_Init
    i2c.o(i.HAL_I2C_MspDeInit) refers to stm32f1xx_hal_gpio.o(i.HAL_GPIO_DeInit) for HAL_GPIO_DeInit
    i2c.o(i.HAL_I2C_MspInit) refers to stm32f1xx_hal_gpio.o(i.HAL_GPIO_Init) for HAL_GPIO_Init
    i2c.o(i.MX_I2C1_Init) refers to stm32f1xx_hal_i2c.o(i.HAL_I2C_Init) for HAL_I2C_Init
    i2c.o(i.MX_I2C1_Init) refers to main.o(i.Error_Handler) for Error_Handler
    i2c.o(i.MX_I2C1_Init) refers to i2c.o(.bss) for hi2c1
    i2c.o(i.MX_I2C2_Init) refers to stm32f1xx_hal_i2c.o(i.HAL_I2C_Init) for HAL_I2C_Init
    i2c.o(i.MX_I2C2_Init) refers to main.o(i.Error_Handler) for Error_Handler
    i2c.o(i.MX_I2C2_Init) refers to i2c.o(.bss) for hi2c2
    tim.o(i.HAL_TIM_Base_MspDeInit) refers to stm32f1xx_hal_cortex.o(i.HAL_NVIC_DisableIRQ) for HAL_NVIC_DisableIRQ
    tim.o(i.HAL_TIM_Base_MspInit) refers to stm32f1xx_hal_cortex.o(i.HAL_NVIC_SetPriority) for HAL_NVIC_SetPriority
    tim.o(i.HAL_TIM_Base_MspInit) refers to stm32f1xx_hal_cortex.o(i.HAL_NVIC_EnableIRQ) for HAL_NVIC_EnableIRQ
    tim.o(i.HAL_TIM_MspPostInit) refers to stm32f1xx_hal_gpio.o(i.HAL_GPIO_Init) for HAL_GPIO_Init
    tim.o(i.MX_TIM2_Init) refers to stm32f1xx_hal_tim.o(i.HAL_TIM_Base_Init) for HAL_TIM_Base_Init
    tim.o(i.MX_TIM2_Init) refers to main.o(i.Error_Handler) for Error_Handler
    tim.o(i.MX_TIM2_Init) refers to stm32f1xx_hal_tim.o(i.HAL_TIM_ConfigClockSource) for HAL_TIM_ConfigClockSource
    tim.o(i.MX_TIM2_Init) refers to stm32f1xx_hal_tim_ex.o(i.HAL_TIMEx_MasterConfigSynchronization) for HAL_TIMEx_MasterConfigSynchronization
    tim.o(i.MX_TIM2_Init) refers to tim.o(.bss) for htim2
    tim.o(i.MX_TIM3_Init) refers to memseta.o(.text) for __aeabi_memclr4
    tim.o(i.MX_TIM3_Init) refers to stm32f1xx_hal_tim.o(i.HAL_TIM_PWM_Init) for HAL_TIM_PWM_Init
    tim.o(i.MX_TIM3_Init) refers to main.o(i.Error_Handler) for Error_Handler
    tim.o(i.MX_TIM3_Init) refers to stm32f1xx_hal_tim_ex.o(i.HAL_TIMEx_MasterConfigSynchronization) for HAL_TIMEx_MasterConfigSynchronization
[...]
    Removing stm32f1xx_hal_flash.o(i.HAL_FLASH_OperationErrorCallback), (2 bytes).
    Removing stm32f1xx_hal_flash.o(i.HAL_FLASH_Program), (176 bytes).
    Removing stm32f1xx_hal_flash.o(i.HAL_FLASH_Program_IT), (124 bytes).
    Removing stm32f1xx_hal_flash.o(i.HAL_FLASH_Unlock), (48 bytes).
    Removing stm32f1xx_hal_flash.o(.bss), (32 bytes).
    Removing stm32f1xx_hal_flash_ex.o(.rev16_text), (4 bytes).
    Removing stm32f1xx_hal_flash_ex.o(.revsh_text), (4 bytes).
    Removing stm32f1xx_hal_flash_ex.o(.rrx_text), (6 bytes).
    Removing stm32f1xx_hal_flash_ex.o(i.FLASH_MassErase), (40 bytes).
    Removing stm32f1xx_hal_flash_ex.o(i.FLASH_OB_DisableWRP), (232 bytes).
    Removing stm32f1xx_hal_flash_ex.o(i.FLASH_OB_EnableWRP), (236 bytes).
    Removing stm32f1xx_hal_flash_ex.o(i.FLASH_OB_GetRDP), (28 bytes).
    Removing stm32f1xx_hal_flash_ex.o(i.FLASH_OB_GetUser), (16 bytes).
    Removing stm32f1xx_hal_flash_ex.o(i.FLASH_OB_GetWRP), (12 bytes).
    Removing stm32f1xx_hal_flash_ex.o(i.FLASH_OB_ProgramData), (76 bytes).
    Removing stm32f1xx_hal_flash_ex.o(i.FLASH_OB_RDP_LevelConfig), (124 bytes).
    Removing stm32f1xx_hal_flash_ex.o(i.FLASH_OB_UserConfig), (84 bytes).
    Removing stm32f1xx_hal_flash_ex.o(i.FLASH_PageErase), (40 bytes).
    Removing stm32f1xx_hal_flash_ex.o(i.HAL_FLASHEx_Erase), (176 bytes).
    Removing stm32f1xx_hal_flash_ex.o(i.HAL_FLASHEx_Erase_IT), (100 bytes).
    Removing stm32f1xx_hal_flash_ex.o(i.HAL_FLASHEx_OBErase), (96 bytes).
    Removing stm32f1xx_hal_flash_ex.o(i.HAL_FLASHEx_OBGetConfig), (28 bytes).
    Removing stm32f1xx_hal_flash_ex.o(i.HAL_FLASHEx_OBGetUserData), (40 bytes).
    Removing stm32f1xx_hal_flash_ex.o(i.HAL_FLASHEx_OBProgram), (200 bytes).
    Removing stm32f1xx_hal_exti.o(.rev16_text), (4 bytes).
    Removing stm32f1xx_hal_exti.o(.revsh_text), (4 bytes).
    Removing stm32f1xx_hal_exti.o(.rrx_text), (6 bytes).
    Removing stm32f1xx_hal_exti.o(i.HAL_EXTI_ClearConfigLine), (120 bytes).
    Removing stm32f1xx_hal_exti.o(i.HAL_EXTI_ClearPending), (28 bytes).
    Removing stm32f1xx_hal_exti.o(i.HAL_EXTI_GenerateSWI), (24 bytes).
    Removing stm32f1xx_hal_exti.o(i.HAL_EXTI_GetConfigLine), (160 bytes).
    Removing stm32f1xx_hal_exti.o(i.HAL_EXTI_GetHandle), (14 bytes).
    Removing stm32f1xx_hal_exti.o(i.HAL_EXTI_GetPending), (36 bytes).
    Removing stm32f1xx_hal_exti.o(i.HAL_EXTI_IRQHandler), (44 bytes).
    Removing stm32f1xx_hal_exti.o(i.HAL_EXTI_RegisterCallback), (20 bytes).
    Removing stm32f1xx_hal_exti.o(i.HAL_EXTI_SetConfigLine), (240 bytes).
    Removing system_stm32f1xx.o(.rev16_text), (4 bytes).
    Removing system_stm32f1xx.o(.revsh_text), (4 bytes).
    Removing system_stm32f1xx.o(.rrx_text), (6 bytes).
    Removing system_stm32f1xx.o(i.SystemCoreClockUpdate), (164 bytes).
    Removing control.o(.rev16_text), (4 bytes).
    Removing control.o(.revsh_text), (4 bytes).
    Removing control.o(.rrx_text), (6 bytes).
    Removing imu.o(.rev16_text), (4 bytes).
    Removing imu.o(.revsh_text), (4 bytes).
    Removing imu.o(.rrx_text), (6 bytes).
    Removing imu.o(i.mpu_read_temp), (92 bytes).
    Removing port.o(.rev16_text), (4 bytes).
    Removing port.o(.revsh_text), (4 bytes).
    Removing port.o(.rrx_text), (6 bytes).
    Removing port.o(i.gpio_led_red_toggle), (16 bytes).
    Removing port.o(i.gpio_led_red_turn_off), (20 bytes).
    Removing port.o(i.gpio_led_red_turn_on), (20 bytes).
    Removing algorithm.o(.rev16_text), (4 bytes).
    Removing algorithm.o(.revsh_text), (4 bytes).
    Removing algorithm.o(.rrx_text), (6 bytes).
    Removing cdcmple.o(.text), (48 bytes).

483 unused section(s) (total 48858 bytes) removed from the image.

==============================================================================

Image Symbol Table

    Local Symbols

    Symbol Name                              Value     Ov Type        Size  Object(Section)

    ../Drivers/STM32F1xx_HAL_Driver/Src/stm32f1xx_hal.c 0x00000000   Number         0  stm32f1xx_hal.o ABSOLUTE
    ../Drivers/STM32F1xx_HAL_Driver/Src/stm32f1xx_hal_cortex.c 0x00000000   Number         0  stm32f1xx_hal_cortex.o ABSOLUTE
    ../Drivers/STM32F1xx_HAL_Driver/Src/stm32f1xx_hal_dma.c 0x00000000   Number         0  stm32f1xx_hal_dma.o ABSOLUTE
    ../Drivers/STM32F1xx_HAL_Driver/Src/stm32f1xx_hal_exti.c 0x00000000   Number         0  stm32f1xx_hal_exti.o ABSOLUTE
    ../Drivers/STM32F1xx_HAL_Driver/Src/stm32f1xx_hal_flash.c 0x00000000   Number         0  stm32f1xx_hal_flash.o ABSOLUTE
    ../Drivers/STM32F1xx_HAL_Driver/Src/stm32f1xx_hal_flash_ex.c 0x00000000   Number         0  stm32f1xx_hal_flash_ex.o ABSOLUTE
    ../Drivers/STM32F1xx_HAL_Driver/Src/stm32f1xx_hal_gpio.c 0x00000000   Number         0  stm32f1xx_hal_gpio.o ABSOLUTE
    ../Drivers/STM32F1xx_HAL_Driver/Src/stm32f1xx_hal_gpio_ex.c 0x00000000   Number         0  stm32f1xx_hal_gpio_ex.o ABSOLUTE
    ../Drivers/STM32F1xx_HAL_Driver/Src/stm32f1xx_hal_i2c.c 0x00000000   Number         0  stm32f1xx_hal_i2c.o ABSOLUTE
    ../Drivers/STM32F1xx_HAL_Driver/Src/stm32f1xx_hal_pwr.c 0x00000000   Number         0  stm32f1xx_hal_pwr.o ABSOLUTE
    ../Drivers/STM32F1xx_HAL_Driver/Src/stm32f1xx_hal_rcc.c 0x00000000   Number         0  stm32f1xx_hal_rcc.o ABSOLUTE
    ../Drivers/STM32F1xx_HAL_Driver/Src/stm32f1xx_hal_rcc_ex.c 0x00000000   Number         0  stm32f1xx_hal_rcc_ex.o ABSOLUTE
    ../Drivers/STM32F1xx_HAL_Driver/Src/stm32f1xx_hal_tim.c 0x00000000   Number         0  stm32f1xx_hal_tim.o ABSOLUTE
    ../Drivers/STM32F1xx_HAL_Driver/Src/stm32f1xx_hal_tim_ex.c 0x00000000   Number         0  stm32f1xx_hal_tim_ex.o ABSOLUTE
    ../Drivers/STM32F1xx_HAL_Driver/Src/stm32f1xx_hal_uart.c 0x00000000   Number         0  stm32f1xx_hal_uart.o ABSOLUTE
    ../Src/gpio.c                            0x00000000   Number         0  gpio.o ABSOLUTE
    ../Src/i2c.c                             0x00000000   Number         0  i2c.o ABSOLUTE
    ../Src/main.c                            0x00000000   Number         0  main.o ABSOLUTE
    ../Src/stm32f1xx_hal_msp.c               0x00000000   Number         0  stm32f1xx_hal_msp.o ABSOLUTE
    ../Src/stm32f1xx_it.c                    0x00000000   Number         0  stm32f1xx_it.o ABSOLUTE
    ../Src/system_stm32f1xx.c                0x00000000   Number         0  system_stm32f1xx.o ABSOLUTE
    ../Src/tim.c                             0x00000000   Number         0  tim.o ABSOLUTE
    ../Src/usart.c                           0x00000000   Number         0  usart.o ABSOLUTE
    ../clib/microlib/division.c              0x00000000   Number         0  uldiv.o ABSOLUTE
    ../clib/microlib/division.c              0x00000000   Number         0  uidiv.o ABSOLUTE
    ../clib/microlib/errno.c                 0x00000000   Number         0  errno.o ABSOLUTE
    ../clib/microlib/init/entry.s            0x00000000   Number         0  entry9a.o ABSOLUTE
    ../clib/microlib/init/entry.s            0x00000000   Number         0  entry9b.o ABSOLUTE
    ../clib/microlib/init/entry.s            0x00000000   Number         0  entry10a.o ABSOLUTE
    ../clib/microlib/init/entry.s            0x00000000   Number         0  entry11b.o ABSOLUTE
    ../clib/microlib/init/entry.s            0x00000000   Number         0  entry10b.o ABSOLUTE
    ../clib/microlib/init/entry.s            0x00000000   Number         0  entry7a.o ABSOLUTE
    ../clib/microlib/init/entry.s            0x00000000   Number         0  entry5.o ABSOLUTE
    ../clib/microlib/init/entry.s            0x00000000   Number         0  entry7b.o ABSOLUTE
    ../clib/microlib/init/entry.s            0x00000000   Number         0  entry.o ABSOLUTE
    ../clib/microlib/init/entry.s            0x00000000   Number         0  entry11a.o ABSOLUTE
    ../clib/microlib/init/entry.s            0x00000000   Number         0  entry8a.o ABSOLUTE
    ../clib/microlib/init/entry.s            0x00000000   Number         0  entry8b.o ABSOLUTE
    ../clib/microlib/init/entry.s            0x00000000   Number         0  entry2.o ABSOLUTE
    ../clib/microlib/longlong.c              0x00000000   Number         0  llsshr.o ABSOLUTE
    ../clib/microlib/longlong.c              0x00000000   Number         0  llshl.o ABSOLUTE
    ../clib/microlib/longlong.c              0x00000000   Number         0  llushr.o ABSOLUTE
    ../clib/microlib/printf/printf.c         0x00000000   Number         0  printf2.o ABSOLUTE
    ../clib/microlib/printf/printf.c         0x00000000   Number         0  printf4.o ABSOLUTE
    ../clib/microlib/printf/printf.c         0x00000000   Number         0  printf5.o ABSOLUTE
    ../clib/microlib/printf/printf.c         0x00000000   Number         0  printf1.o ABSOLUTE
    ../clib/microlib/printf/printf.c         0x00000000   Number         0  printf0.o ABSOLUTE
    ../clib/microlib/printf/printf.c         0x00000000   Number         0  printf7.o ABSOLUTE
    ../clib/microlib/printf/printf.c         0x00000000   Number         0  printf8.o ABSOLUTE
    ../clib/microlib/printf/printf.c         0x00000000   Number         0  printfa.o ABSOLUTE
    ../clib/microlib/printf/printf.c         0x00000000   Number         0  printfb.o ABSOLUTE
    ../clib/microlib/printf/printf.c         0x00000000   Number         0  printf3.o ABSOLUTE
    ../clib/microlib/printf/printf.c         0x00000000   Number         0  printf6.o ABSOLUTE
    ../clib/microlib/printf/stubs.s          0x00000000   Number         0  stubs.o ABSOLUTE
    ../clib/microlib/string/memset.c         0x00000000   Number         0  memseta.o ABSOLUTE
    ../clib/microlib/stubs.s                 0x00000000   Number         0  useno.o ABSOLUTE
    ../clib/microlib/stubs.s                 0x00000000   Number         0  iusefp.o ABSOLUTE
    ../fplib/microlib/d2f.c                  0x00000000   Number         0  d2f.o ABSOLUTE
    ../fplib/microlib/f2d.c                  0x00000000   Number         0  f2d.o ABSOLUTE
    ../fplib/microlib/fpadd.c                0x00000000   Number         0  dadd.o ABSOLUTE
    ../fplib/microlib/fpadd.c                0x00000000   Number         0  fadd.o ABSOLUTE
    ../fplib/microlib/fpdiv.c                0x00000000   Number         0  ddiv.o ABSOLUTE
    ../fplib/microlib/fpdiv.c                0x00000000   Number         0  fdiv.o ABSOLUTE
    ../fplib/microlib/fpepilogue.c           0x00000000   Number         0  fepilogue.o ABSOLUTE
    ../fplib/microlib/fpepilogue.c           0x00000000   Number         0  depilogue.o ABSOLUTE
    ../fplib/microlib/fpfix.c                0x00000000   Number         0  dfixul.o ABSOLUTE
    ../fplib/microlib/fpfix.c                0x00000000   Number         0  ffixi.o ABSOLUTE
    ../fplib/microlib/fpflt.c                0x00000000   Number         0  ffltui.o ABSOLUTE
    ../fplib/microlib/fpflt.c                0x00000000   Number         0  fflti.o ABSOLUTE
    ../fplib/microlib/fpmul.c                0x00000000   Number         0  fmul.o ABSOLUTE
    ../fplib/microlib/fpmul.c                0x00000000   Number         0  dmul.o ABSOLUTE
    ../fplib/microlib/fprnd.c                0x00000000   Number         0  frnd.o ABSOLUTE
    ../fplib/microlib/fpscalb.c              0x00000000   Number         0  fscalb.o ABSOLUTE
    ../fplib/microlib/fpscalb.c              0x00000000   Number         0  dscalb.o ABSOLUTE
    ../fplib/microlib/fpsqrt.c               0x00000000   Number         0  dsqrt.o ABSOLUTE
    ../mathlib/atan.c                        0x00000000   Number         0  atan.o ABSOLUTE
    ../mathlib/atan.c                        0x00000000   Number         0  atan_x.o ABSOLUTE
    ../mathlib/atan2.c                       0x00000000   Number         0  atan2.o ABSOLUTE
    ../mathlib/atan2.c                       0x00000000   Number         0  atan2_x.o ABSOLUTE
    ../mathlib/cosf.c                        0x00000000   Number         0  cosf_x.o ABSOLUTE
    ../mathlib/cosf.c                        0x00000000   Number         0  cosf.o ABSOLUTE
    ../mathlib/dunder.c                      0x00000000   Number         0  dunder.o ABSOLUTE
    ../mathlib/fpclassify.c                  0x00000000   Number         0  fpclassify.o ABSOLUTE
    ../mathlib/fpclassifyf.c                 0x00000000   Number         0  fpclassifyf.o ABSOLUTE
    ../mathlib/funder.c                      0x00000000   Number         0  funder.o ABSOLUTE
    ../mathlib/poly.c                        0x00000000   Number         0  poly.o ABSOLUTE
    ../mathlib/qnan.c                        0x00000000   Number         0  qnan.o ABSOLUTE
    ../mathlib/rredf.c                       0x00000000   Number         0  rredf.o ABSOLUTE
    ../mathlib/sqrt.c                        0x00000000   Number         0  sqrt.o ABSOLUTE
    ../mathlib/sqrt.c                        0x00000000   Number         0  sqrt_x.o ABSOLUTE
    ../mathlib/tanf.c                        0x00000000   Number         0  tanf_x.o ABSOLUTE
    ../mathlib/tanf.c                        0x00000000   Number         0  tanf.o ABSOLUTE
    ..\Drivers\STM32F1xx_HAL_Driver\Src\stm32f1xx_hal.c 0x00000000   Number         0  stm32f1xx_hal.o ABSOLUTE
    ..\Drivers\STM32F1xx_HAL_Driver\Src\stm32f1xx_hal_cortex.c 0x00000000   Number         0  stm32f1xx_hal_cortex.o ABSOLUTE
    ..\Drivers\STM32F1xx_HAL_Driver\Src\stm32f1xx_hal_dma.c 0x00000000   Number         0  stm32f1xx_hal_dma.o ABSOLUTE
    ..\Drivers\STM32F1xx_HAL_Driver\Src\stm32f1xx_hal_exti.c 0x00000000   Number         0  stm32f1xx_hal_exti.o ABSOLUTE
    ..\Drivers\STM32F1xx_HAL_Driver\Src\stm32f1xx_hal_flash.c 0x00000000   Number         0  stm32f1xx_hal_flash.o ABSOLUTE
    ..\Drivers\STM32F1xx_HAL_Driver\Src\stm32f1xx_hal_flash_ex.c 0x00000000   Number         0  stm32f1xx_hal_flash_ex.o ABSOLUTE
    ..\Drivers\STM32F1xx_HAL_Driver\Src\stm32f1xx_hal_gpio.c 0x00000000   Number         0  stm32f1xx_hal_gpio.o ABSOLUTE
    ..\Drivers\STM32F1xx_HAL_Driver\Src\stm32f1xx_hal_gpio_ex.c 0x00000000   Number         0  stm32f1xx_hal_gpio_ex.o ABSOLUTE
    ..\Drivers\STM32F1xx_HAL_Driver\Src\stm32f1xx_hal_i2c.c 0x00000000   Number         0  stm32f1xx_hal_i2c.o ABSOLUTE
    ..\Drivers\STM32F1xx_HAL_Driver\Src\stm32f1xx_hal_pwr.c 0x00000000   Number         0  stm32f1xx_hal_pwr.o ABSOLUTE
    ..\Drivers\STM32F1xx_HAL_Driver\Src\stm32f1xx_hal_rcc.c 0x00000000   Number         0  stm32f1xx_hal_rcc.o ABSOLUTE
    ..\Drivers\STM32F1xx_HAL_Driver\Src\stm32f1xx_hal_rcc_ex.c 0x00000000   Number         0  stm32f1xx_hal_rcc_ex.o ABSOLUTE
    ..\Drivers\STM32F1xx_HAL_Driver\Src\stm32f1xx_hal_tim.c 0x00000000   Number         0  stm32f1xx_hal_tim.o ABSOLUTE
    ..\Drivers\STM32F1xx_HAL_Driver\Src\stm32f1xx_hal_tim_ex.c 0x00000000   Number         0  stm32f1xx_hal_tim_ex.o ABSOLUTE
    ..\Drivers\STM32F1xx_HAL_Driver\Src\stm32f1xx_hal_uart.c 0x00000000   Number         0  stm32f1xx_hal_uart.o ABSOLUTE
    ..\Flight\algorithm.c                    0x00000000   Number         0  algorithm.o ABSOLUTE
    ..\Flight\control.c                      0x00000000   Number         0  control.o ABSOLUTE
    ..\Flight\imu.c                          0x00000000   Number         0  imu.o ABSOLUTE
    ..\Flight\port.c                         0x00000000   Number         0  port.o ABSOLUTE
    ..\Src\gpio.c                            0x00000000   Number         0  gpio.o ABSOLUTE
    ..\Src\i2c.c                             0x00000000   Number         0  i2c.o ABSOLUTE
    ..\Src\main.c                            0x00000000   Number         0  main.o ABSOLUTE
    ..\Src\stm32f1xx_hal_msp.c               0x00000000   Number         0  stm32f1xx_hal_msp.o ABSOLUTE
    ..\Src\stm32f1xx_it.c                    0x00000000   Number         0  stm32f1xx_it.o ABSOLUTE
    ..\Src\system_stm32f1xx.c                0x00000000   Number         0  system_stm32f1xx.o ABSOLUTE
    ..\Src\tim.c                             0x00000000   Number         0  tim.o ABSOLUTE
    ..\Src\usart.c                           0x00000000   Number         0  usart.o ABSOLUTE
    ..\\Flight\\algorithm.c                  0x00000000   Number         0  algorithm.o ABSOLUTE
    ..\\Flight\\control.c                    0x00000000   Number         0  control.o ABSOLUTE
    ..\\Flight\\imu.c                        0x00000000   Number         0  imu.o ABSOLUTE
    ..\\Flight\\port.c                       0x00000000   Number         0  port.o ABSOLUTE
    cdcmple.s                                0x00000000   Number         0  cdcmple.o ABSOLUTE
    cdrcmple.s                               0x00000000   Number         0  cdrcmple.o ABSOLUTE
    cfcmple.s                                0x00000000   Number         0  cfcmple.o ABSOLUTE
    dc.s                                     0x00000000   Number         0  dc.o ABSOLUTE
    handlers.s                               0x00000000   Number         0  handlers.o ABSOLUTE
    init.s                                   0x00000000   Number         0  init.o ABSOLUTE
    startup_stm32f103xb.s                    0x00000000   Number         0  startup_stm32f103xb.o ABSOLUTE
    RESET                                    0x08000000   Section      236  startup_stm32f103xb.o(RESET)
    .ARM.Collect$$$$00000000                 0x080000ec   Section        0  entry.o(.ARM.Collect$$$$00000000)
    .ARM.Collect$$$$00000001                 0x080000ec   Section        4  entry2.o(.ARM.Collect$$$$00000001)
    .ARM.Collect$$$$00000004                 0x080000f0   Section        4  entry5.o(.ARM.Collect$$$$00000004)
    .ARM.Collect$$$$00000008                 0x080000f4   Section        0  entry7b.o(.ARM.Collect$$$$00000008)
    .ARM.Collect$$$$0000000A                 0x080000f4   Section        0  entry8b.o(.ARM.Collect$$$$0000000A)
    .ARM.Collect$$$$0000000B                 0x080000f4   Section        8  entry9a.o(.ARM.Collect$$$$0000000B)
    .ARM.Collect$$$$0000000D                 0x080000fc   Section        0  entry10a.o(.ARM.Collect$$$$0000000D)
    .ARM.Collect$$$$0000000F                 0x080000fc   Section        0  entry11a.o(.ARM.Collect$$$$0000000F)
    .ARM.Collect$$$$00002712                 0x080000fc   Section        4  entry2.o(.ARM.Collect$$$$00002712)
    __lit__00000000                          0x080000fc   Data           4  entry2.o(.ARM.Collect$$$$00002712)
    .text                                    0x08000100   Section       36  startup_stm32f103xb.o(.text)
    .text                                    0x08000124   Section        0  llushr.o(.text)
    .text                                    0x08000144   Section        0  memseta.o(.text)
    .text                                    0x08000168   Section        0  fadd.o(.text)
    .text                                    0x08000218   Section        0  fmul.o(.text)
    .text                                    0x0800027c   Section        0  fdiv.o(.text)
    .text                                    0x080002f8   Section        0  ddiv.o(.text)
    .text                                    0x080003d6   Section        0  fflti.o(.text)
    .text                                    0x080003e8   Section        0  ffixi.o(.text)
    .text                                    0x0800041a   Section        0  f2d.o(.text)
    .text                                    0x08000440   Section        0  d2f.o(.text)
    .text                                    0x08000478   Section       20  cfcmple.o(.text)
    .text                                    0x0800048c   Section        0  uidiv.o(.text)
    .text                                    0x080004b8   Section        0  uldiv.o(.text)
    .text                                    0x0800051a   Section        0  fepilogue.o(.text)
    .text                                    0x0800051a   Section        0  iusefp.o(.text)
    .text                                    0x08000588   Section        0  frnd.o(.text)
    .text                                    0x080005c4   Section        0  depilogue.o(.text)
    .text                                    0x0800067e   Section        0  dadd.o(.text)
    .text                                    0x080007cc   Section        0  dmul.o(.text)
    .text                                    0x080008b0   Section        0  dsqrt.o(.text)
    .text                                    0x08000952   Section        0  dfixul.o(.text)
    .text                                    0x08000984   Section       48  cdrcmple.o(.text)
    .text                                    0x080009b4   Section       36  init.o(.text)
    .text                                    0x080009d8   Section        0  llshl.o(.text)
    .text                                    0x080009f6   Section        0  llsshr.o(.text)
    .text                                    0x08000a1a   Section        0  fscalb.o(.text)
    .text                                    0x08000a32   Section        0  dscalb.o(.text)
    .text                                    0x08000a60   Section        0  ffltui.o(.text)
    i.BusFault_Handler                       0x08000a6a   Section        0  stm32f1xx_it.o(i.BusFault_Handler)
    i.DebugMon_Handler                       0x08000a6e   Section        0  stm32f1xx_it.o(i.DebugMon_Handler)
    i.Error_Handler                          0x08000a70   Section        0  main.o(i.Error_Handler)
    i.HAL_Delay                              0x08000a74   Section        0  stm32f1xx_hal.o(i.HAL_Delay)
    i.HAL_GPIO_Init                          0x08000a9c   Section        0  stm32f1xx_hal_gpio.o(i.HAL_GPIO_Init)
    i.HAL_GPIO_WritePin                      0x08000dbc   Section        0  stm32f1xx_hal_gpio.o(i.HAL_GPIO_WritePin)
    i.HAL_GetTick                            0x08000dc8   Section        0  stm32f1xx_hal.o(i.HAL_GetTick)
    i.HAL_I2C_Init                           0x08000dd4   Section        0  stm32f1xx_hal_i2c.o(i.HAL_I2C_Init)
    i.HAL_I2C_Mem_Read                       0x08000fa4   Section        0  stm32f1xx_hal_i2c.o(i.HAL_I2C_Mem_Read)
    i.HAL_I2C_Mem_Write                      0x08001308   Section        0  stm32f1xx_hal_i2c.o(i.HAL_I2C_Mem_Write)
    i.HAL_I2C_MspInit                        0x0800146c   Section        0  i2c.o(i.HAL_I2C_MspInit)
    i.HAL_IncTick                            0x0800153c   Section        0  stm32f1xx_hal.o(i.HAL_IncTick)
    i.HAL_Init                               0x08001554   Section        0  stm32f1xx_hal.o(i.HAL_Init)
    i.HAL_InitTick                           0x0800157c   Section        0  stm32f1xx_hal.o(i.HAL_InitTick)
    i.HAL_MspInit                            0x080015c8   Section        0  stm32f1xx_hal_msp.o(i.HAL_MspInit)
    i.HAL_NVIC_EnableIRQ                     0x0800161c   Section        0  stm32f1xx_hal_cortex.o(i.HAL_NVIC_EnableIRQ)
    i.HAL_NVIC_SetPriority                   0x0800163c   Section        0  stm32f1xx_hal_cortex.o(i.HAL_NVIC_SetPriority)
    i.HAL_NVIC_SetPriorityGrouping           0x080016b8   Section        0  stm32f1xx_hal_cortex.o(i.HAL_NVIC_SetPriorityGrouping)
    i.HAL_RCC_ClockConfig                    0x080016e0   Section        0  stm32f1xx_hal_rcc.o(i.HAL_RCC_ClockConfig)
    i.HAL_RCC_GetHCLKFreq                    0x0800186c   Section        0  stm32f1xx_hal_rcc.o(i.HAL_RCC_GetHCLKFreq)
    i.HAL_RCC_GetPCLK1Freq                   0x08001878   Section        0  stm32f1xx_hal_rcc.o(i.HAL_RCC_GetPCLK1Freq)
    i.HAL_RCC_GetPCLK2Freq                   0x08001898   Section        0  stm32f1xx_hal_rcc.o(i.HAL_RCC_GetPCLK2Freq)
    i.HAL_RCC_GetSysClockFreq                0x080018b8   Section        0  stm32f1xx_hal_rcc.o(i.HAL_RCC_GetSysClockFreq)
    i.HAL_RCC_OscConfig                      0x0800194c   Section        0  stm32f1xx_hal_rcc.o(i.HAL_RCC_OscConfig)
    i.HAL_SYSTICK_Config                     0x08001db0   Section        0  stm32f1xx_hal_cortex.o(i.HAL_SYSTICK_Config)
    i.HAL_TIMEx_BreakCallback                0x08001de4   Section        0  stm32f1xx_hal_tim_ex.o(i.HAL_TIMEx_BreakCallback)
    i.HAL_TIMEx_CommutCallback               0x08001de6   Section        0  stm32f1xx_hal_tim_ex.o(i.HAL_TIMEx_CommutCallback)
    i.HAL_TIMEx_MasterConfigSynchronization  0x08001de8   Section        0  stm32f1xx_hal_tim_ex.o(i.HAL_TIMEx_MasterConfigSynchronization)
    i.HAL_TIM_Base_Init                      0x08001e6c   Section        0  stm32f1xx_hal_tim.o(i.HAL_TIM_Base_Init)
    i.HAL_TIM_Base_MspInit                   0x08001ed4   Section        0  tim.o(i.HAL_TIM_Base_MspInit)
    i.HAL_TIM_Base_Start_IT                  0x08001f14   Section        0  stm32f1xx_hal_tim.o(i.HAL_TIM_Base_Start_IT)
    i.HAL_TIM_ConfigClockSource              0x08001f8c   Section        0  stm32f1xx_hal_tim.o(i.HAL_TIM_ConfigClockSource)
    i.HAL_TIM_IC_CaptureCallback             0x08002094   Section        0  stm32f1xx_hal_tim.o(i.HAL_TIM_IC_CaptureCallback)
    i.HAL_TIM_IRQHandler                     0x08002096   Section        0  stm32f1xx_hal_tim.o(i.HAL_TIM_IRQHandler)
    i.HAL_TIM_MspPostInit                    0x0800222c   Section        0  tim.o(i.HAL_TIM_MspPostInit)
    i.HAL_TIM_OC_DelayElapsedCallback        0x080022b4   Section        0  stm32f1xx_hal_tim.o(i.HAL_TIM_OC_DelayElapsedCallback)
    i.HAL_TIM_PWM_ConfigChannel              0x080022b6   Section        0  stm32f1xx_hal_tim.o(i.HAL_TIM_PWM_ConfigChannel)
    i.HAL_TIM_PWM_Init                       0x080023b2   Section        0  stm32f1xx_hal_tim.o(i.HAL_TIM_PWM_Init)
    i.HAL_TIM_PWM_MspInit                    0x08002418   Section        0  tim.o(i.HAL_TIM_PWM_MspInit)
    i.HAL_TIM_PWM_PulseFinishedCallback      0x08002448   Section        0  stm32f1xx_hal_tim.o(i.HAL_TIM_PWM_PulseFinishedCallback)
    i.HAL_TIM_PeriodElapsedCallback          0x0800244c   Section        0  port.o(i.HAL_TIM_PeriodElapsedCallback)
    i.HAL_TIM_TriggerCallback                0x080024ac   Section        0  stm32f1xx_hal_tim.o(i.HAL_TIM_TriggerCallback)
    i.HAL_UART_Init                          0x080024ae   Section        0  stm32f1xx_hal_uart.o(i.HAL_UART_Init)
    i.HAL_UART_MspInit                       0x08002520   Section        0  usart.o(i.HAL_UART_MspInit)
    i.HardFault_Handler                      0x080025a8   Section        0  stm32f1xx_it.o(i.HardFault_Handler)
    i.I2C_IsAcknowledgeFailed                0x080025ac   Section        0  stm32f1xx_hal_i2c.o(i.I2C_IsAcknowledgeFailed)
    I2C_IsAcknowledgeFailed                  0x080025ad   Thumb Code    62  stm32f1xx_hal_i2c.o(i.I2C_IsAcknowledgeFailed)
    i.I2C_RequestMemoryRead                  0x080025ec   Section        0  stm32f1xx_hal_i2c.o(i.I2C_RequestMemoryRead)
    I2C_RequestMemoryRead                    0x080025ed   Thumb Code   348  stm32f1xx_hal_i2c.o(i.I2C_RequestMemoryRead)
    i.I2C_RequestMemoryWrite                 0x0800274c   Section        0  stm32f1xx_hal_i2c.o(i.I2C_RequestMemoryWrite)
    I2C_RequestMemoryWrite                   0x0800274d   Thumb Code   220  stm32f1xx_hal_i2c.o(i.I2C_RequestMemoryWrite)
    i.I2C_WaitOnBTFFlagUntilTimeout          0x0800282c   Section        0  stm32f1xx_hal_i2c.o(i.I2C_WaitOnBTFFlagUntilTimeout)
    I2C_WaitOnBTFFlagUntilTimeout            0x0800282d   Thumb Code    92  stm32f1xx_hal_i2c.o(i.I2C_WaitOnBTFFlagUntilTimeout)
    i.I2C_WaitOnFlagUntilTimeout             0x08002888   Section        0  stm32f1xx_hal_i2c.o(i.I2C_WaitOnFlagUntilTimeout)
    I2C_WaitOnFlagUntilTimeout               0x08002889   Thumb Code   134  stm32f1xx_hal_i2c.o(i.I2C_WaitOnFlagUntilTimeout)
    i.I2C_WaitOnMasterAddressFlagUntilTimeout 0x0800290e   Section        0  stm32f1xx_hal_i2c.o(i.I2C_WaitOnMasterAddressFlagUntilTimeout)
    I2C_WaitOnMasterAddressFlagUntilTimeout  0x0800290f   Thumb Code   196  stm32f1xx_hal_i2c.o(i.I2C_WaitOnMasterAddressFlagUntilTimeout)
    i.I2C_WaitOnRXNEFlagUntilTimeout         0x080029d2   Section        0  stm32f1xx_hal_i2c.o(i.I2C_WaitOnRXNEFlagUntilTimeout)
    I2C_WaitOnRXNEFlagUntilTimeout           0x080029d3   Thumb Code   128  stm32f1xx_hal_i2c.o(i.I2C_WaitOnRXNEFlagUntilTimeout)
    i.I2C_WaitOnTXEFlagUntilTimeout          0x08002a52   Section        0  stm32f1xx_hal_i2c.o(i.I2C_WaitOnTXEFlagUntilTimeout)
    I2C_WaitOnTXEFlagUntilTimeout            0x08002a53   Thumb Code    92  stm32f1xx_hal_i2c.o(i.I2C_WaitOnTXEFlagUntilTimeout)
    i.MX_GPIO_Init                           0x08002ab0   Section        0  gpio.o(i.MX_GPIO_Init)
    i.MX_I2C1_Init                           0x08002b3c   Section        0  i2c.o(i.MX_I2C1_Init)
    i.MX_I2C2_Init                           0x08002b78   Section        0  i2c.o(i.MX_I2C2_Init)
    i.MX_TIM2_Init                           0x08002bb4   Section        0  tim.o(i.MX_TIM2_Init)
    i.MX_TIM3_Init                           0x08002c20   Section        0  tim.o(i.MX_TIM3_Init)
    i.MX_USART1_UART_Init                    0x08002cc4   Section        0  usart.o(i.MX_USART1_UART_Init)
    i.MemManage_Handler                      0x08002cfc   Section        0  stm32f1xx_it.o(i.MemManage_Handler)
    i.NMI_Handler                            0x08002d00   Section        0  stm32f1xx_it.o(i.NMI_Handler)
    i.PendSV_Handler                         0x08002d02   Section        0  stm32f1xx_it.o(i.PendSV_Handler)
    i.RCC_Delay                              0x08002d04   Section        0  stm32f1xx_hal_rcc.o(i.RCC_Delay)
    RCC_Delay                                0x08002d05   Thumb Code    36  stm32f1xx_hal_rcc.o(i.RCC_Delay)
    i.SVC_Handler                            0x08002d2c   Section        0  stm32f1xx_it.o(i.SVC_Handler)
    i.SysTick_Handler                        0x08002d2e   Section        0  stm32f1xx_it.o(i.SysTick_Handler)
    i.SystemClock_Config                     0x08002d36   Section        0  main.o(i.SystemClock_Config)
    i.SystemInit                             0x08002d9c   Section        0  system_stm32f1xx.o(i.SystemInit)
    i.TIM2_IRQHandler                        0x08002da0   Section        0  stm32f1xx_it.o(i.TIM2_IRQHandler)
    i.TIM_Base_SetConfig                     0x08002db0   Section        0  stm32f1xx_hal_tim.o(i.TIM_Base_SetConfig)
    i.TIM_ETR_SetConfig                      0x08002e24   Section        0  stm32f1xx_hal_tim.o(i.TIM_ETR_SetConfig)
    i.TIM_ITRx_SetConfig                     0x08002e3a   Section        0  stm32f1xx_hal_tim.o(i.TIM_ITRx_SetConfig)
    TIM_ITRx_SetConfig                       0x08002e3b   Thumb Code    18  stm32f1xx_hal_tim.o(i.TIM_ITRx_SetConfig)
    i.TIM_OC1_SetConfig                      0x08002e4c   Section        0  stm32f1xx_hal_tim.o(i.TIM_OC1_SetConfig)
    TIM_OC1_SetConfig                        0x08002e4d   Thumb Code    90  stm32f1xx_hal_tim.o(i.TIM_OC1_SetConfig)
    i.TIM_OC2_SetConfig                      0x08002eac   Section        0  stm32f1xx_hal_tim.o(i.TIM_OC2_SetConfig)
    i.TIM_OC3_SetConfig                      0x08002f14   Section        0  stm32f1xx_hal_tim.o(i.TIM_OC3_SetConfig)
    TIM_OC3_SetConfig                        0x08002f15   Thumb Code    98  stm32f1xx_hal_tim.o(i.TIM_OC3_SetConfig)
    i.TIM_OC4_SetConfig                      0x08002f7c   Section        0  stm32f1xx_hal_tim.o(i.TIM_OC4_SetConfig)
    TIM_OC4_SetConfig                        0x08002f7d   Thumb Code    68  stm32f1xx_hal_tim.o(i.TIM_OC4_SetConfig)
    i.TIM_TI1_ConfigInputStage               0x08002fc4   Section        0  stm32f1xx_hal_tim.o(i.TIM_TI1_ConfigInputStage)
    TIM_TI1_ConfigInputStage                 0x08002fc5   Thumb Code    38  stm32f1xx_hal_tim.o(i.TIM_TI1_ConfigInputStage)
    i.TIM_TI2_ConfigInputStage               0x08002fea   Section        0  stm32f1xx_hal_tim.o(i.TIM_TI2_ConfigInputStage)
    TIM_TI2_ConfigInputStage                 0x08002feb   Thumb Code    40  stm32f1xx_hal_tim.o(i.TIM_TI2_ConfigInputStage)
    i.UART_SetConfig                         0x08003014   Section        0  stm32f1xx_hal_uart.o(i.UART_SetConfig)
    UART_SetConfig                           0x08003015   Thumb Code   248  stm32f1xx_hal_uart.o(i.UART_SetConfig)
    i.UsageFault_Handler                     0x08003110   Section        0  stm32f1xx_it.o(i.UsageFault_Handler)
    i.__0printf                              0x08003114   Section        0  printfa.o(i.__0printf)
    i.__ARM_fpclassify                       0x08003134   Section        0  fpclassify.o(i.__ARM_fpclassify)
    i.__ARM_fpclassifyf                      0x0800315c   Section        0  fpclassifyf.o(i.__ARM_fpclassifyf)
    i.__NVIC_GetPriorityGrouping             0x08003184   Section        0  stm32f1xx_hal_cortex.o(i.__NVIC_GetPriorityGrouping)
    __NVIC_GetPriorityGrouping               0x08003185   Thumb Code    10  stm32f1xx_hal_cortex.o(i.__NVIC_GetPriorityGrouping)
    i.__NVIC_SetPriority                     0x08003194   Section        0  stm32f1xx_hal_cortex.o(i.__NVIC_SetPriority)
    __NVIC_SetPriority                       0x08003195   Thumb Code    32  stm32f1xx_hal_cortex.o(i.__NVIC_SetPriority)
    i.__kernel_poly                          0x080031bc   Section        0  poly.o(i.__kernel_poly)
    i.__mathlib_dbl_infnan                   0x08003266   Section        0  dunder.o(i.__mathlib_dbl_infnan)
    i.__mathlib_dbl_infnan2                  0x0800326c   Section        0  dunder.o(i.__mathlib_dbl_infnan2)
    i.__mathlib_dbl_underflow                0x08003270   Section        0  dunder.o(i.__mathlib_dbl_underflow)
    i.__mathlib_flt_infnan                   0x08003280   Section        0  funder.o(i.__mathlib_flt_infnan)
    i.__mathlib_flt_invalid                  0x08003286   Section        0  funder.o(i.__mathlib_flt_invalid)
    i.__mathlib_flt_underflow                0x0800328e   Section        0  funder.o(i.__mathlib_flt_underflow)
    i.__mathlib_rredf2                       0x08003298   Section        0  rredf.o(i.__mathlib_rredf2)
    i.__scatterload_copy                     0x08003400   Section       14  handlers.o(i.__scatterload_copy)
    i.__scatterload_null                     0x0800340e   Section        2  handlers.o(i.__scatterload_null)
    i.__scatterload_zeroinit                 0x08003410   Section       14  handlers.o(i.__scatterload_zeroinit)
    i.__set_errno                            0x08003420   Section        0  errno.o(i.__set_errno)
    i._fp_digits                             0x0800342c   Section        0  printfa.o(i._fp_digits)
    _fp_digits                               0x0800342d   Thumb Code   366  printfa.o(i._fp_digits)
    i._printf_core                           0x080035b0   Section        0  printfa.o(i._printf_core)
    _printf_core                             0x080035b1   Thumb Code  1744  printfa.o(i._printf_core)
    i._printf_post_padding                   0x08003c8c   Section        0  printfa.o(i._printf_post_padding)
    _printf_post_padding                     0x08003c8d   Thumb Code    36  printfa.o(i._printf_post_padding)
    i._printf_pre_padding                    0x08003cb0   Section        0  printfa.o(i._printf_pre_padding)
    _printf_pre_padding                      0x08003cb1   Thumb Code    46  printfa.o(i._printf_pre_padding)
    i.algorithm_pose                         0x08003cde   Section        0  algorithm.o(i.algorithm_pose)
    i.algorithm_pose_acce_only               0x08003cf8   Section        0  algorithm.o(i.algorithm_pose_acce_only)
    i.atan                                   0x08003df0   Section        0  atan.o(i.atan)
    i.atan2                                  0x08004010   Section        0  atan2.o(i.atan2)
    i.butterworth_filter                     0x08004190   Section        0  imu.o(i.butterworth_filter)
    i.calculate_butterworth_parameters       0x08004204   Section        0  imu.o(i.calculate_butterworth_parameters)
    i.cosf                                   0x0800431c   Section        0  cosf.o(i.cosf)
    i.delay_ms                               0x08004498   Section        0  port.o(i.delay_ms)
    i.fputc                                  0x080044a4   Section        0  usart.o(i.fputc)
    i.i2c_mpu_multi_read                     0x080044c0   Section        0  port.o(i.i2c_mpu_multi_read)
    i.i2c_mpu_single_read                    0x080044f0   Section        0  port.o(i.i2c_mpu_single_read)
    i.i2c_mpu_single_write                   0x08004520   Section        0  port.o(i.i2c_mpu_single_write)
    i.main                                   0x08004554   Section        0  main.o(i.main)
    i.mpu_acc_filter                         0x080045b4   Section        0  imu.o(i.mpu_acc_filter)
    i.mpu_acce_calibrate                     0x08004618   Section        0  imu.o(i.mpu_acce_calibrate)
    i.mpu_acce_get_offset                    0x08004644   Section        0  imu.o(i.mpu_acce_get_offset)
    i.mpu_config                             0x0800473c   Section        0  imu.o(i.mpu_config)
    i.mpu_data_update                        0x08004774   Section        0  imu.o(i.mpu_data_update)
    i.mpu_gyro_calibrate                     0x0800480c   Section        0  imu.o(i.mpu_gyro_calibrate)
    i.mpu_gyro_get_offset                    0x08004838   Section        0  imu.o(i.mpu_gyro_get_offset)
    i.mpu_init                               0x08004930   Section        0  imu.o(i.mpu_init)
    i.mpu_read_acce_raw                      0x08004964   Section        0  imu.o(i.mpu_read_acce_raw)
    i.mpu_read_gyro_raw                      0x080049bc   Section        0  imu.o(i.mpu_read_gyro_raw)
    i.mpu_test                               0x08004a14   Section        0  imu.o(i.mpu_test)
    i.sqrt                                   0x08004a30   Section        0  sqrt.o(i.sqrt)
    i.tanf                                   0x08004a7c   Section        0  tanf.o(i.tanf)
    .constdata                               0x08004bf0   Section       24  system_stm32f1xx.o(.constdata)
    .constdata                               0x08004c08   Section      152  atan.o(.constdata)
    atanhi                                   0x08004c08   Data          32  atan.o(.constdata)
    atanlo                                   0x08004c28   Data          32  atan.o(.constdata)
    aTodd                                    0x08004c48   Data          40  atan.o(.constdata)
    aTeven                                   0x08004c70   Data          48  atan.o(.constdata)
    .constdata                               0x08004ca0   Section        8  qnan.o(.constdata)
    .constdata                               0x08004ca8   Section       32  rredf.o(.constdata)
    twooverpi                                0x08004ca8   Data          32  rredf.o(.constdata)
    .data                                    0x20000000   Section        4  usart.o(.data)
    .data                                    0x20000004   Section        9  stm32f1xx_hal.o(.data)
    .data                                    0x20000010   Section        4  system_stm32f1xx.o(.data)
    .data                                    0x20000014   Section       14  port.o(.data)
    tim_delay                                0x20000014   Data           2  port.o(.data)
    acce                                     0x20000016   Data           6  port.o(.data)
    gyro                                     0x2000001c   Data           6  port.o(.data)
    .data                                    0x20000024   Section        4  errno.o(.data)
    _errno                                   0x20000024   Data           4  errno.o(.data)
    .bss                                     0x20000028   Section      168  i2c.o(.bss)
    .bss                                     0x200000d0   Section      144  tim.o(.bss)
    .bss                                     0x20000160   Section       68  usart.o(.bss)
    .bss                                     0x200001a4   Section      120  imu.o(.bss)
    imu_static_param                         0x200001a4   Data         120  imu.o(.bss)
    .bss                                     0x2000021c   Section       12  port.o(.bss)
    pose                                     0x2000021c   Data          12  port.o(.bss)
    STACK                                    0x20000228   Section     1024  startup_stm32f103xb.o(STACK)

    Global Symbols

    Symbol Name                              Value     Ov Type        Size  Object(Section)

    BuildAttributes$$THM_ISAv4$P$D$K$B$S$PE$A:L22UL41UL21$X:L11$S22US41US21$IEEE1$IW$USESV6$~STKCKD$USESV7$~SHL$OTIME$ROPI$IEEEX$EBA8$MICROLIB$REQ8$PRES8$EABIv2 0x00000000   Number         0  anon$$obj.o ABSOLUTE
    __ARM_use_no_argv                        0x00000000   Number         0  main.o ABSOLUTE
    __use_no_errno                           0x00000000   Number         0  useno.o ABSOLUTE
    __use_no_exception_handling              0x00000000   Number         0  useno.o ABSOLUTE
    __use_no_fp                              0x00000000   Number         0  useno.o ABSOLUTE
    __use_no_heap                            0x00000000   Number         0  useno.o ABSOLUTE
    __use_no_heap_region                     0x00000000   Number         0  useno.o ABSOLUTE
    __use_no_semihosting                     0x00000000   Number         0  useno.o ABSOLUTE
    __use_no_semihosting_swi                 0x00000000   Number         0  useno.o ABSOLUTE
    __use_no_signal_handling                 0x00000000   Number         0  useno.o ABSOLUTE
    _printf_a                                0x00000000   Number         0  stubs.o ABSOLUTE
    _printf_c                                0x00000000   Number         0  stubs.o ABSOLUTE
    _printf_charcount                        0x00000000   Number         0  stubs.o ABSOLUTE
    _printf_d                                0x00000000   Number         0  stubs.o ABSOLUTE
    _printf_e                                0x00000000   Number         0  stubs.o ABSOLUTE
    _printf_f                                0x00000000   Number         0  stubs.o ABSOLUTE
    _printf_flags                            0x00000000   Number         0  stubs.o ABSOLUTE
    _printf_fp_dec                           0x00000000   Number         0  stubs.o ABSOLUTE
    _printf_fp_hex                           0x00000000   Number         0  stubs.o ABSOLUTE
    _printf_g                                0x00000000   Number         0  stubs.o ABSOLUTE
    _printf_i                                0x00000000   Number         0  stubs.o ABSOLUTE
    _printf_int_dec                          0x00000000   Number         0  stubs.o ABSOLUTE
    _printf_l                                0x00000000   Number         0  stubs.o ABSOLUTE
    _printf_lc                               0x00000000   Number         0  stubs.o ABSOLUTE
    _printf_ll                               0x00000000   Number         0  stubs.o ABSOLUTE
    _printf_lld                              0x00000000   Number         0  stubs.o ABSOLUTE
    _printf_lli                              0x00000000   Number         0  stubs.o ABSOLUTE
    _printf_llo                              0x00000000   Number         0  stubs.o ABSOLUTE
    _printf_llu                              0x00000000   Number         0  stubs.o ABSOLUTE
    _printf_llx                              0x00000000   Number         0  stubs.o ABSOLUTE
    _printf_longlong_dec                     0x00000000   Number         0  stubs.o ABSOLUTE
    _printf_longlong_hex                     0x00000000   Number         0  stubs.o ABSOLUTE
    _printf_longlong_oct                     0x00000000   Number         0  stubs.o ABSOLUTE
    _printf_ls                               0x00000000   Number         0  stubs.o ABSOLUTE
    _printf_mbtowc                           0x00000000   Number         0  stubs.o ABSOLUTE
    _printf_n                                0x00000000   Number         0  stubs.o ABSOLUTE
    _printf_o                                0x00000000   Number         0  stubs.o ABSOLUTE
    _printf_p                                0x00000000   Number         0  stubs.o ABSOLUTE
    _printf_percent                          0x00000000   Number         0  stubs.o ABSOLUTE
    _printf_pre_padding                      0x00000000   Number         0  stubs.o ABSOLUTE
    _printf_return_value                     0x00000000   Number         0  stubs.o ABSOLUTE
    _printf_s                                0x00000000   Number         0  stubs.o ABSOLUTE
    _printf_sizespec                         0x00000000   Number         0  stubs.o ABSOLUTE
    _printf_str                              0x00000000   Number         0  stubs.o ABSOLUTE
    _printf_truncate_signed                  0x00000000   Number         0  stubs.o ABSOLUTE
    _printf_truncate_unsigned                0x00000000   Number         0  stubs.o ABSOLUTE
    _printf_u                                0x00000000   Number         0  stubs.o ABSOLUTE
    _printf_wc                               0x00000000   Number         0  stubs.o ABSOLUTE
    _printf_wctomb                           0x00000000   Number         0  stubs.o ABSOLUTE
    _printf_widthprec                        0x00000000   Number         0  stubs.o ABSOLUTE
    _printf_x                                0x00000000   Number         0  stubs.o ABSOLUTE
    __cpp_initialize__aeabi_                  - Undefined Weak Reference
    __cxa_finalize                            - Undefined Weak Reference
    __decompress                              - Undefined Weak Reference
    _clock_init                               - Undefined Weak Reference
    _microlib_exit                            - Undefined Weak Reference
    __Vectors_Size                           0x000000ec   Number         0  startup_stm32f103xb.o ABSOLUTE
    __Vectors                                0x08000000   Data           4  startup_stm32f103xb.o(RESET)
    __Vectors_End                            0x080000ec   Data           0  startup_stm32f103xb.o(RESET)
    __main                                   0x080000ed   Thumb Code     0  entry.o(.ARM.Collect$$$$00000000)
    _main_stk                                0x080000ed   Thumb Code     0  entry2.o(.ARM.Collect$$$$00000001)
    _main_scatterload                        0x080000f1   Thumb Code     0  entry5.o(.ARM.Collect$$$$00000004)
    __main_after_scatterload                 0x080000f5   Thumb Code     0  entry5.o(.ARM.Collect$$$$00000004)
    _main_clock                              0x080000f5   Thumb Code     0  entry7b.o(.ARM.Collect$$$$00000008)
    _main_cpp_init                           0x080000f5   Thumb Code     0  entry8b.o(.ARM.Collect$$$$0000000A)
    _main_init                               0x080000f5   Thumb Code     0  entry9a.o(.ARM.Collect$$$$0000000B)
    __rt_final_cpp                           0x080000fd   Thumb Code     0  entry10a.o(.ARM.Collect$$$$0000000D)
    __rt_final_exit                          0x080000fd   Thumb Code     0  entry11a.o(.ARM.Collect$$$$0000000F)
    Reset_Handler                            0x08000101   Thumb Code     8  startup_stm32f103xb.o(.text)
    ADC1_2_IRQHandler                        0x0800011b   Thumb Code     0  startup_stm32f103xb.o(.text)
    CAN1_RX1_IRQHandler                      0x0800011b   Thumb Code     0  startup_stm32f103xb.o(.text)
    CAN1_SCE_IRQHandler                      0x0800011b   Thumb Code     0  startup_stm32f103xb.o(.text)
    DMA1_Channel1_IRQHandler                 0x0800011b   Thumb Code     0  startup_stm32f103xb.o(.text)
    DMA1_Channel2_IRQHandler                 0x0800011b   Thumb Code     0  startup_stm32f103xb.o(.text)
    DMA1_Channel3_IRQHandler                 0x0800011b   Thumb Code     0  startup_stm32f103xb.o(.text)
    DMA1_Channel4_IRQHandler                 0x0800011b   Thumb Code     0  startup_stm32f103xb.o(.text)
    DMA1_Channel5_IRQHandler                 0x0800011b   Thumb Code     0  startup_stm32f103xb.o(.text)
    DMA1_Channel6_IRQHandler                 0x0800011b   Thumb Code     0  startup_stm32f103xb.o(.text)
    DMA1_Channel7_IRQHandler                 0x0800011b   Thumb Code     0  startup_stm32f103xb.o(.text)
    EXTI0_IRQHandler                         0x0800011b   Thumb Code     0  startup_stm32f103xb.o(.text)
    EXTI15_10_IRQHandler                     0x0800011b   Thumb Code     0  startup_stm32f103xb.o(.text)
    EXTI1_IRQHandler                         0x0800011b   Thumb Code     0  startup_stm32f103xb.o(.text)
    EXTI2_IRQHandler                         0x0800011b   Thumb Code     0  startup_stm32f103xb.o(.text)
    EXTI3_IRQHandler                         0x0800011b   Thumb Code     0  startup_stm32f103xb.o(.text)
    EXTI4_IRQHandler                         0x0800011b   Thumb Code     0  startup_stm32f103xb.o(.text)
    EXTI9_5_IRQHandler                       0x0800011b   Thumb Code     0  startup_stm32f103xb.o(.text)
    FLASH_IRQHandler                         0x0800011b   Thumb Code     0  startup_stm32f103xb.o(.text)
    I2C1_ER_IRQHandler                       0x0800011b   Thumb Code     0  startup_stm32f103xb.o(.text)
    I2C1_EV_IRQHandler                       0x0800011b   Thumb Code     0  startup_stm32f103xb.o(.text)
    I2C2_ER_IRQHandler                       0x0800011b   Thumb Code     0  startup_stm32f103xb.o(.text)
    I2C2_EV_IRQHandler                       0x0800011b   Thumb Code     0  startup_stm32f103xb.o(.text)
    PVD_IRQHandler                           0x0800011b   Thumb Code     0  startup_stm32f103xb.o(.text)
    RCC_IRQHandler                           0x0800011b   Thumb Code     0  startup_stm32f103xb.o(.text)
    RTC_Alarm_IRQHandler                     0x0800011b   Thumb Code     0  startup_stm32f103xb.o(.text)
    RTC_IRQHandler                           0x0800011b   Thumb Code     0  startup_stm32f103xb.o(.text)
    SPI1_IRQHandler                          0x0800011b   Thumb Code     0  startup_stm32f103xb.o(.text)
    SPI2_IRQHandler                          0x0800011b   Thumb Code     0  startup_stm32f103xb.o(.text)
    TAMPER_IRQHandler                        0x0800011b   Thumb Code     0  startup_stm32f103xb.o(.text)
    TIM1_BRK_IRQHandler                      0x0800011b   Thumb Code     0  startup_stm32f103xb.o(.text)
    TIM1_CC_IRQHandler                       0x0800011b   Thumb Code     0  startup_stm32f103xb.o(.text)
    TIM1_TRG_COM_IRQHandler                  0x0800011b   Thumb Code     0  startup_stm32f103xb.o(.text)
    TIM1_UP_IRQHandler                       0x0800011b   Thumb Code     0  startup_stm32f103xb.o(.text)
    TIM3_IRQHandler                          0x0800011b   Thumb Code     0  startup_stm32f103xb.o(.text)
    TIM4_IRQHandler                          0x0800011b   Thumb Code     0  startup_stm32f103xb.o(.text)
    USART1_IRQHandler                        0x0800011b   Thumb Code     0  startup_stm32f103xb.o(.text)
    USART2_IRQHandler                        0x0800011b   Thumb Code     0  startup_stm32f103xb.o(.text)
    USART3_IRQHandler                        0x0800011b   Thumb Code     0  startup_stm32f103xb.o(.text)
    USBWakeUp_IRQHandler                     0x0800011b   Thumb Code     0  startup_stm32f103xb.o(.text)
    USB_HP_CAN1_TX_IRQHandler                0x0800011b   Thumb Code     0  startup_stm32f103xb.o(.text)
    USB_LP_CAN1_RX0_IRQHandler               0x0800011b   Thumb Code     0  startup_stm32f103xb.o(.text)
    WWDG_IRQHandler                          0x0800011b   Thumb Code     0  startup_stm32f103xb.o(.text)
    __aeabi_llsr                             0x08000125   Thumb Code    32  llushr.o(.text)
    _ll_ushift_r                             0x08000125   Thumb Code     0  llushr.o(.text)
    __aeabi_memset                           0x08000145   Thumb Code    14  memseta.o(.text)
    __aeabi_memset4                          0x08000145   Thumb Code     0  memseta.o(.text)
    __aeabi_memset8                          0x08000145   Thumb Code     0  memseta.o(.text)
    __aeabi_memclr                           0x08000153   Thumb Code     4  memseta.o(.text)
    __aeabi_memclr4                          0x08000153   Thumb Code     0  memseta.o(.text)
    __aeabi_memclr8                          0x08000153   Thumb Code     0  memseta.o(.text)
    _memset$wrapper                          0x08000157   Thumb Code    18  memseta.o(.text)
    __aeabi_fadd                             0x08000169   Thumb Code   164  fadd.o(.text)
    __aeabi_fsub                             0x0800020d   Thumb Code     6  fadd.o(.text)
    __aeabi_frsub                            0x08000213   Thumb Code     6  fadd.o(.text)
    __aeabi_fmul                             0x08000219   Thumb Code   100  fmul.o(.text)
    __aeabi_fdiv                             0x0800027d   Thumb Code   124  fdiv.o(.text)
    __aeabi_ddiv                             0x080002f9   Thumb Code   222  ddiv.o(.text)
    __aeabi_i2f                              0x080003d7   Thumb Code    18  fflti.o(.text)
    __aeabi_f2iz                             0x080003e9   Thumb Code    50  ffixi.o(.text)
    __aeabi_f2d                              0x0800041b   Thumb Code    38  f2d.o(.text)
    __aeabi_d2f                              0x08000441   Thumb Code    56  d2f.o(.text)
    __aeabi_cfcmpeq                          0x08000479   Thumb Code     0  cfcmple.o(.text)
    __aeabi_cfcmple                          0x08000479   Thumb Code    20  cfcmple.o(.text)
    __aeabi_uidiv                            0x0800048d   Thumb Code     0  uidiv.o(.text)
    __aeabi_uidivmod                         0x0800048d   Thumb Code    44  uidiv.o(.text)
    __aeabi_uldivmod                         0x080004b9   Thumb Code    98  uldiv.o(.text)
    __I$use$fp                               0x0800051b   Thumb Code     0  iusefp.o(.text)
    _float_round                             0x0800051b   Thumb Code    18  fepilogue.o(.text)
    _float_epilogue                          0x0800052d   Thumb Code    92  fepilogue.o(.text)
    _frnd                                    0x08000589   Thumb Code    60  frnd.o(.text)
    _double_round                            0x080005c5   Thumb Code    30  depilogue.o(.text)
    _double_epilogue                         0x080005e3   Thumb Code   156  depilogue.o(.text)
    __aeabi_dadd                             0x0800067f   Thumb Code   322  dadd.o(.text)
    __aeabi_dsub                             0x080007c1   Thumb Code     6  dadd.o(.text)
    __aeabi_drsub                            0x080007c7   Thumb Code     6  dadd.o(.text)
    __aeabi_dmul                             0x080007cd   Thumb Code   228  dmul.o(.text)
    _dsqrt                                   0x080008b1   Thumb Code   162  dsqrt.o(.text)
    __aeabi_d2ulz                            0x08000953   Thumb Code    48  dfixul.o(.text)
    __aeabi_cdrcmple                         0x08000985   Thumb Code    48  cdrcmple.o(.text)
    __scatterload                            0x080009b5   Thumb Code    28  init.o(.text)
    __scatterload_rt2                        0x080009b5   Thumb Code     0  init.o(.text)
    __aeabi_llsl                             0x080009d9   Thumb Code    30  llshl.o(.text)
    _ll_shift_l                              0x080009d9   Thumb Code     0  llshl.o(.text)
    __aeabi_lasr                             0x080009f7   Thumb Code    36  llsshr.o(.text)
    _ll_sshift_r                             0x080009f7   Thumb Code     0  llsshr.o(.text)
    __ARM_scalbnf                            0x08000a1b   Thumb Code    24  fscalb.o(.text)
    scalbnf                                  0x08000a1b   Thumb Code     0  fscalb.o(.text)
    __ARM_scalbn                             0x08000a33   Thumb Code    46  dscalb.o(.text)
    scalbn                                   0x08000a33   Thumb Code     0  dscalb.o(.text)
    __aeabi_ui2f                             0x08000a61   Thumb Code    10  ffltui.o(.text)
    BusFault_Handler                         0x08000a6b   Thumb Code     4  stm32f1xx_it.o(i.BusFault_Handler)
    DebugMon_Handler                         0x08000a6f   Thumb Code     2  stm32f1xx_it.o(i.DebugMon_Handler)
    Error_Handler                            0x08000a71   Thumb Code     2  main.o(i.Error_Handler)
    HAL_Delay                                0x08000a75   Thumb Code    36  stm32f1xx_hal.o(i.HAL_Delay)
    HAL_GPIO_Init                            0x08000a9d   Thumb Code   766  stm32f1xx_hal_gpio.o(i.HAL_GPIO_Init)
    HAL_GPIO_WritePin                        0x08000dbd   Thumb Code    12  stm32f1xx_hal_gpio.o(i.HAL_GPIO_WritePin)
    HAL_GetTick                              0x08000dc9   Thumb Code     6  stm32f1xx_hal.o(i.HAL_GetTick)
    HAL_I2C_Init                             0x08000dd5   Thumb Code   446  stm32f1xx_hal_i2c.o(i.HAL_I2C_Init)
    HAL_I2C_Mem_Read                         0x08000fa5   Thumb Code   850  stm32f1xx_hal_i2c.o(i.HAL_I2C_Mem_Read)
    HAL_I2C_Mem_Write                        0x08001309   Thumb Code   348  stm32f1xx_hal_i2c.o(i.HAL_I2C_Mem_Write)
    HAL_I2C_MspInit                          0x0800146d   Thumb Code   190  i2c.o(i.HAL_I2C_MspInit)
    HAL_IncTick                              0x0800153d   Thumb Code    16  stm32f1xx_hal.o(i.HAL_IncTick)
    HAL_Init                                 0x08001555   Thumb Code    34  stm32f1xx_hal.o(i.HAL_Init)
    HAL_InitTick                             0x0800157d   Thumb Code    64  stm32f1xx_hal.o(i.HAL_InitTick)
    HAL_MspInit                              0x080015c9   Thumb Code    76  stm32f1xx_hal_msp.o(i.HAL_MspInit)
    HAL_NVIC_EnableIRQ                       0x0800161d   Thumb Code    32  stm32f1xx_hal_cortex.o(i.HAL_NVIC_EnableIRQ)
    HAL_NVIC_SetPriority                     0x0800163d   Thumb Code   124  stm32f1xx_hal_cortex.o(i.HAL_NVIC_SetPriority)
    HAL_NVIC_SetPriorityGrouping             0x080016b9   Thumb Code    32  stm32f1xx_hal_cortex.o(i.HAL_NVIC_SetPriorityGrouping)
    HAL_RCC_ClockConfig                      0x080016e1   Thumb Code   376  stm32f1xx_hal_rcc.o(i.HAL_RCC_ClockConfig)
    HAL_RCC_GetHCLKFreq                      0x0800186d   Thumb Code     6  stm32f1xx_hal_rcc.o(i.HAL_RCC_GetHCLKFreq)
    HAL_RCC_GetPCLK1Freq                     0x08001879   Thumb Code    22  stm32f1xx_hal_rcc.o(i.HAL_RCC_GetPCLK1Freq)
    HAL_RCC_GetPCLK2Freq                     0x08001899   Thumb Code    22  stm32f1xx_hal_rcc.o(i.HAL_RCC_GetPCLK2Freq)
    HAL_RCC_GetSysClockFreq                  0x080018b9   Thumb Code   116  stm32f1xx_hal_rcc.o(i.HAL_RCC_GetSysClockFreq)
    HAL_RCC_OscConfig                        0x0800194d   Thumb Code  1114  stm32f1xx_hal_rcc.o(i.HAL_RCC_OscConfig)
    HAL_SYSTICK_Config                       0x08001db1   Thumb Code    52  stm32f1xx_hal_cortex.o(i.HAL_SYSTICK_Config)
    HAL_TIMEx_BreakCallback                  0x08001de5   Thumb Code     2  stm32f1xx_hal_tim_ex.o(i.HAL_TIMEx_BreakCallback)
    HAL_TIMEx_CommutCallback                 0x08001de7   Thumb Code     2  stm32f1xx_hal_tim_ex.o(i.HAL_TIMEx_CommutCallback)
    HAL_TIMEx_MasterConfigSynchronization    0x08001de9   Thumb Code   118  stm32f1xx_hal_tim_ex.o(i.HAL_TIMEx_MasterConfigSynchronization)
    HAL_TIM_Base_Init                        0x08001e6d   Thumb Code   102  stm32f1xx_hal_tim.o(i.HAL_TIM_Base_Init)
    HAL_TIM_Base_MspInit                     0x08001ed5   Thumb Code    58  tim.o(i.HAL_TIM_Base_MspInit)
    HAL_TIM_Base_Start_IT                    0x08001f15   Thumb Code   106  stm32f1xx_hal_tim.o(i.HAL_TIM_Base_Start_IT)
    HAL_TIM_ConfigClockSource                0x08001f8d   Thumb Code   264  stm32f1xx_hal_tim.o(i.HAL_TIM_ConfigClockSource)
    HAL_TIM_IC_CaptureCallback               0x08002095   Thumb Code     2  stm32f1xx_hal_tim.o(i.HAL_TIM_IC_CaptureCallback)
    HAL_TIM_IRQHandler                       0x08002097   Thumb Code   406  stm32f1xx_hal_tim.o(i.HAL_TIM_IRQHandler)
    HAL_TIM_MspPostInit                      0x0800222d   Thumb Code   118  tim.o(i.HAL_TIM_MspPostInit)
    HAL_TIM_OC_DelayElapsedCallback          0x080022b5   Thumb Code     2  stm32f1xx_hal_tim.o(i.HAL_TIM_OC_DelayElapsedCallback)
    HAL_TIM_PWM_ConfigChannel                0x080022b7   Thumb Code   252  stm32f1xx_hal_tim.o(i.HAL_TIM_PWM_ConfigChannel)
    HAL_TIM_PWM_Init                         0x080023b3   Thumb Code   102  stm32f1xx_hal_tim.o(i.HAL_TIM_PWM_Init)
    HAL_TIM_PWM_MspInit                      0x08002419   Thumb Code    40  tim.o(i.HAL_TIM_PWM_MspInit)
    HAL_TIM_PWM_PulseFinishedCallback        0x08002449   Thumb Code     2  stm32f1xx_hal_tim.o(i.HAL_TIM_PWM_PulseFinishedCallback)
    HAL_TIM_PeriodElapsedCallback            0x0800244d   Thumb Code    72  port.o(i.HAL_TIM_PeriodElapsedCallback)
    HAL_TIM_TriggerCallback                  0x080024ad   Thumb Code     2  stm32f1xx_hal_tim.o(i.HAL_TIM_TriggerCallback)
    HAL_UART_Init                            0x080024af   Thumb Code   114  stm32f1xx_hal_uart.o(i.HAL_UART_Init)
    HAL_UART_MspInit                         0x08002521   Thumb Code   122  usart.o(i.HAL_UART_MspInit)
    HardFault_Handler                        0x080025a9   Thumb Code     4  stm32f1xx_it.o(i.HardFault_Handler)
    MX_GPIO_Init                             0x08002ab1   Thumb Code   132  gpio.o(i.MX_GPIO_Init)
    MX_I2C1_Init                             0x08002b3d   Thumb Code    48  i2c.o(i.MX_I2C1_Init)
    MX_I2C2_Init                             0x08002b79   Thumb Code    48  i2c.o(i.MX_I2C2_Init)
    MX_TIM2_Init                             0x08002bb5   Thumb Code   104  tim.o(i.MX_TIM2_Init)
    MX_TIM3_Init                             0x08002c21   Thumb Code   156  tim.o(i.MX_TIM3_Init)
    MX_USART1_UART_Init                      0x08002cc5   Thumb Code    46  usart.o(i.MX_USART1_UART_Init)
    MemManage_Handler                        0x08002cfd   Thumb Code     4  stm32f1xx_it.o(i.MemManage_Handler)
    NMI_Handler                              0x08002d01   Thumb Code     2  stm32f1xx_it.o(i.NMI_Handler)
    PendSV_Handler                           0x08002d03   Thumb Code     2  stm32f1xx_it.o(i.PendSV_Handler)
    SVC_Handler                              0x08002d2d   Thumb Code     2  stm32f1xx_it.o(i.SVC_Handler)
    SysTick_Handler                          0x08002d2f   Thumb Code     8  stm32f1xx_it.o(i.SysTick_Handler)
    SystemClock_Config                       0x08002d37   Thumb Code   102  main.o(i.SystemClock_Config)
    SystemInit                               0x08002d9d   Thumb Code     2  system_stm32f1xx.o(i.SystemInit)
    TIM2_IRQHandler                          0x08002da1   Thumb Code    10  stm32f1xx_it.o(i.TIM2_IRQHandler)
    TIM_Base_SetConfig                       0x08002db1   Thumb Code   104  stm32f1xx_hal_tim.o(i.TIM_Base_SetConfig)
    TIM_ETR_SetConfig                        0x08002e25   Thumb Code    22  stm32f1xx_hal_tim.o(i.TIM_ETR_SetConfig)
    TIM_OC2_SetConfig                        0x08002ead   Thumb Code   100  stm32f1xx_hal_tim.o(i.TIM_OC2_SetConfig)
    UsageFault_Handler                       0x08003111   Thumb Code     4  stm32f1xx_it.o(i.UsageFault_Handler)
    __0printf                                0x08003115   Thumb Code    22  printfa.o(i.__0printf)
    __1printf                                0x08003115   Thumb Code     0  printfa.o(i.__0printf)
    __2printf                                0x08003115   Thumb Code     0  printfa.o(i.__0printf)
    __c89printf                              0x08003115   Thumb Code     0  printfa.o(i.__0printf)
    printf                                   0x08003115   Thumb Code     0  printfa.o(i.__0printf)
    __ARM_fpclassify                         0x08003135   Thumb Code    40  fpclassify.o(i.__ARM_fpclassify)
    __ARM_fpclassifyf                        0x0800315d   Thumb Code    38  fpclassifyf.o(i.__ARM_fpclassifyf)
    __kernel_poly                            0x080031bd   Thumb Code   170  poly.o(i.__kernel_poly)
    __mathlib_dbl_infnan                     0x08003267   Thumb Code     6  dunder.o(i.__mathlib_dbl_infnan)
    __mathlib_dbl_infnan2                    0x0800326d   Thumb Code     4  dunder.o(i.__mathlib_dbl_infnan2)
    __mathlib_dbl_underflow                  0x08003271   Thumb Code    10  dunder.o(i.__mathlib_dbl_underflow)
    __mathlib_flt_infnan                     0x08003281   Thumb Code     6  funder.o(i.__mathlib_flt_infnan)
    __mathlib_flt_invalid                    0x08003287   Thumb Code     8  funder.o(i.__mathlib_flt_invalid)
    __mathlib_flt_underflow                  0x0800328f   Thumb Code    10  funder.o(i.__mathlib_flt_underflow)
    __mathlib_rredf2                         0x08003299   Thumb Code   344  rredf.o(i.__mathlib_rredf2)
    __scatterload_copy                       0x08003401   Thumb Code    14  handlers.o(i.__scatterload_copy)
    __scatterload_null                       0x0800340f   Thumb Code     2  handlers.o(i.__scatterload_null)
    __scatterload_zeroinit                   0x08003411   Thumb Code    14  handlers.o(i.__scatterload_zeroinit)
    __set_errno                              0x08003421   Thumb Code     6  errno.o(i.__set_errno)
    algorithm_pose                           0x08003cdf   Thumb Code    24  algorithm.o(i.algorithm_pose)
    algorithm_pose_acce_only                 0x08003cf9   Thumb Code   222  algorithm.o(i.algorithm_pose_acce_only)
    atan                                     0x08003df1   Thumb Code   474  atan.o(i.atan)
    atan2                                    0x08004011   Thumb Code   346  atan2.o(i.atan2)
    butterworth_filter                       0x08004191   Thumb Code   116  imu.o(i.butterworth_filter)
    calculate_butterworth_parameters         0x08004205   Thumb Code   268  imu.o(i.calculate_butterworth_parameters)
    cosf                                     0x0800431d   Thumb Code   328  cosf.o(i.cosf)
    delay_ms                                 0x08004499   Thumb Code    12  port.o(i.delay_ms)
    fputc                                    0x080044a5   Thumb Code    24  usart.o(i.fputc)
    i2c_mpu_multi_read                       0x080044c1   Thumb Code    44  port.o(i.i2c_mpu_multi_read)
    i2c_mpu_single_read                      0x080044f1   Thumb Code    44  port.o(i.i2c_mpu_single_read)
    i2c_mpu_single_write                     0x08004521   Thumb Code    48  port.o(i.i2c_mpu_single_write)
    main                                     0x08004555   Thumb Code    64  main.o(i.main)
    mpu_acc_filter                           0x080045b5   Thumb Code    96  imu.o(i.mpu_acc_filter)
    mpu_acce_calibrate                       0x08004619   Thumb Code    38  imu.o(i.mpu_acce_calibrate)
    mpu_acce_get_offset                      0x08004645   Thumb Code   134  imu.o(i.mpu_acce_get_offset)
    mpu_config                               0x0800473d   Thumb Code    54  imu.o(i.mpu_config)
    mpu_data_update                          0x08004775   Thumb Code   102  imu.o(i.mpu_data_update)
    mpu_gyro_calibrate                       0x0800480d   Thumb Code    38  imu.o(i.mpu_gyro_calibrate)
    mpu_gyro_get_offset                      0x08004839   Thumb Code   132  imu.o(i.mpu_gyro_get_offset)
    mpu_init                                 0x08004931   Thumb Code    38  imu.o(i.mpu_init)
    mpu_read_acce_raw                        0x08004965   Thumb Code    88  imu.o(i.mpu_read_acce_raw)
    mpu_read_gyro_raw                        0x080049bd   Thumb Code    88  imu.o(i.mpu_read_gyro_raw)
    mpu_test                                 0x08004a15   Thumb Code    28  imu.o(i.mpu_test)
    sqrt                                     0x08004a31   Thumb Code    76  sqrt.o(i.sqrt)
    tanf                                     0x08004a7d   Thumb Code   314  tanf.o(i.tanf)
    AHBPrescTable                            0x08004bf0   Data          16  system_stm32f1xx.o(.constdata)
    APBPrescTable                            0x08004c00   Data           8  system_stm32f1xx.o(.constdata)
    __mathlib_zero                           0x08004ca0   Data           8  qnan.o(.constdata)
    Region$$Table$$Base                      0x08004cc8   Number         0  anon$$obj.o(Region$$Table)
    Region$$Table$$Limit                     0x08004ce8   Number         0  anon$$obj.o(Region$$Table)
    __stdout                                 0x20000000   Data           4  usart.o(.data)
    uwTick                                   0x20000004   Data           4  stm32f1xx_hal.o(.data)
    uwTickPrio                               0x20000008   Data           4  stm32f1xx_hal.o(.data)
    uwTickFreq                               0x2000000c   Data           1  stm32f1xx_hal.o(.data)
    SystemCoreClock                          0x20000010   Data           4  system_stm32f1xx.o(.data)
    hi2c1                                    0x20000028   Data          84  i2c.o(.bss)
    hi2c2                                    0x2000007c   Data          84  i2c.o(.bss)
    htim2                                    0x200000d0   Data          72  tim.o(.bss)
    htim3                                    0x20000118   Data          72  tim.o(.bss)
    huart1                                   0x20000160   Data          68  usart.o(.bss)
    __initial_sp                             0x20000628   Data           0  startup_stm32f103xb.o(STACK)



==============================================================================

Memory Map of the image

  Image Entry point : 0x080000ed

  Load Region LR_IROM1 (Base: 0x08000000, Size: 0x00004d10, Max: 0x00010000, ABSOLUTE)

    Execution Region ER_IROM1 (Base: 0x08000000, Size: 0x00004ce8, Max: 0x00010000, ABSOLUTE)

    Base Addr    Size         Type   Attr      Idx    E Section Name        Object

    0x08000000   0x000000ec   Data   RO            3    RESET               startup_stm32f103xb.o
    0x080000ec   0x00000000   Code   RO         3651  * .ARM.Collect$$$$00000000  mc_w.l(entry.o)
    0x080000ec   0x00000004   Code   RO         3981    .ARM.Collect$$$$00000001  mc_w.l(entry2.o)
    0x080000f0   0x00000004   Code   RO         3984    .ARM.Collect$$$$00000004  mc_w.l(entry5.o)
    0x080000f4   0x00000000   Code   RO         3986    .ARM.Collect$$$$00000008  mc_w.l(entry7b.o)
    0x080000f4   0x00000000   Code   RO         3988    .ARM.Collect$$$$0000000A  mc_w.l(entry8b.o)
    0x080000f4   0x00000008   Code   RO         3989    .ARM.Collect$$$$0000000B  mc_w.l(entry9a.o)
    0x080000fc   0x00000000   Code   RO         3991    .ARM.Collect$$$$0000000D  mc_w.l(entry10a.o)
    0x080000fc   0x00000000   Code   RO         3993    .ARM.Collect$$$$0000000F  mc_w.l(entry11a.o)
    0x080000fc   0x00000004   Code   RO         3982    .ARM.Collect$$$$00002712  mc_w.l(entry2.o)
    0x08000100   0x00000024   Code   RO            4    .text               startup_stm32f103xb.o
    0x08000124   0x00000020   Code   RO         3654    .text               mc_w.l(llushr.o)
    0x08000144   0x00000024   Code   RO         3656    .text               mc_w.l(memseta.o)
    0x08000168   0x000000b0   Code   RO         3919    .text               mf_w.l(fadd.o)
    0x08000218   0x00000064   Code   RO         3921    .text               mf_w.l(fmul.o)
    0x0800027c   0x0000007c   Code   RO         3923    .text               mf_w.l(fdiv.o)
    0x080002f8   0x000000de   Code   RO         3925    .text               mf_w.l(ddiv.o)
    0x080003d6   0x00000012   Code   RO         3927    .text               mf_w.l(fflti.o)
    0x080003e8   0x00000032   Code   RO         3929    .text               mf_w.l(ffixi.o)
    0x0800041a   0x00000026   Code   RO         3931    .text               mf_w.l(f2d.o)
    0x08000440   0x00000038   Code   RO         3933    .text               mf_w.l(d2f.o)
    0x08000478   0x00000014   Code   RO         3935    .text               mf_w.l(cfcmple.o)
    0x0800048c   0x0000002c   Code   RO         3995    .text               mc_w.l(uidiv.o)
    0x080004b8   0x00000062   Code   RO         3997    .text               mc_w.l(uldiv.o)
    0x0800051a   0x00000000   Code   RO         4006    .text               mc_w.l(iusefp.o)
    0x0800051a   0x0000006e   Code   RO         4007    .text               mf_w.l(fepilogue.o)
    0x08000588   0x0000003c   Code   RO         4009    .text               mf_w.l(frnd.o)
    0x080005c4   0x000000ba   Code   RO         4011    .text               mf_w.l(depilogue.o)
    0x0800067e   0x0000014e   Code   RO         4013    .text               mf_w.l(dadd.o)
    0x080007cc   0x000000e4   Code   RO         4015    .text               mf_w.l(dmul.o)
    0x080008b0   0x000000a2   Code   RO         4017    .text               mf_w.l(dsqrt.o)
    0x08000952   0x00000030   Code   RO         4019    .text               mf_w.l(dfixul.o)
    0x08000982   0x00000002   PAD
    0x08000984   0x00000030   Code   RO         4023    .text               mf_w.l(cdrcmple.o)
    0x080009b4   0x00000024   Code   RO         4029    .text               mc_w.l(init.o)
    0x080009d8   0x0000001e   Code   RO         4031    .text               mc_w.l(llshl.o)
    0x080009f6   0x00000024   Code   RO         4033    .text               mc_w.l(llsshr.o)
    0x08000a1a   0x00000018   Code   RO         4035    .text               mf_w.l(fscalb.o)
    0x08000a32   0x0000002e   Code   RO         4037    .text               mf_w.l(dscalb.o)
    0x08000a60   0x0000000a   Code   RO         4039    .text               mf_w.l(ffltui.o)
    0x08000a6a   0x00000004   Code   RO          372    i.BusFault_Handler  stm32f1xx_it.o
    0x08000a6e   0x00000002   Code   RO          373    i.DebugMon_Handler  stm32f1xx_it.o
    0x08000a70   0x00000002   Code   RO           13    i.Error_Handler     main.o
    0x08000a72   0x00000002   PAD
    0x08000a74   0x00000028   Code   RO         2344    i.HAL_Delay         stm32f1xx_hal.o
    0x08000a9c   0x00000320   Code   RO         2657    i.HAL_GPIO_Init     stm32f1xx_hal_gpio.o
    0x08000dbc   0x0000000c   Code   RO         2661    i.HAL_GPIO_WritePin  stm32f1xx_hal_gpio.o
    0x08000dc8   0x0000000c   Code   RO         2348    i.HAL_GetTick       stm32f1xx_hal.o
    0x08000dd4   0x000001d0   Code   RO          525    i.HAL_I2C_Init      stm32f1xx_hal_i2c.o
    0x08000fa4   0x00000364   Code   RO          543    i.HAL_I2C_Mem_Read  stm32f1xx_hal_i2c.o
    0x08001308   0x00000164   Code   RO          546    i.HAL_I2C_Mem_Write  stm32f1xx_hal_i2c.o
    0x0800146c   0x000000d0   Code   RO          200    i.HAL_I2C_MspInit   i2c.o
    0x0800153c   0x00000018   Code   RO         2354    i.HAL_IncTick       stm32f1xx_hal.o
    0x08001554   0x00000028   Code   RO         2355    i.HAL_Init          stm32f1xx_hal.o
    0x0800157c   0x0000004c   Code   RO         2356    i.HAL_InitTick      stm32f1xx_hal.o
    0x080015c8   0x00000054   Code   RO          454    i.HAL_MspInit       stm32f1xx_hal_msp.o
    0x0800161c   0x00000020   Code   RO         2817    i.HAL_NVIC_EnableIRQ  stm32f1xx_hal_cortex.o
    0x0800163c   0x0000007c   Code   RO         2823    i.HAL_NVIC_SetPriority  stm32f1xx_hal_cortex.o
    0x080016b8   0x00000028   Code   RO         2824    i.HAL_NVIC_SetPriorityGrouping  stm32f1xx_hal_cortex.o
    0x080016e0   0x0000018c   Code   RO         2512    i.HAL_RCC_ClockConfig  stm32f1xx_hal_rcc.o
    0x0800186c   0x0000000c   Code   RO         2517    i.HAL_RCC_GetHCLKFreq  stm32f1xx_hal_rcc.o
    0x08001878   0x00000020   Code   RO         2519    i.HAL_RCC_GetPCLK1Freq  stm32f1xx_hal_rcc.o
    0x08001898   0x00000020   Code   RO         2520    i.HAL_RCC_GetPCLK2Freq  stm32f1xx_hal_rcc.o
    0x080018b8   0x00000094   Code   RO         2521    i.HAL_RCC_GetSysClockFreq  stm32f1xx_hal_rcc.o
    0x0800194c   0x00000464   Code   RO         2524    i.HAL_RCC_OscConfig  stm32f1xx_hal_rcc.o
    0x08001db0   0x00000034   Code   RO         2828    i.HAL_SYSTICK_Config  stm32f1xx_hal_cortex.o
    0x08001de4   0x00000002   Code   RO         1703    i.HAL_TIMEx_BreakCallback  stm32f1xx_hal_tim_ex.o
    0x08001de6   0x00000002   Code   RO         1704    i.HAL_TIMEx_CommutCallback  stm32f1xx_hal_tim_ex.o
    0x08001de8   0x00000084   Code   RO         1722    i.HAL_TIMEx_MasterConfigSynchronization  stm32f1xx_hal_tim_ex.o
    0x08001e6c   0x00000066   Code   RO          988    i.HAL_TIM_Base_Init  stm32f1xx_hal_tim.o
    0x08001ed2   0x00000002   PAD
    0x08001ed4   0x00000040   Code   RO          248    i.HAL_TIM_Base_MspInit  tim.o
    0x08001f14   0x00000078   Code   RO          993    i.HAL_TIM_Base_Start_IT  stm32f1xx_hal_tim.o
    0x08001f8c   0x00000108   Code   RO          997    i.HAL_TIM_ConfigClockSource  stm32f1xx_hal_tim.o
    0x08002094   0x00000002   Code   RO         1022    i.HAL_TIM_IC_CaptureCallback  stm32f1xx_hal_tim.o
    0x08002096   0x00000196   Code   RO         1036    i.HAL_TIM_IRQHandler  stm32f1xx_hal_tim.o
    0x0800222c   0x00000088   Code   RO          249    i.HAL_TIM_MspPostInit  tim.o
    0x080022b4   0x00000002   Code   RO         1039    i.HAL_TIM_OC_DelayElapsedCallback  stm32f1xx_hal_tim.o
    0x080022b6   0x000000fc   Code   RO         1060    i.HAL_TIM_PWM_ConfigChannel  stm32f1xx_hal_tim.o
    0x080023b2   0x00000066   Code   RO         1063    i.HAL_TIM_PWM_Init  stm32f1xx_hal_tim.o
    0x08002418   0x00000030   Code   RO          251    i.HAL_TIM_PWM_MspInit  tim.o
    0x08002448   0x00000002   Code   RO         1066    i.HAL_TIM_PWM_PulseFinishedCallback  stm32f1xx_hal_tim.o
    0x0800244a   0x00000002   PAD
    0x0800244c   0x00000060   Code   RO         3521    i.HAL_TIM_PeriodElapsedCallback  port.o
    0x080024ac   0x00000002   Code   RO         1079    i.HAL_TIM_TriggerCallback  stm32f1xx_hal_tim.o
    0x080024ae   0x00000072   Code   RO         1999    i.HAL_UART_Init     stm32f1xx_hal_uart.o
    0x08002520   0x00000088   Code   RO          314    i.HAL_UART_MspInit  usart.o
    0x080025a8   0x00000004   Code   RO          374    i.HardFault_Handler  stm32f1xx_it.o
    0x080025ac   0x0000003e   Code   RO          568    i.I2C_IsAcknowledgeFailed  stm32f1xx_hal_i2c.o
    0x080025ea   0x00000002   PAD
    0x080025ec   0x00000160   Code   RO          579    i.I2C_RequestMemoryRead  stm32f1xx_hal_i2c.o
    0x0800274c   0x000000e0   Code   RO          580    i.I2C_RequestMemoryWrite  stm32f1xx_hal_i2c.o
    0x0800282c   0x0000005c   Code   RO          588    i.I2C_WaitOnBTFFlagUntilTimeout  stm32f1xx_hal_i2c.o
    0x08002888   0x00000086   Code   RO          589    i.I2C_WaitOnFlagUntilTimeout  stm32f1xx_hal_i2c.o
    0x0800290e   0x000000c4   Code   RO          590    i.I2C_WaitOnMasterAddressFlagUntilTimeout  stm32f1xx_hal_i2c.o
    0x080029d2   0x00000080   Code   RO          591    i.I2C_WaitOnRXNEFlagUntilTimeout  stm32f1xx_hal_i2c.o
    0x08002a52   0x0000005c   Code   RO          594    i.I2C_WaitOnTXEFlagUntilTimeout  stm32f1xx_hal_i2c.o
    0x08002aae   0x00000002   PAD
    0x08002ab0   0x0000008c   Code   RO          175    i.MX_GPIO_Init      gpio.o
    0x08002b3c   0x0000003c   Code   RO          201    i.MX_I2C1_Init      i2c.o
    0x08002b78   0x0000003c   Code   RO          202    i.MX_I2C2_Init      i2c.o
    0x08002bb4   0x0000006c   Code   RO          252    i.MX_TIM2_Init      tim.o
    0x08002c20   0x000000a4   Code   RO          253    i.MX_TIM3_Init      tim.o
    0x08002cc4   0x00000038   Code   RO          315    i.MX_USART1_UART_Init  usart.o
    0x08002cfc   0x00000004   Code   RO          375    i.MemManage_Handler  stm32f1xx_it.o
    0x08002d00   0x00000002   Code   RO          376    i.NMI_Handler       stm32f1xx_it.o
    0x08002d02   0x00000002   Code   RO          377    i.PendSV_Handler    stm32f1xx_it.o
    0x08002d04   0x00000028   Code   RO         2525    i.RCC_Delay         stm32f1xx_hal_rcc.o
    0x08002d2c   0x00000002   Code   RO          378    i.SVC_Handler       stm32f1xx_it.o
    0x08002d2e   0x00000008   Code   RO          379    i.SysTick_Handler   stm32f1xx_it.o
    0x08002d36   0x00000066   Code   RO           14    i.SystemClock_Config  main.o
    0x08002d9c   0x00000002   Code   RO         3344    i.SystemInit        system_stm32f1xx.o
    0x08002d9e   0x00000002   PAD
    0x08002da0   0x00000010   Code   RO          380    i.TIM2_IRQHandler   stm32f1xx_it.o
    0x08002db0   0x00000074   Code   RO         1081    i.TIM_Base_SetConfig  stm32f1xx_hal_tim.o
    0x08002e24   0x00000016   Code   RO         1092    i.TIM_ETR_SetConfig  stm32f1xx_hal_tim.o
    0x08002e3a   0x00000012   Code   RO         1093    i.TIM_ITRx_SetConfig  stm32f1xx_hal_tim.o
    0x08002e4c   0x00000060   Code   RO         1094    i.TIM_OC1_SetConfig  stm32f1xx_hal_tim.o
    0x08002eac   0x00000068   Code   RO         1095    i.TIM_OC2_SetConfig  stm32f1xx_hal_tim.o
    0x08002f14   0x00000068   Code   RO         1096    i.TIM_OC3_SetConfig  stm32f1xx_hal_tim.o
    0x08002f7c   0x00000048   Code   RO         1097    i.TIM_OC4_SetConfig  stm32f1xx_hal_tim.o
    0x08002fc4   0x00000026   Code   RO         1099    i.TIM_TI1_ConfigInputStage  stm32f1xx_hal_tim.o
    0x08002fea   0x00000028   Code   RO         1101    i.TIM_TI2_ConfigInputStage  stm32f1xx_hal_tim.o
    0x08003012   0x00000002   PAD
    0x08003014   0x000000fc   Code   RO         2026    i.UART_SetConfig    stm32f1xx_hal_uart.o
    0x08003110   0x00000004   Code   RO          381    i.UsageFault_Handler  stm32f1xx_it.o
    0x08003114   0x00000020   Code   RO         3891    i.__0printf         mc_w.l(printfa.o)
    0x08003134   0x00000028   Code   RO         4025    i.__ARM_fpclassify  m_ws.l(fpclassify.o)
    0x0800315c   0x00000026   Code   RO         3961    i.__ARM_fpclassifyf  m_ws.l(fpclassifyf.o)
    0x08003182   0x00000002   PAD
    0x08003184   0x00000010   Code   RO         2830    i.__NVIC_GetPriorityGrouping  stm32f1xx_hal_cortex.o
    0x08003194   0x00000028   Code   RO         2831    i.__NVIC_SetPriority  stm32f1xx_hal_cortex.o
    0x080031bc   0x000000aa   Code   RO         4027    i.__kernel_poly     m_ws.l(poly.o)
    0x08003266   0x00000006   Code   RO         3948    i.__mathlib_dbl_infnan  m_ws.l(dunder.o)
    0x0800326c   0x00000004   Code   RO         3949    i.__mathlib_dbl_infnan2  m_ws.l(dunder.o)
    0x08003270   0x00000010   Code   RO         3953    i.__mathlib_dbl_underflow  m_ws.l(dunder.o)
    0x08003280   0x00000006   Code   RO         3964    i.__mathlib_flt_infnan  m_ws.l(funder.o)
    0x08003286   0x00000008   Code   RO         3966    i.__mathlib_flt_invalid  m_ws.l(funder.o)
    0x0800328e   0x0000000a   Code   RO         3969    i.__mathlib_flt_underflow  m_ws.l(funder.o)
    0x08003298   0x00000168   Code   RO         3978    i.__mathlib_rredf2  m_ws.l(rredf.o)
    0x08003400   0x0000000e   Code   RO         4043    i.__scatterload_copy  mc_w.l(handlers.o)
    0x0800340e   0x00000002   Code   RO         4044    i.__scatterload_null  mc_w.l(handlers.o)
    0x08003410   0x0000000e   Code   RO         4045    i.__scatterload_zeroinit  mc_w.l(handlers.o)
    0x0800341e   0x00000002   PAD
    0x08003420   0x0000000c   Code   RO         4001    i.__set_errno       mc_w.l(errno.o)
    0x0800342c   0x00000184   Code   RO         3898    i._fp_digits        mc_w.l(printfa.o)
    0x080035b0   0x000006dc   Code   RO         3899    i._printf_core      mc_w.l(printfa.o)
    0x08003c8c   0x00000024   Code   RO         3900    i._printf_post_padding  mc_w.l(printfa.o)
    0x08003cb0   0x0000002e   Code   RO         3901    i._printf_pre_padding  mc_w.l(printfa.o)
    0x08003cde   0x00000018   Code   RO         3592    i.algorithm_pose    algorithm.o
    0x08003cf6   0x00000002   PAD
    0x08003cf8   0x000000f8   Code   RO         3593    i.algorithm_pose_acce_only  algorithm.o
    0x08003df0   0x00000220   Code   RO         3938    i.atan              m_ws.l(atan.o)
    0x08004010   0x00000180   Code   RO         3620    i.atan2             m_ws.l(atan2.o)
    0x08004190   0x00000074   Code   RO         3417    i.butterworth_filter  imu.o
    0x08004204   0x00000118   Code   RO         3418    i.calculate_butterworth_parameters  imu.o
    0x0800431c   0x0000017c   Code   RO         3628    i.cosf              m_ws.l(cosf.o)
    0x08004498   0x0000000c   Code   RO         3522    i.delay_ms          port.o
    0x080044a4   0x0000001c   Code   RO          317    i.fputc             usart.o
    0x080044c0   0x00000030   Code   RO         3526    i.i2c_mpu_multi_read  port.o
    0x080044f0   0x00000030   Code   RO         3527    i.i2c_mpu_single_read  port.o
    0x08004520   0x00000034   Code   RO         3528    i.i2c_mpu_single_write  port.o
    0x08004554   0x00000060   Code   RO           15    i.main              main.o
    0x080045b4   0x00000064   Code   RO         3419    i.mpu_acc_filter    imu.o
    0x08004618   0x0000002c   Code   RO         3420    i.mpu_acce_calibrate  imu.o
    0x08004644   0x000000f8   Code   RO         3421    i.mpu_acce_get_offset  imu.o
    0x0800473c   0x00000036   Code   RO         3422    i.mpu_config        imu.o
    0x08004772   0x00000002   PAD
    0x08004774   0x00000098   Code   RO         3423    i.mpu_data_update   imu.o
    0x0800480c   0x0000002c   Code   RO         3424    i.mpu_gyro_calibrate  imu.o
    0x08004838   0x000000f8   Code   RO         3425    i.mpu_gyro_get_offset  imu.o
    0x08004930   0x00000034   Code   RO         3426    i.mpu_init          imu.o
    0x08004964   0x00000058   Code   RO         3427    i.mpu_read_acce_raw  imu.o
    0x080049bc   0x00000058   Code   RO         3428    i.mpu_read_gyro_raw  imu.o
    0x08004a14   0x0000001c   Code   RO         3430    i.mpu_test          imu.o
    0x08004a30   0x0000004c   Code   RO         3636    i.sqrt              m_ws.l(sqrt.o)
    0x08004a7c   0x00000174   Code   RO         3644    i.tanf              m_ws.l(tanf.o)
    0x08004bf0   0x00000018   Data   RO         3345    .constdata          system_stm32f1xx.o
    0x08004c08   0x00000098   Data   RO         3939    .constdata          m_ws.l(atan.o)
    0x08004ca0   0x00000008   Data   RO         3977    .constdata          m_ws.l(qnan.o)
    0x08004ca8   0x00000020   Data   RO         3979    .constdata          m_ws.l(rredf.o)
    0x08004cc8   0x00000020   Data   RO         4041    Region$$Table       anon$$obj.o


    Execution Region RW_IRAM1 (Base: 0x20000000, Size: 0x00000628, Max: 0x00005000, ABSOLUTE)

    Base Addr    Size         Type   Attr      Idx    E Section Name        Object

    0x20000000   0x00000004   Data   RW          319    .data               usart.o
    0x20000004   0x00000009   Data   RW         2362    .data               stm32f1xx_hal.o
    0x2000000d   0x00000003   PAD
    0x20000010   0x00000004   Data   RW         3346    .data               system_stm32f1xx.o
    0x20000014   0x0000000e   Data   RW         3530    .data               port.o
    0x20000022   0x00000002   PAD
    0x20000024   0x00000004   Data   RW         4002    .data               mc_w.l(errno.o)
    0x20000028   0x000000a8   Zero   RW          203    .bss                i2c.o
    0x200000d0   0x00000090   Zero   RW          254    .bss                tim.o
    0x20000160   0x00000044   Zero   RW          318    .bss                usart.o
    0x200001a4   0x00000078   Zero   RW         3431    .bss                imu.o
    0x2000021c   0x0000000c   Zero   RW         3529    .bss                port.o
    0x20000228   0x00000400   Zero   RW            1    STACK               startup_stm32f103xb.o


==============================================================================

Image component sizes


      Code (inc. data)   RO Data    RW Data    ZI Data      Debug   Object Name

       272         26          0          0          0       1576   algorithm.o
         0          0          0          0          0       2072   control.o
       140          8          0          0          0        827   gpio.o
       328         42          0          0        168       2034   i2c.o
      1542        322          0          0        120       7736   imu.o
       200         32          0          0          0     434236   main.o
       256         36          0         14         12       3813   port.o
        36          8        236          0       1024        780   startup_stm32f103xb.o
       192         36          0          9          0       5693   stm32f1xx_hal.o
       304         22          0          0          0      29247   stm32f1xx_hal_cortex.o
       812         34          0          0          0       2604   stm32f1xx_hal_gpio.o
      2968         52          0          0          0      11122   stm32f1xx_hal_i2c.o
        84          8          0          0          0        818   stm32f1xx_hal_msp.o
      1784        110          0          0          0       5824   stm32f1xx_hal_rcc.o
      1864         46          0          0          0      13018   stm32f1xx_hal_tim.o
       136         14          0          0          0       2301   stm32f1xx_hal_tim_ex.o
       366          4          0          0          0       1656   stm32f1xx_hal_uart.o
        48          6          0          0          0       4032   stm32f1xx_it.o
         2          0         24          4          0       1027   system_stm32f1xx.o
       520         44          0          0        144       3275   tim.o
       220         28          0          4         68       3262   usart.o

    ----------------------------------------------------------------------
     12092        878        292         36       1536     536953   Object Totals
         0          0         32          0          0          0   (incl. Generated)
        18          0          0          5          0          0   (incl. Padding)

    ----------------------------------------------------------------------

      Code (inc. data)   RO Data    RW Data    ZI Data      Debug   Library Member Name

       544         70        152          0          0        124   atan.o
       384         38          0          0          0        144   atan2.o
       380         52          0          0          0        124   cosf.o
        26          6          0          0          0        204   dunder.o
        40          0          0          0          0         68   fpclassify.o
        38          0          0          0          0         68   fpclassifyf.o
        24          0          0          0          0        204   funder.o
       170          0          0          0          0         96   poly.o
         0          0          8          0          0          0   qnan.o
       360         16         32          0          0         88   rredf.o
        76          0          0          0          0         84   sqrt.o
       372         58          0          0          0        124   tanf.o
         0          0          0          0          0          0   entry.o
         0          0          0          0          0          0   entry10a.o
         0          0          0          0          0          0   entry11a.o
         8          4          0          0          0          0   entry2.o
         4          0          0          0          0          0   entry5.o
         0          0          0          0          0          0   entry7b.o
         0          0          0          0          0          0   entry8b.o
         8          4          0          0          0          0   entry9a.o
        12          6          0          4          0         68   errno.o
        30          0          0          0          0          0   handlers.o
        36          8          0          0          0         68   init.o
         0          0          0          0          0          0   iusefp.o
        30          0          0          0          0         68   llshl.o
        36          0          0          0          0         68   llsshr.o
        32          0          0          0          0         68   llushr.o
        36          0          0          0          0        108   memseta.o
      2258         90          0          0          0        452   printfa.o
        44          0          0          0          0         80   uidiv.o
        98          0          0          0          0         92   uldiv.o
        48          0          0          0          0         68   cdrcmple.o
        20          0          0          0          0         68   cfcmple.o
        56          0          0          0          0         88   d2f.o
       334          0          0          0          0        148   dadd.o
       222          0          0          0          0        100   ddiv.o
       186          0          0          0          0        176   depilogue.o
        48          0          0          0          0         68   dfixul.o
       228          0          0          0          0         96   dmul.o
        46          0          0          0          0         80   dscalb.o
       162          0          0          0          0        100   dsqrt.o
        38          0          0          0          0         68   f2d.o
       176          0          0          0          0        140   fadd.o
       124          0          0          0          0         88   fdiv.o
       110          0          0          0          0        168   fepilogue.o
        50          0          0          0          0         68   ffixi.o
        18          0          0          0          0         68   fflti.o
        10          0          0          0          0         68   ffltui.o
       100          0          0          0          0         76   fmul.o
        60          0          0          0          0         76   frnd.o
        24          0          0          0          0         68   fscalb.o

    ----------------------------------------------------------------------
      7112        352        192          4          0       4280   Library Totals
         6          0          0          0          0          0   (incl. Padding)

    ----------------------------------------------------------------------

      Code (inc. data)   RO Data    RW Data    ZI Data      Debug   Library Name

      2414        240        192          0          0       1328   m_ws.l
      2632        112          0          4          0       1072   mc_w.l
      2060          0          0          0          0       1880   mf_w.l

    ----------------------------------------------------------------------
      7112        352        192          4          0       4280   Library Totals

    ----------------------------------------------------------------------

==============================================================================


      Code (inc. data)   RO Data    RW Data    ZI Data      Debug   

     19204       1230        484         40       1536     533949   Grand Totals
     19204       1230        484         40       1536     533949   ELF Image Totals
     19204       1230        484         40          0          0   ROM Totals

==============================================================================

    Total RO  Size (Code + RO Data)                19688 (  19.23kB)
    Total RW  Size (RW Data + ZI Data)              1576 (   1.54kB)
    Total ROM Size (Code + RO Data + RW Data)      19728 (  19.27kB)

==============================================================================

