<html>
<body>
<pre>
<h1>µVision Build Log</h1>
<h2>Tool Versions:</h2>
IDE-Version: ¦ÌVision V5.21.1.0
Copyright (C) 2016 ARM Ltd and ARM Germany GmbH. All rights reserved.
License Information: ZHI Mianzhi, MIAN, LIC=IK1BF-6JKRX-8T23P-MXIYA-PP11E-0PZHY
 
Tool Versions:
Toolchain:       MDK-ARM Plus  Version: 5.21a
Toolchain Path:  D:\Keil_v5\ARM\ARMCC\Bin
C Compiler:      Armcc.exe V5.06 update 3 (build 300)
Assembler:       Armasm.exe V5.06 update 3 (build 300)
Linker/Locator:  ArmLink.exe V5.06 update 3 (build 300)
Library Manager: ArmAr.exe V5.06 update 3 (build 300)
Hex Converter:   FromElf.exe V5.06 update 3 (build 300)
CPU DLL:         SARMCM3.DLL V5.21a
Dialog DLL:      DCM.DLL V1.13.8.0
Target DLL:      CMSIS_AGDI.dll V1.26.5.0
Dialog DLL:      TCM.DLL V1.14.14.0
 
<h2>Project:</h2>
D:\XiaoMaAirFly\XiaoMaAirFly\code\flytest\MDK-ARM\flytest.uvprojx
Project File Date:  05/15/2023

<h2>Output:</h2>
*** Using Compiler 'V5.06 update 3 (build 300)', folder: 'D:\Keil_v5\ARM\ARMCC\Bin'
Rebuild target 'flytest'
assembling startup_stm32f103xb.s...
compiling usart.c...
compiling tim.c...
compiling stm32f1xx_it.c...
compiling stm32f1xx_hal_msp.c...
compiling gpio.c...
compiling i2c.c...
compiling main.c...
..\Flight\motor.h(13): warning:  #1-D: last line of file ends without a newline
  #endif
..\Flight\control.h(9): warning:  #1295-D: Deprecated declaration fight_init - give arg types
  void fight_init();
../Src/main.c: 2 warnings, 0 errors
compiling stm32f1xx_hal_gpio_ex.c...
compiling stm32f1xx_hal.c...
compiling stm32f1xx_hal_rcc.c...
compiling stm32f1xx_hal_uart.c...
compiling stm32f1xx_hal_tim_ex.c...
compiling stm32f1xx_hal_i2c.c...
compiling stm32f1xx_hal_tim.c...
compiling stm32f1xx_hal_rcc_ex.c...
compiling stm32f1xx_hal_gpio.c...
compiling stm32f1xx_hal_flash_ex.c...
compiling stm32f1xx_hal_pwr.c...
compiling stm32f1xx_hal_dma.c...
compiling stm32f1xx_hal_flash.c...
compiling stm32f1xx_hal_cortex.c...
compiling system_stm32f1xx.c...
compiling stm32f1xx_hal_exti.c...
compiling viewer.c...
..\Flight\viewer.c(316): warning:  #177-D: variable "col" was declared but never referenced
  	uint8_t page , col;
..\Flight\viewer.c: 1 warning, 0 errors
compiling port.c...
compiling control.c...
..\Flight\motor.h(13): warning:  #1-D: last line of file ends without a newline
  #endif
..\Flight\control.h(9): warning:  #1295-D: Deprecated declaration fight_init - give arg types
  void fight_init();
..\Flight\control.c: 2 warnings, 0 errors
compiling imu.c...
compiling algorithm.c...
..\Flight\algorithm.c(70): warning:  #550-D: variable "a_T_2" was set but never used
  	static vector3f_t a_T_2 , a_T;
..\Flight\algorithm.c(70): warning:  #550-D: variable "a_T" was set but never used
  	static vector3f_t a_T_2 , a_T;
..\Flight\algorithm.c: 2 warnings, 0 errors
compiling motor.c...
..\Flight\motor.h(13): warning:  #1-D: last line of file ends without a newline
  #endif
..\Flight\motor.c(52): warning:  #1-D: last line of file ends without a newline
  }
..\Flight\motor.c: 2 warnings, 0 errors
linking...
Program Size: Code=24008 RO-data=876 RW-data=60 ZI-data=1580  
FromELF: creating hex file...
"flytest\flytest.axf" - 0 Error(s), 9 Warning(s).

<h2>Software Packages used:</h2>

Package Vendor: ARM
                http://www.keil.com/pack/ARM.CMSIS.4.5.0.pack
                ARM::CMSIS:CORE:4.3.0
                CMSIS (Cortex Microcontroller Software Interface Standard)
   * Component: CORE Version: 4.3.0

<h2>Collection of Component include folders:</h2>
  D:\XiaoMaAirFly\XiaoMaAirFly\code\flytest\MDK-ARM\RTE
  D:\Keil_v5\ARM\PACK\ARM\CMSIS\4.5.0\CMSIS\Include
  D:\Keil_v5\ARM\PACK\Keil\STM32F1xx_DFP\2.2.0\Device\Include

<h2>Collection of Component Files used:</h2>

   * Component: ARM::CMSIS:CORE:4.3.0
Build Time Elapsed:  00:00:19
</pre>
</body>
</html>
